profile:
  duration_seconds: 8.200
  scenario: main
  stimuli: enabled
  aggregate_scope: scenario plus profiling stimuli
  process_calls: 6
  dbus_calls: 17
jobs:
  Cpu:Cpu:CpuSources { temperature: Some("/sys/class/hwmon/hwmon10/temp1_input"), frequency: Some("/sys/devices/system/cpu/cpu0/cpufreq/scaling_cur_freq"), turbo: Some("/sys/devices/system/cpu/cpufreq/boost") }: attempts=6 captured=5 baseline=1 absent=0 failed=0 rejected=0 cancelled=0 in_flight=0 queue=p50=0.121ms p95=0.160ms p99=0.160ms run=p50=0.152ms p95=0.201ms p99=0.201ms
  Cpu:CpuHistory:Singleton: attempts=5 captured=5 baseline=0 absent=0 failed=0 rejected=0 cancelled=0 in_flight=0 queue=p50=0.106ms p95=0.121ms p99=0.121ms run=p50=0.033ms p95=0.043ms p99=0.043ms
  Discovery:HardwareDiscovery:Inventory(Backlight): attempts=3 captured=3 baseline=0 absent=0 failed=0 rejected=0 cancelled=0 in_flight=0 queue=p50=0.027ms p95=0.112ms p99=0.112ms run=p50=0.008ms p95=0.011ms p99=0.011ms
  Discovery:HardwareDiscovery:Inventory(Cpu): attempts=4 captured=3 baseline=0 absent=0 failed=0 rejected=0 cancelled=1 in_flight=0 queue=p50=5.126ms p95=5.398ms p99=5.398ms run=p50=0.241ms p95=0.250ms p99=0.250ms
  Discovery:HardwareDiscovery:Inventory(DiskIo): attempts=7 captured=0 baseline=0 absent=0 failed=7 rejected=0 cancelled=0 in_flight=0 queue=p50=0.087ms p95=0.110ms p99=0.110ms run=p50=0.247ms p95=0.250ms p99=0.250ms
  Discovery:HardwareDiscovery:Inventory(Intel): attempts=3 captured=3 baseline=0 absent=0 failed=0 rejected=0 cancelled=0 in_flight=0 queue=p50=0.027ms p95=0.039ms p99=0.039ms run=p50=0.020ms p95=0.025ms p99=0.025ms
  Discovery:HardwareDiscovery:Inventory(Network): attempts=3 captured=3 baseline=0 absent=0 failed=0 rejected=0 cancelled=0 in_flight=0 queue=p50=0.024ms p95=23.592ms p99=23.592ms run=p50=0.960ms p95=1.377ms p99=1.377ms
  Discovery:HardwareDiscovery:Inventory(Nvidia): attempts=3 captured=3 baseline=0 absent=0 failed=0 rejected=0 cancelled=0 in_flight=0 queue=p50=0.034ms p95=0.075ms p99=0.075ms run=p50=0.155ms p95=0.245ms p99=0.245ms
  Discovery:HardwareDiscovery:Inventory(Peripheral): attempts=3 captured=3 baseline=0 absent=0 failed=0 rejected=0 cancelled=0 in_flight=0 queue=p50=0.034ms p95=4.863ms p99=4.863ms run=p50=0.206ms p95=0.298ms p99=0.298ms
  Discovery:HardwareDiscovery:Inventory(Smart): attempts=3 captured=3 baseline=0 absent=0 failed=0 rejected=0 cancelled=0 in_flight=0 queue=p50=0.025ms p95=0.030ms p99=0.030ms run=p50=1.686ms p95=1.814ms p99=1.814ms
  Discovery:HardwareDiscovery:Inventory(SystemBattery): attempts=4 captured=4 baseline=0 absent=0 failed=0 rejected=0 cancelled=0 in_flight=0 queue=p50=0.025ms p95=0.026ms p99=0.026ms run=p50=0.229ms p95=0.401ms p99=0.401ms
  Discovery:HardwareDiscovery:Inventory(Thermal): attempts=3 captured=3 baseline=0 absent=0 failed=0 rejected=0 cancelled=0 in_flight=0 queue=p50=0.047ms p95=0.066ms p99=0.066ms run=p50=0.222ms p95=0.226ms p99=0.226ms
  Discovery:MountInventory:Singleton: attempts=8 captured=8 baseline=0 absent=0 failed=0 rejected=0 cancelled=0 in_flight=0 queue=p50=0.115ms p95=0.161ms p99=0.161ms run=p50=0.216ms p95=0.405ms p99=0.405ms
  Disk:DiskTemperature:NamedPath { name: "nvme0n1", path: "/sys/class/hwmon/hwmon6/temp1_input" }: attempts=1 captured=1 baseline=0 absent=0 failed=0 rejected=0 cancelled=0 in_flight=0 queue=p50=0.026ms p95=0.026ms p99=0.026ms run=p50=5.054ms p95=5.054ms p99=5.054ms
  Disk:DiskTemperature:NamedPath { name: "nvme1n1", path: "/sys/class/hwmon/hwmon5/temp1_input" }: attempts=2 captured=1 baseline=0 absent=0 failed=0 rejected=0 cancelled=1 in_flight=0 queue=p50=0.050ms p95=0.050ms p99=0.050ms run=p50=0.329ms p95=0.329ms p99=0.329ms
  Disk:DiskUsage:Mount("/"): attempts=5 captured=5 baseline=0 absent=0 failed=0 rejected=0 cancelled=0 in_flight=0 queue=p50=0.535ms p95=1.696ms p99=1.696ms run=p50=0.017ms p95=0.019ms p99=0.019ms
  Disk:DiskUsage:Mount("/run/media/bogdan/S_04"): attempts=5 captured=5 baseline=0 absent=0 failed=0 rejected=0 cancelled=0 in_flight=0 queue=p50=0.038ms p95=0.126ms p99=0.126ms run=p50=0.021ms p95=0.022ms p99=0.022ms
  Disk:DiskUsage:Mount("/run/media/bogdan/T_01"): attempts=5 captured=5 baseline=0 absent=0 failed=0 rejected=0 cancelled=0 in_flight=0 queue=p50=0.039ms p95=8.997ms p99=8.997ms run=p50=0.014ms p95=0.042ms p99=0.042ms
  Disk:Smart:SmartDrive { label: "nvme0n1", object_path: "/org/freedesktop/UDisks2/drives/KINGSTON_SKC2500M82000G_50026B7684E30425" }: attempts=1 captured=1 baseline=0 absent=0 failed=0 rejected=0 cancelled=0 in_flight=0 queue=p50=0.064ms p95=0.064ms p99=0.064ms run=p50=23.608ms p95=23.608ms p99=23.608ms
  Disk:Smart:SmartDrive { label: "nvme1n1", object_path: "/org/freedesktop/UDisks2/drives/Samsung_SSD_990_PRO_4TB_S7DPNF0Y500836E" }: attempts=1 captured=1 baseline=0 absent=0 failed=0 rejected=0 cancelled=0 in_flight=0 queue=p50=1.245ms p95=1.245ms p99=1.245ms run=p50=4.926ms p95=4.926ms p99=4.926ms
  External:Brightness:Singleton: attempts=9 captured=0 baseline=0 absent=0 failed=9 rejected=0 cancelled=0 in_flight=0 queue=p50=0.042ms p95=0.236ms p99=0.236ms run=p50=0.033ms p95=0.069ms p99=0.069ms
  Memory:Memory:Singleton: attempts=5 captured=5 baseline=0 absent=0 failed=0 rejected=0 cancelled=0 in_flight=0 queue=p50=0.262ms p95=0.286ms p99=0.286ms run=p50=0.025ms p95=0.032ms p99=0.032ms
  Memory:MemoryHistory:Singleton: attempts=5 captured=5 baseline=0 absent=0 failed=0 rejected=0 cancelled=0 in_flight=0 queue=p50=0.105ms p95=0.122ms p99=0.122ms run=p50=0.009ms p95=0.027ms p99=0.027ms
  Network:NetworkHistory:Singleton: attempts=5 captured=5 baseline=0 absent=0 failed=0 rejected=0 cancelled=0 in_flight=0 queue=p50=0.038ms p95=0.059ms p99=0.059ms run=p50=0.008ms p95=0.017ms p99=0.017ms
  Network:NetworkIdentity:Singleton: attempts=1 captured=1 baseline=0 absent=0 failed=0 rejected=0 cancelled=0 in_flight=0 queue=p50=0.231ms p95=0.231ms p99=0.231ms run=p50=1.366ms p95=1.366ms p99=1.366ms
  Network:NetworkRate:Device("tun0"): attempts=6 captured=5 baseline=1 absent=0 failed=0 rejected=0 cancelled=0 in_flight=0 queue=p50=0.241ms p95=0.302ms p99=0.302ms run=p50=0.029ms p95=0.052ms p99=0.052ms
  Page:PageRender:Singleton: attempts=1 captured=1 baseline=0 absent=0 failed=0 rejected=0 cancelled=0 in_flight=0 queue=p50=0.107ms p95=0.107ms p99=0.107ms run=p50=0.724ms p95=0.724ms p99=0.724ms
timing:
  wake_lateness: p50=0.838ms p95=1.622ms p99=1.715ms
  maximum_sample_age: 6919.832ms
  first_paint_latency: p50=103.341ms p95=103.341ms p99=103.341ms
  publication_lateness: p50=0.954ms p95=1.297ms p99=1.297ms
  skipped_display_deadlines: 0
  first_paint_over_250ms: 0
  publication_over_50ms: 0
  event_page_latency: p50=51.531ms p95=51.538ms p99=51.538ms samples=2 over_100ms=0
  event_control_latency: p50=51.731ms p95=51.731ms p99=51.731ms samples=1 over_100ms=0
  event_config_latency: p50=53.053ms p95=54.311ms p99=54.311ms samples=2 over_100ms=0
  render_config_changed: p50=0.092ms p95=0.148ms p99=0.148ms
  render_display_deadline: p50=0.247ms p95=0.320ms p99=0.320ms
  render_first_paint_ready: p50=0.181ms p95=0.181ms p99=0.181ms
  render_page_changed: p50=0.010ms p95=0.135ms p99=0.135ms
  render_tooltip_activated: p50=0.052ms p95=0.093ms p99=0.093ms
  render_tooltip_refresh: p50=0.000ms p95=0.091ms p99=0.091ms
  write_time: not_applicable (HTML runtime writes disabled)
  stimulus_actions: planned=6 started=6 completed=6 timed_out=0 not_started=0
  stimulus_1: kind=control expected=Presentation { presented: false, html_publication: false } observed=true publication=None completed=true timed_out=false
  stimulus_2: kind=control expected=Presentation { presented: true, html_publication: true } observed=true publication=Some(PublicationId(4)) completed=true timed_out=false
  stimulus_3: kind=page expected=Page { index: 1, page: Graphs } observed=true publication=Some(PublicationId(5)) completed=true timed_out=false
  stimulus_4: kind=page expected=Page { index: 0, page: Main } observed=true publication=Some(PublicationId(7)) completed=true timed_out=false
  stimulus_5: kind=config expected=Config { generation: ConfigGeneration(2), overlay: true } observed=true publication=Some(PublicationId(8)) completed=true timed_out=false
  stimulus_6: kind=config expected=Config { generation: ConfigGeneration(3), overlay: false } observed=true publication=Some(PublicationId(10)) completed=true timed_out=false
  stimulus_requested_state: presented=true page_index=0 page=main config_generation=3 overlay=false
  stimulus_observed_state: presented=true page_index=0 page=main config_generation=3 overlay=false
  shutdown_duration: 4.603ms
  shutdown_over_500ms: 0
  final_status: ok
