profile:
  duration_seconds: 8.200
  scenario: main
  stimuli: enabled
  aggregate_scope: scenario plus profiling stimuli
  process_calls: 6
  dbus_calls: 17
jobs:
  Cpu:Cpu:CpuSources { temperature: Some("/sys/class/hwmon/hwmon10/temp1_input"), frequency: Some("/sys/devices/system/cpu/cpu0/cpufreq/scaling_cur_freq"), turbo: Some("/sys/devices/system/cpu/cpufreq/boost") }: attempts=6 captured=5 baseline=1 absent=0 failed=0 rejected=0 cancelled=0 in_flight=0 queue=p50=0.129ms p95=0.208ms p99=0.208ms run=p50=0.201ms p95=0.301ms p99=0.301ms
  Cpu:CpuHistory:Singleton: attempts=5 captured=5 baseline=0 absent=0 failed=0 rejected=0 cancelled=0 in_flight=0 queue=p50=0.116ms p95=0.174ms p99=0.174ms run=p50=0.038ms p95=0.067ms p99=0.067ms
  Discovery:HardwareDiscovery:Inventory(Backlight): attempts=3 captured=3 baseline=0 absent=0 failed=0 rejected=0 cancelled=0 in_flight=0 queue=p50=0.032ms p95=0.033ms p99=0.033ms run=p50=0.010ms p95=0.015ms p99=0.015ms
  Discovery:HardwareDiscovery:Inventory(Cpu): attempts=4 captured=3 baseline=0 absent=0 failed=0 rejected=0 cancelled=1 in_flight=0 queue=p50=5.901ms p95=5.929ms p99=5.929ms run=p50=0.339ms p95=0.358ms p99=0.358ms
  Discovery:HardwareDiscovery:Inventory(DiskIo): attempts=7 captured=0 baseline=0 absent=0 failed=7 rejected=0 cancelled=0 in_flight=0 queue=p50=0.097ms p95=0.161ms p99=0.161ms run=p50=0.293ms p95=0.476ms p99=0.476ms
  Discovery:HardwareDiscovery:Inventory(Intel): attempts=3 captured=3 baseline=0 absent=0 failed=0 rejected=0 cancelled=0 in_flight=0 queue=p50=0.037ms p95=0.062ms p99=0.062ms run=p50=0.024ms p95=0.036ms p99=0.036ms
  Discovery:HardwareDiscovery:Inventory(Network): attempts=3 captured=3 baseline=0 absent=0 failed=0 rejected=0 cancelled=0 in_flight=0 queue=p50=0.030ms p95=22.448ms p99=22.448ms run=p50=1.214ms p95=1.512ms p99=1.512ms
  Discovery:HardwareDiscovery:Inventory(Nvidia): attempts=3 captured=3 baseline=0 absent=0 failed=0 rejected=0 cancelled=0 in_flight=0 queue=p50=0.048ms p95=0.108ms p99=0.108ms run=p50=0.204ms p95=0.280ms p99=0.280ms
  Discovery:HardwareDiscovery:Inventory(Peripheral): attempts=3 captured=3 baseline=0 absent=0 failed=0 rejected=0 cancelled=0 in_flight=0 queue=p50=0.044ms p95=5.527ms p99=5.527ms run=p50=0.162ms p95=0.205ms p99=0.205ms
  Discovery:HardwareDiscovery:Inventory(Smart): attempts=3 captured=3 baseline=0 absent=0 failed=0 rejected=0 cancelled=0 in_flight=0 queue=p50=0.039ms p95=0.040ms p99=0.040ms run=p50=2.107ms p95=2.728ms p99=2.728ms
  Discovery:HardwareDiscovery:Inventory(SystemBattery): attempts=4 captured=4 baseline=0 absent=0 failed=0 rejected=0 cancelled=0 in_flight=0 queue=p50=0.034ms p95=0.037ms p99=0.037ms run=p50=0.296ms p95=0.505ms p99=0.505ms
  Discovery:HardwareDiscovery:Inventory(Thermal): attempts=3 captured=3 baseline=0 absent=0 failed=0 rejected=0 cancelled=0 in_flight=0 queue=p50=0.044ms p95=0.100ms p99=0.100ms run=p50=0.302ms p95=0.320ms p99=0.320ms
  Discovery:MountInventory:Singleton: attempts=8 captured=8 baseline=0 absent=0 failed=0 rejected=0 cancelled=0 in_flight=0 queue=p50=0.128ms p95=0.229ms p99=0.229ms run=p50=0.225ms p95=0.363ms p99=0.363ms
  Disk:DiskTemperature:NamedPath { name: "nvme0n1", path: "/sys/class/hwmon/hwmon6/temp1_input" }: attempts=1 captured=1 baseline=0 absent=0 failed=0 rejected=0 cancelled=0 in_flight=0 queue=p50=0.036ms p95=0.036ms p99=0.036ms run=p50=5.060ms p95=5.060ms p99=5.060ms
  Disk:DiskTemperature:NamedPath { name: "nvme1n1", path: "/sys/class/hwmon/hwmon5/temp1_input" }: attempts=1 captured=1 baseline=0 absent=0 failed=0 rejected=0 cancelled=0 in_flight=0 queue=p50=0.031ms p95=0.031ms p99=0.031ms run=p50=1.210ms p95=1.210ms p99=1.210ms
  Disk:DiskUsage:Mount("/"): attempts=5 captured=5 baseline=0 absent=0 failed=0 rejected=0 cancelled=0 in_flight=0 queue=p50=0.718ms p95=2.000ms p99=2.000ms run=p50=0.021ms p95=0.051ms p99=0.051ms
  Disk:DiskUsage:Mount("/run/media/bogdan/S_04"): attempts=5 captured=5 baseline=0 absent=0 failed=0 rejected=0 cancelled=0 in_flight=0 queue=p50=0.050ms p95=0.169ms p99=0.169ms run=p50=0.024ms p95=0.029ms p99=0.029ms
  Disk:DiskUsage:Mount("/run/media/bogdan/T_01"): attempts=5 captured=5 baseline=0 absent=0 failed=0 rejected=0 cancelled=0 in_flight=0 queue=p50=0.046ms p95=14.599ms p99=14.599ms run=p50=0.016ms p95=0.073ms p99=0.073ms
  Disk:Smart:SmartDrive { label: "nvme0n1", object_path: "/org/freedesktop/UDisks2/drives/KINGSTON_SKC2500M82000G_50026B7684E30425" }: attempts=1 captured=1 baseline=0 absent=0 failed=0 rejected=0 cancelled=0 in_flight=0 queue=p50=0.094ms p95=0.094ms p99=0.094ms run=p50=22.524ms p95=22.524ms p99=22.524ms
  Disk:Smart:SmartDrive { label: "nvme1n1", object_path: "/org/freedesktop/UDisks2/drives/Samsung_SSD_990_PRO_4TB_S7DPNF0Y500836E" }: attempts=1 captured=1 baseline=0 absent=0 failed=0 rejected=0 cancelled=0 in_flight=0 queue=p50=1.416ms p95=1.416ms p99=1.416ms run=p50=5.497ms p95=5.497ms p99=5.497ms
  External:Brightness:Singleton: attempts=9 captured=0 baseline=0 absent=0 failed=9 rejected=0 cancelled=0 in_flight=0 queue=p50=0.072ms p95=0.293ms p99=0.293ms run=p50=0.049ms p95=0.075ms p99=0.075ms
  Memory:Memory:Singleton: attempts=5 captured=5 baseline=0 absent=0 failed=0 rejected=0 cancelled=0 in_flight=0 queue=p50=0.328ms p95=0.442ms p99=0.442ms run=p50=0.032ms p95=0.037ms p99=0.037ms
  Memory:MemoryHistory:Singleton: attempts=5 captured=5 baseline=0 absent=0 failed=0 rejected=0 cancelled=0 in_flight=0 queue=p50=0.114ms p95=0.188ms p99=0.188ms run=p50=0.010ms p95=0.027ms p99=0.027ms
  Network:NetworkHistory:Singleton: attempts=5 captured=5 baseline=0 absent=0 failed=0 rejected=0 cancelled=0 in_flight=0 queue=p50=0.032ms p95=0.134ms p99=0.134ms run=p50=0.018ms p95=0.022ms p99=0.022ms
  Network:NetworkIdentity:Singleton: attempts=1 captured=1 baseline=0 absent=0 failed=0 rejected=0 cancelled=0 in_flight=0 queue=p50=0.288ms p95=0.288ms p99=0.288ms run=p50=1.582ms p95=1.582ms p99=1.582ms
  Network:NetworkRate:Device("tun0"): attempts=6 captured=5 baseline=1 absent=0 failed=0 rejected=0 cancelled=0 in_flight=0 queue=p50=0.297ms p95=0.450ms p99=0.450ms run=p50=0.034ms p95=0.061ms p99=0.061ms
  Page:PageRender:Singleton: attempts=1 captured=1 baseline=0 absent=0 failed=0 rejected=0 cancelled=0 in_flight=0 queue=p50=0.108ms p95=0.108ms p99=0.108ms run=p50=1.000ms p95=1.000ms p99=1.000ms
timing:
  wake_lateness: p50=1.048ms p95=1.774ms p99=1.857ms
  maximum_sample_age: 6922.384ms
  first_paint_latency: p50=103.810ms p95=103.810ms p99=103.810ms
  publication_lateness: p50=1.579ms p95=2.127ms p99=2.127ms
  skipped_display_deadlines: 0
  first_paint_over_250ms: 0
  publication_over_50ms: 0
  event_page_latency: p50=51.390ms p95=51.726ms p99=51.726ms samples=2 over_100ms=0
  event_control_latency: p50=51.902ms p95=51.902ms p99=51.902ms samples=1 over_100ms=0
  event_config_latency: p50=54.146ms p95=54.471ms p99=54.471ms samples=2 over_100ms=0
  render_config_changed: p50=0.131ms p95=0.194ms p99=0.194ms
  render_display_deadline: p50=0.269ms p95=0.320ms p99=0.320ms
  render_first_paint_ready: p50=0.231ms p95=0.231ms p99=0.231ms
  render_page_changed: p50=0.011ms p95=0.210ms p99=0.210ms
  render_tooltip_activated: p50=0.068ms p95=0.151ms p99=0.151ms
  render_tooltip_refresh: p50=0.000ms p95=0.113ms p99=0.113ms
  write_time: not_applicable (HTML runtime writes disabled)
  stimulus_actions: planned=6 started=6 completed=6 timed_out=0 not_started=0
  stimulus_1: kind=control expected=Presentation { presented: false, html_publication: false } observed=true publication=None completed=true timed_out=false
  stimulus_2: kind=control expected=Presentation { presented: true, html_publication: true } observed=true publication=Some(PublicationId(4)) completed=true timed_out=false
  stimulus_3: kind=page expected=Page { index: 1, page: Graphs } observed=true publication=Some(PublicationId(5)) completed=true timed_out=false
  stimulus_4: kind=page expected=Page { index: 0, page: Main } observed=true publication=Some(PublicationId(7)) completed=true timed_out=false
  stimulus_5: kind=config expected=Config { generation: ConfigGeneration(2), overlay: true } observed=true publication=Some(PublicationId(8)) completed=true timed_out=false
  stimulus_6: kind=config expected=Config { generation: ConfigGeneration(3), overlay: false } observed=true publication=Some(PublicationId(10)) completed=true timed_out=false
  stimulus_requested_state: presented=true page_index=0 page=main config_generation=3 overlay=false
  stimulus_observed_state: presented=true page_index=0 page=main config_generation=3 overlay=false
  shutdown_duration: 2.392ms
  shutdown_over_500ms: 0
  final_status: ok
