profile:
  duration_seconds: 8.200
  scenario: main
  stimuli: enabled
  aggregate_scope: scenario plus profiling stimuli
  process_calls: 6
  dbus_calls: 16
jobs:
  Cpu:Cpu:CpuSources { temperature: Some("/sys/class/hwmon/hwmon10/temp1_input"), frequency: Some("/sys/devices/system/cpu/cpu0/cpufreq/scaling_cur_freq"), turbo: Some("/sys/devices/system/cpu/cpufreq/boost") }: attempts=6 captured=5 baseline=1 absent=0 failed=0 rejected=0 cancelled=0 in_flight=0 queue=p50=0.148ms p95=0.270ms p99=0.270ms run=p50=0.234ms p95=0.269ms p99=0.269ms
  Cpu:CpuHistory:Singleton: attempts=5 captured=5 baseline=0 absent=0 failed=0 rejected=0 cancelled=0 in_flight=0 queue=p50=0.123ms p95=0.212ms p99=0.212ms run=p50=0.039ms p95=0.057ms p99=0.057ms
  Discovery:HardwareDiscovery:Inventory(Backlight): attempts=3 captured=3 baseline=0 absent=0 failed=0 rejected=0 cancelled=0 in_flight=0 queue=p50=0.024ms p95=0.040ms p99=0.040ms run=p50=0.012ms p95=0.086ms p99=0.086ms
  Discovery:HardwareDiscovery:Inventory(Cpu): attempts=4 captured=3 baseline=0 absent=0 failed=0 rejected=0 cancelled=1 in_flight=0 queue=p50=5.740ms p95=6.104ms p99=6.104ms run=p50=0.375ms p95=0.652ms p99=0.652ms
  Discovery:HardwareDiscovery:Inventory(DiskIo): attempts=7 captured=0 baseline=0 absent=0 failed=7 rejected=0 cancelled=0 in_flight=0 queue=p50=0.096ms p95=0.103ms p99=0.103ms run=p50=0.289ms p95=0.514ms p99=0.514ms
  Discovery:HardwareDiscovery:Inventory(Intel): attempts=3 captured=3 baseline=0 absent=0 failed=0 rejected=0 cancelled=0 in_flight=0 queue=p50=0.033ms p95=0.068ms p99=0.068ms run=p50=0.035ms p95=0.059ms p99=0.059ms
  Discovery:HardwareDiscovery:Inventory(Network): attempts=3 captured=3 baseline=0 absent=0 failed=0 rejected=0 cancelled=0 in_flight=0 queue=p50=0.024ms p95=22.424ms p99=22.424ms run=p50=1.324ms p95=1.772ms p99=1.772ms
  Discovery:HardwareDiscovery:Inventory(Nvidia): attempts=3 captured=3 baseline=0 absent=0 failed=0 rejected=0 cancelled=0 in_flight=0 queue=p50=0.043ms p95=0.144ms p99=0.144ms run=p50=0.224ms p95=0.293ms p99=0.293ms
  Discovery:HardwareDiscovery:Inventory(Peripheral): attempts=3 captured=3 baseline=0 absent=0 failed=0 rejected=0 cancelled=0 in_flight=0 queue=p50=0.040ms p95=6.030ms p99=6.030ms run=p50=0.414ms p95=0.451ms p99=0.451ms
  Discovery:HardwareDiscovery:Inventory(Smart): attempts=3 captured=3 baseline=0 absent=0 failed=0 rejected=0 cancelled=0 in_flight=0 queue=p50=0.039ms p95=0.064ms p99=0.064ms run=p50=2.400ms p95=2.774ms p99=2.774ms
  Discovery:HardwareDiscovery:Inventory(SystemBattery): attempts=3 captured=3 baseline=0 absent=0 failed=0 rejected=0 cancelled=0 in_flight=0 queue=p50=0.043ms p95=0.053ms p99=0.053ms run=p50=0.484ms p95=7.076ms p99=7.076ms
  Discovery:HardwareDiscovery:Inventory(Thermal): attempts=3 captured=3 baseline=0 absent=0 failed=0 rejected=0 cancelled=0 in_flight=0 queue=p50=0.049ms p95=0.093ms p99=0.093ms run=p50=0.363ms p95=0.699ms p99=0.699ms
  Discovery:MountInventory:Singleton: attempts=8 captured=8 baseline=0 absent=0 failed=0 rejected=0 cancelled=0 in_flight=0 queue=p50=0.136ms p95=0.218ms p99=0.218ms run=p50=0.244ms p95=0.408ms p99=0.408ms
  Disk:DiskTemperature:NamedPath { name: "nvme0n1", path: "/sys/class/hwmon/hwmon6/temp1_input" }: attempts=1 captured=1 baseline=0 absent=0 failed=0 rejected=0 cancelled=0 in_flight=0 queue=p50=0.031ms p95=0.031ms p99=0.031ms run=p50=5.094ms p95=5.094ms p99=5.094ms
  Disk:DiskTemperature:NamedPath { name: "nvme1n1", path: "/sys/class/hwmon/hwmon5/temp1_input" }: attempts=1 captured=1 baseline=0 absent=0 failed=0 rejected=0 cancelled=0 in_flight=0 queue=p50=0.058ms p95=0.058ms p99=0.058ms run=p50=1.140ms p95=1.140ms p99=1.140ms
  Disk:DiskUsage:Mount("/"): attempts=6 captured=5 baseline=0 absent=0 failed=0 rejected=0 cancelled=1 in_flight=0 queue=p50=0.447ms p95=2.095ms p99=2.095ms run=p50=0.041ms p95=0.069ms p99=0.069ms
  Disk:DiskUsage:Mount("/run/media/bogdan/S_04"): attempts=5 captured=5 baseline=0 absent=0 failed=0 rejected=0 cancelled=0 in_flight=0 queue=p50=0.083ms p95=0.270ms p99=0.270ms run=p50=0.078ms p95=0.091ms p99=0.091ms
  Disk:DiskUsage:Mount("/run/media/bogdan/T_01"): attempts=5 captured=5 baseline=0 absent=0 failed=0 rejected=0 cancelled=0 in_flight=0 queue=p50=0.060ms p95=12.666ms p99=12.666ms run=p50=0.038ms p95=0.041ms p99=0.041ms
  Disk:Smart:SmartDrive { label: "nvme0n1", object_path: "/org/freedesktop/UDisks2/drives/KINGSTON_SKC2500M82000G_50026B7684E30425" }: attempts=1 captured=1 baseline=0 absent=0 failed=0 rejected=0 cancelled=0 in_flight=0 queue=p50=0.126ms p95=0.126ms p99=0.126ms run=p50=22.512ms p95=22.512ms p99=22.512ms
  Disk:Smart:SmartDrive { label: "nvme1n1", object_path: "/org/freedesktop/UDisks2/drives/Samsung_SSD_990_PRO_4TB_S7DPNF0Y500836E" }: attempts=1 captured=1 baseline=0 absent=0 failed=0 rejected=0 cancelled=0 in_flight=0 queue=p50=1.213ms p95=1.213ms p99=1.213ms run=p50=6.223ms p95=6.223ms p99=6.223ms
  External:Brightness:Singleton: attempts=9 captured=0 baseline=0 absent=0 failed=9 rejected=0 cancelled=0 in_flight=0 queue=p50=0.066ms p95=0.455ms p99=0.455ms run=p50=0.048ms p95=0.074ms p99=0.074ms
  Memory:Memory:Singleton: attempts=5 captured=5 baseline=0 absent=0 failed=0 rejected=0 cancelled=0 in_flight=0 queue=p50=0.349ms p95=0.516ms p99=0.516ms run=p50=0.046ms p95=0.049ms p99=0.049ms
  Memory:MemoryHistory:Singleton: attempts=5 captured=5 baseline=0 absent=0 failed=0 rejected=0 cancelled=0 in_flight=0 queue=p50=0.122ms p95=0.215ms p99=0.215ms run=p50=0.012ms p95=0.029ms p99=0.029ms
  Network:NetworkHistory:Singleton: attempts=5 captured=5 baseline=0 absent=0 failed=0 rejected=0 cancelled=0 in_flight=0 queue=p50=0.043ms p95=0.129ms p99=0.129ms run=p50=0.020ms p95=0.021ms p99=0.021ms
  Network:NetworkIdentity:Singleton: attempts=1 captured=1 baseline=0 absent=0 failed=0 rejected=0 cancelled=0 in_flight=0 queue=p50=0.495ms p95=0.495ms p99=0.495ms run=p50=1.437ms p95=1.437ms p99=1.437ms
  Network:NetworkRate:Device("tun0"): attempts=6 captured=5 baseline=1 absent=0 failed=0 rejected=0 cancelled=0 in_flight=0 queue=p50=0.333ms p95=0.413ms p99=0.413ms run=p50=0.042ms p95=0.091ms p99=0.091ms
  Page:PageRender:Singleton: attempts=1 captured=1 baseline=0 absent=0 failed=0 rejected=0 cancelled=0 in_flight=0 queue=p50=0.174ms p95=0.174ms p99=0.174ms run=p50=0.825ms p95=0.825ms p99=0.825ms
timing:
  wake_lateness: p50=1.319ms p95=1.836ms p99=1.838ms
  maximum_sample_age: 6920.331ms
  first_paint_latency: p50=104.362ms p95=104.362ms p99=104.362ms
  publication_lateness: p50=1.708ms p95=2.114ms p99=2.114ms
  skipped_display_deadlines: 0
  first_paint_over_250ms: 0
  publication_over_50ms: 0
  event_page_latency: p50=51.533ms p95=51.581ms p99=51.581ms samples=2 over_100ms=0
  event_control_latency: p50=52.103ms p95=52.103ms p99=52.103ms samples=1 over_100ms=0
  event_config_latency: p50=53.597ms p95=54.145ms p99=54.145ms samples=2 over_100ms=0
  render_config_changed: p50=0.106ms p95=0.157ms p99=0.157ms
  render_display_deadline: p50=0.298ms p95=0.394ms p99=0.394ms
  render_first_paint_ready: p50=0.433ms p95=0.433ms p99=0.433ms
  render_page_changed: p50=0.015ms p95=0.130ms p99=0.130ms
  render_tooltip_activated: p50=0.070ms p95=0.128ms p99=0.128ms
  render_tooltip_refresh: p50=0.001ms p95=0.103ms p99=0.103ms
  write_time: not_applicable (HTML runtime writes disabled)
  stimulus_actions: planned=6 started=6 completed=6 timed_out=0 not_started=0
  stimulus_1: kind=control expected=Presentation { presented: false, html_publication: false } observed=true publication=None completed=true timed_out=false
  stimulus_2: kind=control expected=Presentation { presented: true, html_publication: true } observed=true publication=Some(PublicationId(4)) completed=true timed_out=false
  stimulus_3: kind=page expected=Page { index: 1, page: Graphs } observed=true publication=Some(PublicationId(5)) completed=true timed_out=false
  stimulus_4: kind=page expected=Page { index: 0, page: Main } observed=true publication=Some(PublicationId(7)) completed=true timed_out=false
  stimulus_5: kind=config expected=Config { generation: ConfigGeneration(2), overlay: true } observed=true publication=Some(PublicationId(8)) completed=true timed_out=false
  stimulus_6: kind=config expected=Config { generation: ConfigGeneration(3), overlay: false } observed=true publication=Some(PublicationId(10)) completed=true timed_out=false
  stimulus_requested_state: presented=true page_index=0 page=main config_generation=3 overlay=false
  stimulus_observed_state: presented=true page_index=0 page=main config_generation=3 overlay=false
  shutdown_duration: 2.237ms
  shutdown_over_500ms: 0
  final_status: ok
