profile:
  duration_seconds: 4.200
  scenario: main
  stimuli: disabled
  process_calls: 2
  dbus_calls: 11
jobs:
  Cpu:Cpu:CpuSources { temperature: Some("/sys/class/hwmon/hwmon10/temp1_input"), frequency: Some("/sys/devices/system/cpu/cpu0/cpufreq/scaling_cur_freq"), turbo: Some("/sys/devices/system/cpu/cpufreq/boost") }: attempts=4 captured=3 baseline=1 absent=0 failed=0 rejected=0 cancelled=0 in_flight=0 queue=p50=0.113ms p95=0.192ms p99=0.192ms run=p50=0.192ms p95=0.294ms p99=0.294ms
  Cpu:CpuHistory:Singleton: attempts=2 captured=2 baseline=0 absent=0 failed=0 rejected=0 cancelled=0 in_flight=0 queue=p50=0.065ms p95=0.157ms p99=0.157ms run=p50=0.024ms p95=0.049ms p99=0.049ms
  Discovery:HardwareDiscovery:Inventory(Backlight): attempts=1 captured=1 baseline=0 absent=0 failed=0 rejected=0 cancelled=0 in_flight=0 queue=p50=0.090ms p95=0.090ms p99=0.090ms run=p50=0.013ms p95=0.013ms p99=0.013ms
  Discovery:HardwareDiscovery:Inventory(Cpu): attempts=2 captured=1 baseline=0 absent=0 failed=0 rejected=0 cancelled=1 in_flight=0 queue=p50=0.065ms p95=0.065ms p99=0.065ms run=p50=0.385ms p95=0.385ms p99=0.385ms
  Discovery:HardwareDiscovery:Inventory(DiskIo): attempts=1 captured=1 baseline=0 absent=0 failed=0 rejected=0 cancelled=0 in_flight=0 queue=p50=0.048ms p95=0.048ms p99=0.048ms run=p50=0.099ms p95=0.099ms p99=0.099ms
  Discovery:HardwareDiscovery:Inventory(Intel): attempts=1 captured=1 baseline=0 absent=0 failed=0 rejected=0 cancelled=0 in_flight=0 queue=p50=0.050ms p95=0.050ms p99=0.050ms run=p50=0.033ms p95=0.033ms p99=0.033ms
  Discovery:HardwareDiscovery:Inventory(Network): attempts=1 captured=1 baseline=0 absent=0 failed=0 rejected=0 cancelled=0 in_flight=0 queue=p50=18.009ms p95=18.009ms p99=18.009ms run=p50=1.642ms p95=1.642ms p99=1.642ms
  Discovery:HardwareDiscovery:Inventory(Nvidia): attempts=1 captured=1 baseline=0 absent=0 failed=0 rejected=0 cancelled=0 in_flight=0 queue=p50=0.065ms p95=0.065ms p99=0.065ms run=p50=0.269ms p95=0.269ms p99=0.269ms
  Discovery:HardwareDiscovery:Inventory(Peripheral): attempts=1 captured=1 baseline=0 absent=0 failed=0 rejected=0 cancelled=0 in_flight=0 queue=p50=9.942ms p95=9.942ms p99=9.942ms run=p50=0.240ms p95=0.240ms p99=0.240ms
  Discovery:HardwareDiscovery:Inventory(Smart): attempts=1 captured=1 baseline=0 absent=0 failed=0 rejected=0 cancelled=0 in_flight=0 queue=p50=0.026ms p95=0.026ms p99=0.026ms run=p50=2.053ms p95=2.053ms p99=2.053ms
  Discovery:HardwareDiscovery:Inventory(SystemBattery): attempts=2 captured=2 baseline=0 absent=0 failed=0 rejected=0 cancelled=0 in_flight=0 queue=p50=0.029ms p95=0.039ms p99=0.039ms run=p50=0.103ms p95=0.318ms p99=0.318ms
  Discovery:HardwareDiscovery:Inventory(Thermal): attempts=1 captured=1 baseline=0 absent=0 failed=0 rejected=0 cancelled=0 in_flight=0 queue=p50=0.026ms p95=0.026ms p99=0.026ms run=p50=0.292ms p95=0.292ms p99=0.292ms
  Discovery:MountInventory:Singleton: attempts=3 captured=3 baseline=0 absent=0 failed=0 rejected=0 cancelled=0 in_flight=0 queue=p50=0.095ms p95=0.174ms p99=0.174ms run=p50=0.229ms p95=0.244ms p99=0.244ms
  Disk:DiskTemperature:NamedPath { name: "nvme0n1", path: "/sys/class/hwmon/hwmon6/temp1_input" }: attempts=1 captured=1 baseline=0 absent=0 failed=0 rejected=0 cancelled=0 in_flight=0 queue=p50=0.033ms p95=0.033ms p99=0.033ms run=p50=5.107ms p95=5.107ms p99=5.107ms
  Disk:DiskTemperature:NamedPath { name: "nvme1n1", path: "/sys/class/hwmon/hwmon5/temp1_input" }: attempts=2 captured=1 baseline=0 absent=0 failed=0 rejected=0 cancelled=1 in_flight=0 queue=p50=0.035ms p95=0.069ms p99=0.069ms run=p50=0.958ms p95=2.258ms p99=2.258ms
  Disk:DiskUsage:Mount("/"): attempts=3 captured=3 baseline=0 absent=0 failed=0 rejected=0 cancelled=0 in_flight=0 queue=p50=0.463ms p95=1.974ms p99=1.974ms run=p50=0.020ms p95=0.022ms p99=0.022ms
  Disk:DiskUsage:Mount("/run/media/bogdan/S_04"): attempts=3 captured=3 baseline=0 absent=0 failed=0 rejected=0 cancelled=0 in_flight=0 queue=p50=0.046ms p95=0.221ms p99=0.221ms run=p50=0.022ms p95=0.025ms p99=0.025ms
  Disk:DiskUsage:Mount("/run/media/bogdan/T_01"): attempts=3 captured=3 baseline=0 absent=0 failed=0 rejected=0 cancelled=0 in_flight=0 queue=p50=0.095ms p95=10.627ms p99=10.627ms run=p50=0.014ms p95=0.064ms p99=0.064ms
  Disk:Smart:SmartDrive { label: "nvme0n1", object_path: "/org/freedesktop/UDisks2/drives/KINGSTON_SKC2500M82000G_50026B7684E30425" }: attempts=1 captured=1 baseline=0 absent=0 failed=0 rejected=0 cancelled=0 in_flight=0 queue=p50=0.084ms p95=0.084ms p99=0.084ms run=p50=18.031ms p95=18.031ms p99=18.031ms
  Disk:Smart:SmartDrive { label: "nvme1n1", object_path: "/org/freedesktop/UDisks2/drives/Samsung_SSD_990_PRO_4TB_S7DPNF0Y500836E" }: attempts=1 captured=1 baseline=0 absent=0 failed=0 rejected=0 cancelled=0 in_flight=0 queue=p50=1.543ms p95=1.543ms p99=1.543ms run=p50=9.856ms p95=9.856ms p99=9.856ms
  Memory:Memory:Singleton: attempts=3 captured=3 baseline=0 absent=0 failed=0 rejected=0 cancelled=0 in_flight=0 queue=p50=0.297ms p95=0.425ms p99=0.425ms run=p50=0.035ms p95=0.035ms p99=0.035ms
  Memory:MemoryHistory:Singleton: attempts=2 captured=2 baseline=0 absent=0 failed=0 rejected=0 cancelled=0 in_flight=0 queue=p50=0.076ms p95=0.157ms p99=0.157ms run=p50=0.007ms p95=0.019ms p99=0.019ms
  Network:NetworkHistory:Singleton: attempts=2 captured=2 baseline=0 absent=0 failed=0 rejected=0 cancelled=0 in_flight=0 queue=p50=0.027ms p95=0.086ms p99=0.086ms run=p50=0.015ms p95=0.048ms p99=0.048ms
  Network:NetworkIdentity:Singleton: attempts=1 captured=1 baseline=0 absent=0 failed=0 rejected=0 cancelled=0 in_flight=0 queue=p50=0.263ms p95=0.263ms p99=0.263ms run=p50=1.591ms p95=1.591ms p99=1.591ms
  Network:NetworkRate:Device("tun0"): attempts=4 captured=3 baseline=1 absent=0 failed=0 rejected=0 cancelled=0 in_flight=0 queue=p50=0.072ms p95=0.433ms p99=0.433ms run=p50=0.033ms p95=0.056ms p99=0.056ms
timing:
  wake_lateness: p50=0.946ms p95=1.323ms p99=1.323ms
  maximum_sample_age: 2997.360ms
  first_paint_latency: p50=103.978ms p95=103.978ms p99=103.978ms
  publication_lateness: p50=1.308ms p95=1.349ms p99=1.349ms
  skipped_display_deadlines: 0
  first_paint_over_250ms: 0
  publication_over_50ms: 0
  render_display_deadline: p50=0.227ms p95=0.530ms p99=0.530ms
  render_first_paint_ready: p50=0.189ms p95=0.189ms p99=0.189ms
  render_tooltip_activated: p50=0.066ms p95=0.066ms p99=0.066ms
  render_tooltip_refresh: p50=0.101ms p95=0.101ms p99=0.101ms
  write_time: not_applicable (HTML runtime writes disabled)
  shutdown_duration: 2.420ms
  shutdown_over_500ms: 0
  final_status: ok
