profile:
  duration_seconds: 4.200
  scenario: main
  stimuli: disabled
  process_calls: 2
  dbus_calls: 11
jobs:
  Cpu:Cpu:CpuSources { temperature: Some("/sys/class/hwmon/hwmon10/temp1_input"), frequency: Some("/sys/devices/system/cpu/cpu0/cpufreq/scaling_cur_freq"), turbo: Some("/sys/devices/system/cpu/cpufreq/boost") }: attempts=4 captured=3 baseline=1 absent=0 failed=0 rejected=0 cancelled=0 in_flight=0 queue=p50=0.112ms p95=0.174ms p99=0.174ms run=p50=0.192ms p95=0.339ms p99=0.339ms
  Cpu:CpuHistory:Singleton: attempts=2 captured=2 baseline=0 absent=0 failed=0 rejected=0 cancelled=0 in_flight=0 queue=p50=0.071ms p95=0.120ms p99=0.120ms run=p50=0.032ms p95=0.042ms p99=0.042ms
  Discovery:HardwareDiscovery:Inventory(Backlight): attempts=1 captured=1 baseline=0 absent=0 failed=0 rejected=0 cancelled=0 in_flight=0 queue=p50=0.024ms p95=0.024ms p99=0.024ms run=p50=0.013ms p95=0.013ms p99=0.013ms
  Discovery:HardwareDiscovery:Inventory(Cpu): attempts=2 captured=1 baseline=0 absent=0 failed=0 rejected=0 cancelled=1 in_flight=0 queue=p50=0.055ms p95=0.055ms p99=0.055ms run=p50=0.310ms p95=0.310ms p99=0.310ms
  Discovery:HardwareDiscovery:Inventory(DiskIo): attempts=1 captured=1 baseline=0 absent=0 failed=0 rejected=0 cancelled=0 in_flight=0 queue=p50=0.042ms p95=0.042ms p99=0.042ms run=p50=0.080ms p95=0.080ms p99=0.080ms
  Discovery:HardwareDiscovery:Inventory(Intel): attempts=1 captured=1 baseline=0 absent=0 failed=0 rejected=0 cancelled=0 in_flight=0 queue=p50=0.052ms p95=0.052ms p99=0.052ms run=p50=0.039ms p95=0.039ms p99=0.039ms
  Discovery:HardwareDiscovery:Inventory(Network): attempts=1 captured=1 baseline=0 absent=0 failed=0 rejected=0 cancelled=0 in_flight=0 queue=p50=10.962ms p95=10.962ms p99=10.962ms run=p50=1.357ms p95=1.357ms p99=1.357ms
  Discovery:HardwareDiscovery:Inventory(Nvidia): attempts=1 captured=1 baseline=0 absent=0 failed=0 rejected=0 cancelled=0 in_flight=0 queue=p50=0.120ms p95=0.120ms p99=0.120ms run=p50=0.251ms p95=0.251ms p99=0.251ms
  Discovery:HardwareDiscovery:Inventory(Peripheral): attempts=1 captured=1 baseline=0 absent=0 failed=0 rejected=0 cancelled=0 in_flight=0 queue=p50=6.584ms p95=6.584ms p99=6.584ms run=p50=0.303ms p95=0.303ms p99=0.303ms
  Discovery:HardwareDiscovery:Inventory(Smart): attempts=1 captured=1 baseline=0 absent=0 failed=0 rejected=0 cancelled=0 in_flight=0 queue=p50=0.024ms p95=0.024ms p99=0.024ms run=p50=1.942ms p95=1.942ms p99=1.942ms
  Discovery:HardwareDiscovery:Inventory(SystemBattery): attempts=2 captured=2 baseline=0 absent=0 failed=0 rejected=0 cancelled=0 in_flight=0 queue=p50=0.026ms p95=0.035ms p99=0.035ms run=p50=0.089ms p95=0.497ms p99=0.497ms
  Discovery:HardwareDiscovery:Inventory(Thermal): attempts=1 captured=1 baseline=0 absent=0 failed=0 rejected=0 cancelled=0 in_flight=0 queue=p50=0.025ms p95=0.025ms p99=0.025ms run=p50=0.268ms p95=0.268ms p99=0.268ms
  Discovery:MountInventory:Singleton: attempts=3 captured=3 baseline=0 absent=0 failed=0 rejected=0 cancelled=0 in_flight=0 queue=p50=0.110ms p95=0.171ms p99=0.171ms run=p50=0.210ms p95=0.392ms p99=0.392ms
  Disk:DiskTemperature:NamedPath { name: "nvme0n1", path: "/sys/class/hwmon/hwmon6/temp1_input" }: attempts=1 captured=1 baseline=0 absent=0 failed=0 rejected=0 cancelled=0 in_flight=0 queue=p50=0.032ms p95=0.032ms p99=0.032ms run=p50=5.086ms p95=5.086ms p99=5.086ms
  Disk:DiskTemperature:NamedPath { name: "nvme1n1", path: "/sys/class/hwmon/hwmon5/temp1_input" }: attempts=1 captured=1 baseline=0 absent=0 failed=0 rejected=0 cancelled=0 in_flight=0 queue=p50=0.027ms p95=0.027ms p99=0.027ms run=p50=1.124ms p95=1.124ms p99=1.124ms
  Disk:DiskUsage:Mount("/"): attempts=3 captured=3 baseline=0 absent=0 failed=0 rejected=0 cancelled=0 in_flight=0 queue=p50=0.344ms p95=2.298ms p99=2.298ms run=p50=0.020ms p95=0.021ms p99=0.021ms
  Disk:DiskUsage:Mount("/run/media/bogdan/S_04"): attempts=3 captured=3 baseline=0 absent=0 failed=0 rejected=0 cancelled=0 in_flight=0 queue=p50=0.053ms p95=0.190ms p99=0.190ms run=p50=0.022ms p95=0.024ms p99=0.024ms
  Disk:DiskUsage:Mount("/run/media/bogdan/T_01"): attempts=3 captured=3 baseline=0 absent=0 failed=0 rejected=0 cancelled=0 in_flight=0 queue=p50=0.288ms p95=10.589ms p99=10.589ms run=p50=0.012ms p95=0.044ms p99=0.044ms
  Disk:Smart:SmartDrive { label: "nvme0n1", object_path: "/org/freedesktop/UDisks2/drives/KINGSTON_SKC2500M82000G_50026B7684E30425" }: attempts=1 captured=1 baseline=0 absent=0 failed=0 rejected=0 cancelled=0 in_flight=0 queue=p50=0.096ms p95=0.096ms p99=0.096ms run=p50=10.998ms p95=10.998ms p99=10.998ms
  Disk:Smart:SmartDrive { label: "nvme1n1", object_path: "/org/freedesktop/UDisks2/drives/Samsung_SSD_990_PRO_4TB_S7DPNF0Y500836E" }: attempts=1 captured=1 baseline=0 absent=0 failed=0 rejected=0 cancelled=0 in_flight=0 queue=p50=1.279ms p95=1.279ms p99=1.279ms run=p50=6.649ms p95=6.649ms p99=6.649ms
  Memory:Memory:Singleton: attempts=3 captured=3 baseline=0 absent=0 failed=0 rejected=0 cancelled=0 in_flight=0 queue=p50=0.284ms p95=0.286ms p99=0.286ms run=p50=0.029ms p95=0.034ms p99=0.034ms
  Memory:MemoryHistory:Singleton: attempts=2 captured=2 baseline=0 absent=0 failed=0 rejected=0 cancelled=0 in_flight=0 queue=p50=0.086ms p95=0.133ms p99=0.133ms run=p50=0.009ms p95=0.020ms p99=0.020ms
  Network:NetworkHistory:Singleton: attempts=2 captured=2 baseline=0 absent=0 failed=0 rejected=0 cancelled=0 in_flight=0 queue=p50=0.026ms p95=0.039ms p99=0.039ms run=p50=0.014ms p95=0.019ms p99=0.019ms
  Network:NetworkIdentity:Singleton: attempts=1 captured=1 baseline=0 absent=0 failed=0 rejected=0 cancelled=0 in_flight=0 queue=p50=0.246ms p95=0.246ms p99=0.246ms run=p50=1.936ms p95=1.936ms p99=1.936ms
  Network:NetworkRate:Device("tun0"): attempts=4 captured=3 baseline=1 absent=0 failed=0 rejected=0 cancelled=0 in_flight=0 queue=p50=0.025ms p95=0.301ms p99=0.301ms run=p50=0.030ms p95=0.043ms p99=0.043ms
timing:
  wake_lateness: p50=0.896ms p95=1.067ms p99=1.067ms
  maximum_sample_age: 2997.420ms
  first_paint_latency: p50=104.355ms p95=104.355ms p99=104.355ms
  publication_lateness: p50=0.793ms p95=1.540ms p99=1.540ms
  skipped_display_deadlines: 0
  first_paint_over_250ms: 0
  publication_over_50ms: 0
  render_display_deadline: p50=0.280ms p95=0.477ms p99=0.477ms
  render_first_paint_ready: p50=0.342ms p95=0.342ms p99=0.342ms
  render_tooltip_activated: p50=0.062ms p95=0.062ms p99=0.062ms
  render_tooltip_refresh: p50=0.092ms p95=0.092ms p99=0.092ms
  write_time: not_applicable (HTML runtime writes disabled)
  shutdown_duration: 6.242ms
  shutdown_over_500ms: 0
  final_status: ok
