profile:
  duration_seconds: 4.200
  scenario: main
  stimuli: disabled
  process_calls: 2
  dbus_calls: 10
jobs:
  Cpu:Cpu:CpuSources { temperature: Some("/sys/class/hwmon/hwmon10/temp1_input"), frequency: Some("/sys/devices/system/cpu/cpu0/cpufreq/scaling_cur_freq"), turbo: Some("/sys/devices/system/cpu/cpufreq/boost") }: attempts=4 captured=3 baseline=1 absent=0 failed=0 rejected=0 cancelled=0 in_flight=0 queue=p50=0.116ms p95=0.251ms p99=0.251ms run=p50=0.198ms p95=0.341ms p99=0.341ms
  Cpu:CpuHistory:Singleton: attempts=2 captured=2 baseline=0 absent=0 failed=0 rejected=0 cancelled=0 in_flight=0 queue=p50=0.055ms p95=0.085ms p99=0.085ms run=p50=0.015ms p95=0.028ms p99=0.028ms
  Discovery:HardwareDiscovery:Inventory(Backlight): attempts=1 captured=1 baseline=0 absent=0 failed=0 rejected=0 cancelled=0 in_flight=0 queue=p50=0.031ms p95=0.031ms p99=0.031ms run=p50=0.076ms p95=0.076ms p99=0.076ms
  Discovery:HardwareDiscovery:Inventory(Cpu): attempts=2 captured=1 baseline=0 absent=0 failed=0 rejected=0 cancelled=1 in_flight=0 queue=p50=0.034ms p95=0.034ms p99=0.034ms run=p50=0.307ms p95=0.307ms p99=0.307ms
  Discovery:HardwareDiscovery:Inventory(DiskIo): attempts=1 captured=1 baseline=0 absent=0 failed=0 rejected=0 cancelled=0 in_flight=0 queue=p50=0.042ms p95=0.042ms p99=0.042ms run=p50=0.175ms p95=0.175ms p99=0.175ms
  Discovery:HardwareDiscovery:Inventory(Intel): attempts=1 captured=1 baseline=0 absent=0 failed=0 rejected=0 cancelled=0 in_flight=0 queue=p50=0.039ms p95=0.039ms p99=0.039ms run=p50=0.040ms p95=0.040ms p99=0.040ms
  Discovery:HardwareDiscovery:Inventory(Network): attempts=1 captured=1 baseline=0 absent=0 failed=0 rejected=0 cancelled=0 in_flight=0 queue=p50=9.600ms p95=9.600ms p99=9.600ms run=p50=1.813ms p95=1.813ms p99=1.813ms
  Discovery:HardwareDiscovery:Inventory(Nvidia): attempts=1 captured=1 baseline=0 absent=0 failed=0 rejected=0 cancelled=0 in_flight=0 queue=p50=0.034ms p95=0.034ms p99=0.034ms run=p50=0.236ms p95=0.236ms p99=0.236ms
  Discovery:HardwareDiscovery:Inventory(Peripheral): attempts=1 captured=1 baseline=0 absent=0 failed=0 rejected=0 cancelled=0 in_flight=0 queue=p50=5.407ms p95=5.407ms p99=5.407ms run=p50=0.331ms p95=0.331ms p99=0.331ms
  Discovery:HardwareDiscovery:Inventory(Smart): attempts=1 captured=1 baseline=0 absent=0 failed=0 rejected=0 cancelled=0 in_flight=0 queue=p50=0.028ms p95=0.028ms p99=0.028ms run=p50=2.548ms p95=2.548ms p99=2.548ms
  Discovery:HardwareDiscovery:Inventory(SystemBattery): attempts=1 captured=1 baseline=0 absent=0 failed=0 rejected=0 cancelled=0 in_flight=0 queue=p50=0.032ms p95=0.032ms p99=0.032ms run=p50=2.559ms p95=2.559ms p99=2.559ms
  Discovery:HardwareDiscovery:Inventory(Thermal): attempts=1 captured=1 baseline=0 absent=0 failed=0 rejected=0 cancelled=0 in_flight=0 queue=p50=0.026ms p95=0.026ms p99=0.026ms run=p50=0.375ms p95=0.375ms p99=0.375ms
  Discovery:MountInventory:Singleton: attempts=3 captured=3 baseline=0 absent=0 failed=0 rejected=0 cancelled=0 in_flight=0 queue=p50=0.075ms p95=7.951ms p99=7.951ms run=p50=0.219ms p95=0.389ms p99=0.389ms
  Disk:DiskTemperature:NamedPath { name: "nvme0n1", path: "/sys/class/hwmon/hwmon6/temp1_input" }: attempts=1 captured=1 baseline=0 absent=0 failed=0 rejected=0 cancelled=0 in_flight=0 queue=p50=0.025ms p95=0.025ms p99=0.025ms run=p50=1.733ms p95=1.733ms p99=1.733ms
  Disk:DiskTemperature:NamedPath { name: "nvme1n1", path: "/sys/class/hwmon/hwmon5/temp1_input" }: attempts=1 captured=1 baseline=0 absent=0 failed=0 rejected=0 cancelled=0 in_flight=0 queue=p50=0.025ms p95=0.025ms p99=0.025ms run=p50=0.327ms p95=0.327ms p99=0.327ms
  Disk:DiskUsage:Mount("/"): attempts=4 captured=3 baseline=0 absent=0 failed=0 rejected=0 cancelled=1 in_flight=0 queue=p50=0.368ms p95=1.832ms p99=1.832ms run=p50=0.071ms p95=0.166ms p99=0.166ms
  Disk:DiskUsage:Mount("/run/media/bogdan/S_04"): attempts=3 captured=3 baseline=0 absent=0 failed=0 rejected=0 cancelled=0 in_flight=0 queue=p50=0.220ms p95=0.295ms p99=0.295ms run=p50=0.046ms p95=0.133ms p99=0.133ms
  Disk:DiskUsage:Mount("/run/media/bogdan/T_01"): attempts=3 captured=3 baseline=0 absent=0 failed=0 rejected=0 cancelled=0 in_flight=0 queue=p50=0.202ms p95=12.742ms p99=12.742ms run=p50=0.092ms p95=0.132ms p99=0.132ms
  Disk:Smart:SmartDrive { label: "nvme0n1", object_path: "/org/freedesktop/UDisks2/drives/KINGSTON_SKC2500M82000G_50026B7684E30425" }: attempts=1 captured=1 baseline=0 absent=0 failed=0 rejected=0 cancelled=0 in_flight=0 queue=p50=0.081ms p95=0.081ms p99=0.081ms run=p50=9.627ms p95=9.627ms p99=9.627ms
  Disk:Smart:SmartDrive { label: "nvme1n1", object_path: "/org/freedesktop/UDisks2/drives/Samsung_SSD_990_PRO_4TB_S7DPNF0Y500836E" }: attempts=1 captured=1 baseline=0 absent=0 failed=0 rejected=0 cancelled=0 in_flight=0 queue=p50=1.721ms p95=1.721ms p99=1.721ms run=p50=5.581ms p95=5.581ms p99=5.581ms
  Memory:Memory:Singleton: attempts=3 captured=3 baseline=0 absent=0 failed=0 rejected=0 cancelled=0 in_flight=0 queue=p50=0.377ms p95=0.473ms p99=0.473ms run=p50=0.032ms p95=0.067ms p99=0.067ms
  Memory:MemoryHistory:Singleton: attempts=2 captured=2 baseline=0 absent=0 failed=0 rejected=0 cancelled=0 in_flight=0 queue=p50=0.055ms p95=0.089ms p99=0.089ms run=p50=0.007ms p95=0.010ms p99=0.010ms
  Network:NetworkHistory:Singleton: attempts=2 captured=2 baseline=0 absent=0 failed=0 rejected=0 cancelled=0 in_flight=0 queue=p50=0.040ms p95=0.050ms p99=0.050ms run=p50=0.017ms p95=0.031ms p99=0.031ms
  Network:NetworkIdentity:Singleton: attempts=1 captured=1 baseline=0 absent=0 failed=0 rejected=0 cancelled=0 in_flight=0 queue=p50=0.335ms p95=0.335ms p99=0.335ms run=p50=1.369ms p95=1.369ms p99=1.369ms
  Network:NetworkRate:Device("tun0"): attempts=4 captured=3 baseline=1 absent=0 failed=0 rejected=0 cancelled=0 in_flight=0 queue=p50=0.053ms p95=0.519ms p99=0.519ms run=p50=0.040ms p95=0.055ms p99=0.055ms
timing:
  wake_lateness: p50=1.211ms p95=1.964ms p99=1.964ms
  maximum_sample_age: 2997.529ms
  first_paint_latency: p50=104.617ms p95=104.617ms p99=104.617ms
  publication_lateness: p50=1.715ms p95=2.102ms p99=2.102ms
  skipped_display_deadlines: 0
  first_paint_over_250ms: 0
  publication_over_50ms: 0
  render_display_deadline: p50=0.283ms p95=0.459ms p99=0.459ms
  render_first_paint_ready: p50=0.269ms p95=0.269ms p99=0.269ms
  render_tooltip_activated: p50=0.070ms p95=0.070ms p99=0.070ms
  render_tooltip_refresh: p50=0.100ms p95=0.100ms p99=0.100ms
  write_time: not_applicable (HTML runtime writes disabled)
  shutdown_duration: 2.500ms
  shutdown_over_500ms: 0
  final_status: ok
