profile:
  duration_seconds: 4.200
  scenario: main
  stimuli: disabled
  process_calls: 2
  dbus_calls: 10
jobs:
  Cpu:Cpu:CpuSources { temperature: Some("/sys/class/hwmon/hwmon10/temp1_input"), frequency: Some("/sys/devices/system/cpu/cpu0/cpufreq/scaling_cur_freq"), turbo: Some("/sys/devices/system/cpu/cpufreq/boost") }: attempts=4 captured=3 baseline=1 absent=0 failed=0 rejected=0 cancelled=0 in_flight=0 queue=p50=0.135ms p95=0.196ms p99=0.196ms run=p50=0.195ms p95=0.291ms p99=0.291ms
  Cpu:CpuHistory:Singleton: attempts=2 captured=2 baseline=0 absent=0 failed=0 rejected=0 cancelled=0 in_flight=0 queue=p50=0.069ms p95=0.083ms p99=0.083ms run=p50=0.025ms p95=0.027ms p99=0.027ms
  Discovery:HardwareDiscovery:Inventory(Backlight): attempts=1 captured=1 baseline=0 absent=0 failed=0 rejected=0 cancelled=0 in_flight=0 queue=p50=0.025ms p95=0.025ms p99=0.025ms run=p50=0.013ms p95=0.013ms p99=0.013ms
  Discovery:HardwareDiscovery:Inventory(Cpu): attempts=2 captured=1 baseline=0 absent=0 failed=0 rejected=0 cancelled=1 in_flight=0 queue=p50=0.070ms p95=0.070ms p99=0.070ms run=p50=0.313ms p95=0.313ms p99=0.313ms
  Discovery:HardwareDiscovery:Inventory(DiskIo): attempts=1 captured=1 baseline=0 absent=0 failed=0 rejected=0 cancelled=0 in_flight=0 queue=p50=0.040ms p95=0.040ms p99=0.040ms run=p50=0.095ms p95=0.095ms p99=0.095ms
  Discovery:HardwareDiscovery:Inventory(Intel): attempts=1 captured=1 baseline=0 absent=0 failed=0 rejected=0 cancelled=0 in_flight=0 queue=p50=0.063ms p95=0.063ms p99=0.063ms run=p50=0.048ms p95=0.048ms p99=0.048ms
  Discovery:HardwareDiscovery:Inventory(Network): attempts=1 captured=1 baseline=0 absent=0 failed=0 rejected=0 cancelled=0 in_flight=0 queue=p50=19.875ms p95=19.875ms p99=19.875ms run=p50=1.521ms p95=1.521ms p99=1.521ms
  Discovery:HardwareDiscovery:Inventory(Nvidia): attempts=1 captured=1 baseline=0 absent=0 failed=0 rejected=0 cancelled=0 in_flight=0 queue=p50=0.027ms p95=0.027ms p99=0.027ms run=p50=0.269ms p95=0.269ms p99=0.269ms
  Discovery:HardwareDiscovery:Inventory(Peripheral): attempts=1 captured=1 baseline=0 absent=0 failed=0 rejected=0 cancelled=0 in_flight=0 queue=p50=6.978ms p95=6.978ms p99=6.978ms run=p50=0.307ms p95=0.307ms p99=0.307ms
  Discovery:HardwareDiscovery:Inventory(Smart): attempts=1 captured=1 baseline=0 absent=0 failed=0 rejected=0 cancelled=0 in_flight=0 queue=p50=0.043ms p95=0.043ms p99=0.043ms run=p50=2.433ms p95=2.433ms p99=2.433ms
  Discovery:HardwareDiscovery:Inventory(SystemBattery): attempts=1 captured=1 baseline=0 absent=0 failed=0 rejected=0 cancelled=0 in_flight=0 queue=p50=0.074ms p95=0.074ms p99=0.074ms run=p50=7.675ms p95=7.675ms p99=7.675ms
  Discovery:HardwareDiscovery:Inventory(Thermal): attempts=1 captured=1 baseline=0 absent=0 failed=0 rejected=0 cancelled=0 in_flight=0 queue=p50=0.068ms p95=0.068ms p99=0.068ms run=p50=0.276ms p95=0.276ms p99=0.276ms
  Discovery:MountInventory:Singleton: attempts=3 captured=3 baseline=0 absent=0 failed=0 rejected=0 cancelled=0 in_flight=0 queue=p50=0.142ms p95=20.918ms p99=20.918ms run=p50=0.239ms p95=0.243ms p99=0.243ms
  Disk:DiskTemperature:NamedPath { name: "nvme0n1", path: "/sys/class/hwmon/hwmon6/temp1_input" }: attempts=1 captured=1 baseline=0 absent=0 failed=0 rejected=0 cancelled=0 in_flight=0 queue=p50=0.164ms p95=0.164ms p99=0.164ms run=p50=5.151ms p95=5.151ms p99=5.151ms
  Disk:DiskTemperature:NamedPath { name: "nvme1n1", path: "/sys/class/hwmon/hwmon5/temp1_input" }: attempts=1 captured=1 baseline=0 absent=0 failed=0 rejected=0 cancelled=0 in_flight=0 queue=p50=0.062ms p95=0.062ms p99=0.062ms run=p50=1.276ms p95=1.276ms p99=1.276ms
  Disk:DiskUsage:Mount("/"): attempts=4 captured=3 baseline=0 absent=0 failed=0 rejected=0 cancelled=1 in_flight=0 queue=p50=0.467ms p95=2.099ms p99=2.099ms run=p50=0.048ms p95=0.058ms p99=0.058ms
  Disk:DiskUsage:Mount("/run/media/bogdan/S_04"): attempts=3 captured=3 baseline=0 absent=0 failed=0 rejected=0 cancelled=0 in_flight=0 queue=p50=0.054ms p95=0.136ms p99=0.136ms run=p50=0.033ms p95=0.041ms p99=0.041ms
  Disk:DiskUsage:Mount("/run/media/bogdan/T_01"): attempts=3 captured=3 baseline=0 absent=0 failed=0 rejected=0 cancelled=0 in_flight=0 queue=p50=0.231ms p95=10.646ms p99=10.646ms run=p50=0.036ms p95=0.046ms p99=0.046ms
  Disk:Smart:SmartDrive { label: "nvme0n1", object_path: "/org/freedesktop/UDisks2/drives/KINGSTON_SKC2500M82000G_50026B7684E30425" }: attempts=1 captured=1 baseline=0 absent=0 failed=0 rejected=0 cancelled=0 in_flight=0 queue=p50=0.107ms p95=0.107ms p99=0.107ms run=p50=19.918ms p95=19.918ms p99=19.918ms
  Disk:Smart:SmartDrive { label: "nvme1n1", object_path: "/org/freedesktop/UDisks2/drives/Samsung_SSD_990_PRO_4TB_S7DPNF0Y500836E" }: attempts=1 captured=1 baseline=0 absent=0 failed=0 rejected=0 cancelled=0 in_flight=0 queue=p50=1.472ms p95=1.472ms p99=1.472ms run=p50=7.221ms p95=7.221ms p99=7.221ms
  Memory:Memory:Singleton: attempts=3 captured=3 baseline=0 absent=0 failed=0 rejected=0 cancelled=0 in_flight=0 queue=p50=0.309ms p95=0.387ms p99=0.387ms run=p50=0.034ms p95=0.044ms p99=0.044ms
  Memory:MemoryHistory:Singleton: attempts=2 captured=2 baseline=0 absent=0 failed=0 rejected=0 cancelled=0 in_flight=0 queue=p50=0.078ms p95=0.095ms p99=0.095ms run=p50=0.008ms p95=0.033ms p99=0.033ms
  Network:NetworkHistory:Singleton: attempts=2 captured=2 baseline=0 absent=0 failed=0 rejected=0 cancelled=0 in_flight=0 queue=p50=0.028ms p95=0.032ms p99=0.032ms run=p50=0.014ms p95=0.016ms p99=0.016ms
  Network:NetworkIdentity:Singleton: attempts=1 captured=1 baseline=0 absent=0 failed=0 rejected=0 cancelled=0 in_flight=0 queue=p50=0.265ms p95=0.265ms p99=0.265ms run=p50=1.699ms p95=1.699ms p99=1.699ms
  Network:NetworkRate:Device("tun0"): attempts=4 captured=3 baseline=1 absent=0 failed=0 rejected=0 cancelled=0 in_flight=0 queue=p50=0.096ms p95=0.416ms p99=0.416ms run=p50=0.035ms p95=0.097ms p99=0.097ms
timing:
  wake_lateness: p50=0.877ms p95=1.600ms p99=1.600ms
  maximum_sample_age: 2995.919ms
  first_paint_latency: p50=105.326ms p95=105.326ms p99=105.326ms
  publication_lateness: p50=0.742ms p95=1.188ms p99=1.188ms
  skipped_display_deadlines: 0
  first_paint_over_250ms: 0
  publication_over_50ms: 0
  render_display_deadline: p50=0.231ms p95=0.295ms p99=0.295ms
  render_first_paint_ready: p50=0.181ms p95=0.181ms p99=0.181ms
  render_tooltip_activated: p50=0.058ms p95=0.058ms p99=0.058ms
  render_tooltip_refresh: p50=0.088ms p95=0.088ms p99=0.088ms
  write_time: not_applicable (HTML runtime writes disabled)
  shutdown_duration: 2.410ms
  shutdown_over_500ms: 0
  final_status: ok
