   Compiling proc-macro2 v1.0.107
   Compiling quote v1.0.47
   Compiling ident_case v1.0.1
   Compiling strsim v0.11.1
   Compiling fnv v1.0.7
   Compiling thiserror v1.0.69
   Compiling static_assertions v1.1.0
   Compiling libloading v0.8.9
   Compiling nvml-wrapper-sys v0.9.1
   Compiling syn v2.0.119
   Compiling syn v3.0.3
   Compiling serde_derive v1.0.229
   Compiling darling_core v0.20.11
   Compiling thiserror-impl v1.0.69
   Compiling serde v1.0.229
   Compiling darling_macro v0.20.11
   Compiling darling v0.20.11
   Compiling wrapcenum-derive v0.4.1
   Compiling nvml-wrapper v0.12.1
   Compiling plasma-top v0.1.0 (/var/mnt/xdata/code/_self/plasma-top)
    Finished `release` profile [optimized] target(s) in 9.09s
