profile:
  duration_seconds: 4.200
  scenario: graphs
  stimuli: disabled
  process_calls: 2
  dbus_calls: 11
jobs:
  Cpu:Cpu:CpuSources { temperature: Some("/sys/class/hwmon/hwmon10/temp1_input"), frequency: Some("/sys/devices/system/cpu/cpu0/cpufreq/scaling_cur_freq"), turbo: Some("/sys/devices/system/cpu/cpufreq/boost") }: attempts=4 captured=3 baseline=1 absent=0 failed=0 rejected=0 cancelled=0 in_flight=0 queue=p50=0.115ms p95=0.135ms p99=0.135ms run=p50=0.153ms p95=0.260ms p99=0.260ms
  Cpu:CpuHistory:Singleton: attempts=2 captured=2 baseline=0 absent=0 failed=0 rejected=0 cancelled=0 in_flight=0 queue=p50=0.072ms p95=0.076ms p99=0.076ms run=p50=0.024ms p95=0.025ms p99=0.025ms
  Discovery:HardwareDiscovery:Inventory(Backlight): attempts=1 captured=1 baseline=0 absent=0 failed=0 rejected=0 cancelled=0 in_flight=0 queue=p50=0.606ms p95=0.606ms p99=0.606ms run=p50=0.011ms p95=0.011ms p99=0.011ms
  Discovery:HardwareDiscovery:Inventory(Cpu): attempts=2 captured=1 baseline=0 absent=0 failed=0 rejected=0 cancelled=1 in_flight=0 queue=p50=0.046ms p95=0.046ms p99=0.046ms run=p50=0.313ms p95=0.313ms p99=0.313ms
  Discovery:HardwareDiscovery:Inventory(DiskIo): attempts=6 captured=0 baseline=0 absent=0 failed=6 rejected=0 cancelled=0 in_flight=0 queue=p50=0.100ms p95=0.111ms p99=0.111ms run=p50=0.187ms p95=0.271ms p99=0.271ms
  Discovery:HardwareDiscovery:Inventory(Intel): attempts=1 captured=1 baseline=0 absent=0 failed=0 rejected=0 cancelled=0 in_flight=0 queue=p50=0.063ms p95=0.063ms p99=0.063ms run=p50=0.040ms p95=0.040ms p99=0.040ms
  Discovery:HardwareDiscovery:Inventory(Network): attempts=1 captured=1 baseline=0 absent=0 failed=0 rejected=0 cancelled=0 in_flight=0 queue=p50=23.018ms p95=23.018ms p99=23.018ms run=p50=1.323ms p95=1.323ms p99=1.323ms
  Discovery:HardwareDiscovery:Inventory(Nvidia): attempts=1 captured=1 baseline=0 absent=0 failed=0 rejected=0 cancelled=0 in_flight=0 queue=p50=0.097ms p95=0.097ms p99=0.097ms run=p50=0.251ms p95=0.251ms p99=0.251ms
  Discovery:HardwareDiscovery:Inventory(Peripheral): attempts=1 captured=1 baseline=0 absent=0 failed=0 rejected=0 cancelled=0 in_flight=0 queue=p50=6.723ms p95=6.723ms p99=6.723ms run=p50=0.253ms p95=0.253ms p99=0.253ms
  Discovery:HardwareDiscovery:Inventory(Smart): attempts=1 captured=1 baseline=0 absent=0 failed=0 rejected=0 cancelled=0 in_flight=0 queue=p50=0.030ms p95=0.030ms p99=0.030ms run=p50=4.826ms p95=4.826ms p99=4.826ms
  Discovery:HardwareDiscovery:Inventory(SystemBattery): attempts=1 captured=1 baseline=0 absent=0 failed=0 rejected=0 cancelled=0 in_flight=0 queue=p50=0.076ms p95=0.076ms p99=0.076ms run=p50=0.430ms p95=0.430ms p99=0.430ms
  Discovery:HardwareDiscovery:Inventory(Thermal): attempts=1 captured=1 baseline=0 absent=0 failed=0 rejected=0 cancelled=0 in_flight=0 queue=p50=0.173ms p95=0.173ms p99=0.173ms run=p50=0.273ms p95=0.273ms p99=0.273ms
  Discovery:MountInventory:Singleton: attempts=3 captured=3 baseline=0 absent=0 failed=0 rejected=0 cancelled=0 in_flight=0 queue=p50=0.100ms p95=0.520ms p99=0.520ms run=p50=0.154ms p95=0.157ms p99=0.157ms
  Disk:DiskTemperature:NamedPath { name: "nvme0n1", path: "/sys/class/hwmon/hwmon6/temp1_input" }: attempts=1 captured=1 baseline=0 absent=0 failed=0 rejected=0 cancelled=0 in_flight=0 queue=p50=0.050ms p95=0.050ms p99=0.050ms run=p50=5.099ms p95=5.099ms p99=5.099ms
  Disk:DiskTemperature:NamedPath { name: "nvme1n1", path: "/sys/class/hwmon/hwmon5/temp1_input" }: attempts=1 captured=1 baseline=0 absent=0 failed=0 rejected=0 cancelled=0 in_flight=0 queue=p50=0.029ms p95=0.029ms p99=0.029ms run=p50=1.207ms p95=1.207ms p99=1.207ms
  Disk:DiskUsage:Mount("/"): attempts=3 captured=3 baseline=0 absent=0 failed=0 rejected=0 cancelled=0 in_flight=0 queue=p50=0.637ms p95=1.685ms p99=1.685ms run=p50=0.018ms p95=0.019ms p99=0.019ms
  Disk:DiskUsage:Mount("/run/media/bogdan/Q_16"): attempts=3 captured=3 baseline=0 absent=0 failed=0 rejected=0 cancelled=0 in_flight=0 queue=p50=0.605ms p95=0.711ms p99=0.711ms run=p50=0.022ms p95=0.023ms p99=0.023ms
  Disk:DiskUsage:Mount("/run/media/bogdan/R_14"): attempts=3 captured=3 baseline=0 absent=0 failed=0 rejected=0 cancelled=0 in_flight=0 queue=p50=0.617ms p95=1.722ms p99=1.722ms run=p50=0.012ms p95=0.021ms p99=0.021ms
  Disk:DiskUsage:Mount("/run/media/bogdan/S_04"): attempts=3 captured=3 baseline=0 absent=0 failed=0 rejected=0 cancelled=0 in_flight=0 queue=p50=0.027ms p95=0.585ms p99=0.585ms run=p50=0.011ms p95=0.022ms p99=0.022ms
  Disk:DiskUsage:Mount("/run/media/bogdan/T_01"): attempts=3 captured=3 baseline=0 absent=0 failed=0 rejected=0 cancelled=0 in_flight=0 queue=p50=0.026ms p95=0.400ms p99=0.400ms run=p50=0.010ms p95=0.022ms p99=0.022ms
  Disk:Smart:SmartDrive { label: "nvme0n1", object_path: "/org/freedesktop/UDisks2/drives/KINGSTON_SKC2500M82000G_50026B7684E30425" }: attempts=1 captured=1 baseline=0 absent=0 failed=0 rejected=0 cancelled=0 in_flight=0 queue=p50=0.098ms p95=0.098ms p99=0.098ms run=p50=22.195ms p95=22.195ms p99=22.195ms
  Disk:Smart:SmartDrive { label: "nvme1n1", object_path: "/org/freedesktop/UDisks2/drives/Samsung_SSD_990_PRO_4TB_S7DPNF0Y500836E" }: attempts=1 captured=1 baseline=0 absent=0 failed=0 rejected=0 cancelled=0 in_flight=0 queue=p50=1.994ms p95=1.994ms p99=1.994ms run=p50=6.043ms p95=6.043ms p99=6.043ms
  External:Brightness:Singleton: attempts=6 captured=0 baseline=0 absent=0 failed=6 rejected=0 cancelled=0 in_flight=0 queue=p50=0.069ms p95=0.311ms p99=0.311ms run=p50=0.050ms p95=0.104ms p99=0.104ms
  Memory:Memory:Singleton: attempts=3 captured=3 baseline=0 absent=0 failed=0 rejected=0 cancelled=0 in_flight=0 queue=p50=0.245ms p95=0.273ms p99=0.273ms run=p50=0.030ms p95=0.031ms p99=0.031ms
  Memory:MemoryHistory:Singleton: attempts=2 captured=2 baseline=0 absent=0 failed=0 rejected=0 cancelled=0 in_flight=0 queue=p50=0.078ms p95=0.083ms p99=0.083ms run=p50=0.008ms p95=0.008ms p99=0.008ms
  Network:NetworkHistory:Singleton: attempts=2 captured=2 baseline=0 absent=0 failed=0 rejected=0 cancelled=0 in_flight=0 queue=p50=0.022ms p95=0.023ms p99=0.023ms run=p50=0.011ms p95=0.011ms p99=0.011ms
  Network:NetworkIdentity:Singleton: attempts=1 captured=1 baseline=0 absent=0 failed=0 rejected=0 cancelled=0 in_flight=0 queue=p50=0.594ms p95=0.594ms p99=0.594ms run=p50=1.038ms p95=1.038ms p99=1.038ms
  Network:NetworkRate:Device("tun0"): attempts=4 captured=3 baseline=1 absent=0 failed=0 rejected=0 cancelled=0 in_flight=0 queue=p50=0.043ms p95=0.293ms p99=0.293ms run=p50=0.027ms p95=0.069ms p99=0.069ms
  Page:PageRender:Singleton: attempts=36 captured=22 baseline=0 absent=0 failed=0 rejected=12 cancelled=2 in_flight=0 queue=p50=0.080ms p95=6.390ms p99=22.314ms run=p50=0.590ms p95=1.340ms p99=1.425ms
timing:
  wake_lateness: p50=0.857ms p95=1.430ms p99=1.430ms
  maximum_sample_age: 3158.553ms
  first_paint_latency: p50=103.196ms p95=103.196ms p99=103.196ms
  publication_lateness: p50=0.883ms p95=1.059ms p99=1.059ms
  skipped_display_deadlines: 0
  first_paint_over_250ms: 0
  publication_over_50ms: 0
  render_display_deadline: p50=0.188ms p95=0.202ms p99=0.202ms
  render_first_paint_ready: p50=0.135ms p95=0.135ms p99=0.135ms
  render_page_changed: p50=0.005ms p95=0.005ms p99=0.005ms
  render_tooltip_activated: p50=0.009ms p95=0.009ms p99=0.009ms
  render_tooltip_refresh: p50=0.001ms p95=0.002ms p99=0.002ms
  write_time: not_applicable (HTML runtime writes disabled)
  shutdown_duration: 5.075ms
  shutdown_over_500ms: 0
  final_status: ok

