profile:
  duration_seconds: 4.200
  scenario: main
  stimuli: disabled
  process_calls: 2
  dbus_calls: 12
jobs:
  Cpu:Cpu:CpuSources { temperature: Some("/sys/class/hwmon/hwmon10/temp1_input"), frequency: Some("/sys/devices/system/cpu/cpu0/cpufreq/scaling_cur_freq"), turbo: Some("/sys/devices/system/cpu/cpufreq/boost") }: attempts=4 captured=3 baseline=1 absent=0 failed=0 rejected=0 cancelled=0 in_flight=0 queue=p50=0.109ms p95=0.178ms p99=0.178ms run=p50=0.175ms p95=0.192ms p99=0.192ms
  Cpu:CpuHistory:Singleton: attempts=2 captured=2 baseline=0 absent=0 failed=0 rejected=0 cancelled=0 in_flight=0 queue=p50=0.068ms p95=0.070ms p99=0.070ms run=p50=0.025ms p95=0.026ms p99=0.026ms
  Discovery:HardwareDiscovery:Inventory(Backlight): attempts=1 captured=1 baseline=0 absent=0 failed=0 rejected=0 cancelled=0 in_flight=0 queue=p50=0.108ms p95=0.108ms p99=0.108ms run=p50=0.010ms p95=0.010ms p99=0.010ms
  Discovery:HardwareDiscovery:Inventory(Cpu): attempts=2 captured=1 baseline=0 absent=0 failed=0 rejected=0 cancelled=1 in_flight=0 queue=p50=0.027ms p95=0.027ms p99=0.027ms run=p50=0.337ms p95=0.337ms p99=0.337ms
  Discovery:HardwareDiscovery:Inventory(DiskIo): attempts=6 captured=0 baseline=0 absent=0 failed=6 rejected=0 cancelled=0 in_flight=0 queue=p50=0.092ms p95=0.109ms p99=0.109ms run=p50=0.183ms p95=0.226ms p99=0.226ms
  Discovery:HardwareDiscovery:Inventory(Intel): attempts=1 captured=1 baseline=0 absent=0 failed=0 rejected=0 cancelled=0 in_flight=0 queue=p50=0.048ms p95=0.048ms p99=0.048ms run=p50=0.030ms p95=0.030ms p99=0.030ms
  Discovery:HardwareDiscovery:Inventory(Network): attempts=1 captured=1 baseline=0 absent=0 failed=0 rejected=0 cancelled=0 in_flight=0 queue=p50=21.264ms p95=21.264ms p99=21.264ms run=p50=1.787ms p95=1.787ms p99=1.787ms
  Discovery:HardwareDiscovery:Inventory(Nvidia): attempts=1 captured=1 baseline=0 absent=0 failed=0 rejected=0 cancelled=0 in_flight=0 queue=p50=0.089ms p95=0.089ms p99=0.089ms run=p50=0.254ms p95=0.254ms p99=0.254ms
  Discovery:HardwareDiscovery:Inventory(Peripheral): attempts=1 captured=1 baseline=0 absent=0 failed=0 rejected=0 cancelled=0 in_flight=0 queue=p50=7.476ms p95=7.476ms p99=7.476ms run=p50=0.289ms p95=0.289ms p99=0.289ms
  Discovery:HardwareDiscovery:Inventory(Smart): attempts=1 captured=1 baseline=0 absent=0 failed=0 rejected=0 cancelled=0 in_flight=0 queue=p50=0.023ms p95=0.023ms p99=0.023ms run=p50=2.191ms p95=2.191ms p99=2.191ms
  Discovery:HardwareDiscovery:Inventory(SystemBattery): attempts=2 captured=2 baseline=0 absent=0 failed=0 rejected=0 cancelled=0 in_flight=0 queue=p50=0.024ms p95=0.098ms p99=0.098ms run=p50=0.168ms p95=8.153ms p99=8.153ms
  Discovery:HardwareDiscovery:Inventory(Thermal): attempts=1 captured=1 baseline=0 absent=0 failed=0 rejected=0 cancelled=0 in_flight=0 queue=p50=0.022ms p95=0.022ms p99=0.022ms run=p50=0.234ms p95=0.234ms p99=0.234ms
  Discovery:MountInventory:Singleton: attempts=3 captured=3 baseline=0 absent=0 failed=0 rejected=0 cancelled=0 in_flight=0 queue=p50=0.099ms p95=0.099ms p99=0.099ms run=p50=0.146ms p95=0.154ms p99=0.154ms
  Disk:DiskTemperature:NamedPath { name: "nvme0n1", path: "/sys/class/hwmon/hwmon6/temp1_input" }: attempts=1 captured=1 baseline=0 absent=0 failed=0 rejected=0 cancelled=0 in_flight=0 queue=p50=0.020ms p95=0.020ms p99=0.020ms run=p50=5.340ms p95=5.340ms p99=5.340ms
  Disk:DiskTemperature:NamedPath { name: "nvme1n1", path: "/sys/class/hwmon/hwmon5/temp1_input" }: attempts=1 captured=1 baseline=0 absent=0 failed=0 rejected=0 cancelled=0 in_flight=0 queue=p50=0.038ms p95=0.038ms p99=0.038ms run=p50=2.324ms p95=2.324ms p99=2.324ms
  Disk:DiskUsage:Mount("/"): attempts=4 captured=3 baseline=0 absent=0 failed=0 rejected=0 cancelled=1 in_flight=0 queue=p50=0.536ms p95=2.751ms p99=2.751ms run=p50=0.017ms p95=0.018ms p99=0.018ms
  Disk:DiskUsage:Mount("/run/media/bogdan/Q_16"): attempts=3 captured=3 baseline=0 absent=0 failed=0 rejected=0 cancelled=0 in_flight=0 queue=p50=0.035ms p95=0.130ms p99=0.130ms run=p50=0.021ms p95=0.029ms p99=0.029ms
  Disk:DiskUsage:Mount("/run/media/bogdan/R_14"): attempts=3 captured=3 baseline=0 absent=0 failed=0 rejected=0 cancelled=0 in_flight=0 queue=p50=0.356ms p95=1.033ms p99=1.033ms run=p50=0.012ms p95=0.022ms p99=0.022ms
  Disk:DiskUsage:Mount("/run/media/bogdan/S_04"): attempts=3 captured=3 baseline=0 absent=0 failed=0 rejected=0 cancelled=0 in_flight=0 queue=p50=0.037ms p95=0.042ms p99=0.042ms run=p50=0.011ms p95=0.015ms p99=0.015ms
  Disk:DiskUsage:Mount("/run/media/bogdan/T_01"): attempts=3 captured=3 baseline=0 absent=0 failed=0 rejected=0 cancelled=0 in_flight=0 queue=p50=0.027ms p95=0.027ms p99=0.027ms run=p50=0.010ms p95=0.011ms p99=0.011ms
  Disk:Smart:SmartDrive { label: "nvme0n1", object_path: "/org/freedesktop/UDisks2/drives/KINGSTON_SKC2500M82000G_50026B7684E30425" }: attempts=1 captured=1 baseline=0 absent=0 failed=0 rejected=0 cancelled=0 in_flight=0 queue=p50=0.076ms p95=0.076ms p99=0.076ms run=p50=21.305ms p95=21.305ms p99=21.305ms
  Disk:Smart:SmartDrive { label: "nvme1n1", object_path: "/org/freedesktop/UDisks2/drives/Samsung_SSD_990_PRO_4TB_S7DPNF0Y500836E" }: attempts=1 captured=1 baseline=0 absent=0 failed=0 rejected=0 cancelled=0 in_flight=0 queue=p50=1.625ms p95=1.625ms p99=1.625ms run=p50=7.416ms p95=7.416ms p99=7.416ms
  External:Brightness:Singleton: attempts=6 captured=0 baseline=0 absent=0 failed=6 rejected=0 cancelled=0 in_flight=0 queue=p50=0.069ms p95=0.346ms p99=0.346ms run=p50=0.034ms p95=0.091ms p99=0.091ms
  Memory:Memory:Singleton: attempts=3 captured=3 baseline=0 absent=0 failed=0 rejected=0 cancelled=0 in_flight=0 queue=p50=0.265ms p95=0.334ms p99=0.334ms run=p50=0.029ms p95=0.037ms p99=0.037ms
  Memory:MemoryHistory:Singleton: attempts=2 captured=2 baseline=0 absent=0 failed=0 rejected=0 cancelled=0 in_flight=0 queue=p50=0.078ms p95=0.080ms p99=0.080ms run=p50=0.007ms p95=0.008ms p99=0.008ms
  Network:NetworkHistory:Singleton: attempts=2 captured=2 baseline=0 absent=0 failed=0 rejected=0 cancelled=0 in_flight=0 queue=p50=0.024ms p95=0.035ms p99=0.035ms run=p50=0.013ms p95=0.017ms p99=0.017ms
  Network:NetworkIdentity:Singleton: attempts=1 captured=1 baseline=0 absent=0 failed=0 rejected=0 cancelled=0 in_flight=0 queue=p50=0.314ms p95=0.314ms p99=0.314ms run=p50=2.086ms p95=2.086ms p99=2.086ms
  Network:NetworkRate:Device("tun0"): attempts=4 captured=3 baseline=1 absent=0 failed=0 rejected=0 cancelled=0 in_flight=0 queue=p50=0.082ms p95=0.281ms p99=0.281ms run=p50=0.030ms p95=0.032ms p99=0.032ms
timing:
  wake_lateness: p50=0.950ms p95=1.832ms p99=1.832ms
  maximum_sample_age: 2996.538ms
  first_paint_latency: p50=104.701ms p95=104.701ms p99=104.701ms
  publication_lateness: p50=0.856ms p95=1.267ms p99=1.267ms
  skipped_display_deadlines: 0
  first_paint_over_250ms: 0
  publication_over_50ms: 0
  render_display_deadline: p50=0.243ms p95=0.246ms p99=0.246ms
  render_first_paint_ready: p50=0.182ms p95=0.182ms p99=0.182ms
  render_tooltip_activated: p50=0.060ms p95=0.060ms p99=0.060ms
  render_tooltip_refresh: p50=0.093ms p95=0.093ms p99=0.093ms
  write_time: not_applicable (HTML runtime writes disabled)
  shutdown_duration: 2.673ms
  shutdown_over_500ms: 0
  final_status: ok

