profile:
  duration_seconds: 4.200
  scenario: main
  stimuli: disabled
  process_calls: 2
  dbus_calls: 22
jobs:
  Cpu:Cpu:CpuSources { temperature: Some("/sys/class/hwmon/hwmon10/temp1_input"), frequency: Some("/sys/devices/system/cpu/cpu0/cpufreq/scaling_cur_freq"), turbo: Some("/sys/devices/system/cpu/cpufreq/boost") }: attempts=4 captured=3 baseline=1 absent=0 failed=0 rejected=0 cancelled=0 in_flight=0 queue=p50=0.173ms p95=0.211ms p99=0.211ms run=p50=0.210ms p95=0.286ms p99=0.286ms
  Cpu:CpuHistory:Singleton: attempts=2 captured=2 baseline=0 absent=0 failed=0 rejected=0 cancelled=0 in_flight=0 queue=p50=0.040ms p95=0.054ms p99=0.054ms run=p50=0.013ms p95=0.023ms p99=0.023ms
  Discovery:HardwareDiscovery:Inventory(Backlight): attempts=1 captured=1 baseline=0 absent=0 failed=0 rejected=0 cancelled=0 in_flight=0 queue=p50=0.051ms p95=0.051ms p99=0.051ms run=p50=0.084ms p95=0.084ms p99=0.084ms
  Discovery:HardwareDiscovery:Inventory(Cpu): attempts=2 captured=1 baseline=0 absent=0 failed=0 rejected=0 cancelled=1 in_flight=0 queue=p50=0.080ms p95=0.080ms p99=0.080ms run=p50=0.376ms p95=0.376ms p99=0.376ms
  Discovery:HardwareDiscovery:Inventory(DiskIo): attempts=6 captured=0 baseline=0 absent=0 failed=6 rejected=0 cancelled=0 in_flight=0 queue=p50=0.028ms p95=0.058ms p99=0.058ms run=p50=0.175ms p95=0.316ms p99=0.316ms
  Discovery:HardwareDiscovery:Inventory(Intel): attempts=1 captured=1 baseline=0 absent=0 failed=0 rejected=0 cancelled=0 in_flight=0 queue=p50=0.047ms p95=0.047ms p99=0.047ms run=p50=0.037ms p95=0.037ms p99=0.037ms
  Discovery:HardwareDiscovery:Inventory(Network): attempts=1 captured=1 baseline=0 absent=0 failed=0 rejected=0 cancelled=0 in_flight=0 queue=p50=0.048ms p95=0.048ms p99=0.048ms run=p50=1.254ms p95=1.254ms p99=1.254ms
  Discovery:HardwareDiscovery:Inventory(Nvidia): attempts=1 captured=1 baseline=0 absent=0 failed=0 rejected=0 cancelled=0 in_flight=0 queue=p50=0.040ms p95=0.040ms p99=0.040ms run=p50=0.252ms p95=0.252ms p99=0.252ms
  Discovery:HardwareDiscovery:Inventory(Peripheral): attempts=6 captured=0 baseline=0 absent=0 failed=6 rejected=0 cancelled=0 in_flight=0 queue=p50=0.035ms p95=0.097ms p99=0.097ms run=p50=0.032ms p95=0.036ms p99=0.036ms
  Discovery:HardwareDiscovery:Inventory(Smart): attempts=6 captured=0 baseline=0 absent=0 failed=6 rejected=0 cancelled=0 in_flight=0 queue=p50=0.054ms p95=0.080ms p99=0.080ms run=p50=0.024ms p95=0.041ms p99=0.041ms
  Discovery:HardwareDiscovery:Inventory(SystemBattery): attempts=6 captured=0 baseline=0 absent=0 failed=6 rejected=0 cancelled=0 in_flight=0 queue=p50=0.076ms p95=27.972ms p99=27.972ms run=p50=0.065ms p95=6.575ms p99=6.575ms
  Discovery:HardwareDiscovery:Inventory(Thermal): attempts=1 captured=1 baseline=0 absent=0 failed=0 rejected=0 cancelled=0 in_flight=0 queue=p50=0.033ms p95=0.033ms p99=0.033ms run=p50=0.373ms p95=0.373ms p99=0.373ms
  Discovery:MountInventory:Singleton: attempts=3 captured=3 baseline=0 absent=0 failed=0 rejected=0 cancelled=0 in_flight=0 queue=p50=0.098ms p95=13.087ms p99=13.087ms run=p50=0.165ms p95=0.273ms p99=0.273ms
  Disk:DiskTemperature:NamedPath { name: "nvme0n1", path: "/sys/class/hwmon/hwmon6/temp1_input" }: attempts=1 captured=1 baseline=0 absent=0 failed=0 rejected=0 cancelled=0 in_flight=0 queue=p50=0.025ms p95=0.025ms p99=0.025ms run=p50=5.120ms p95=5.120ms p99=5.120ms
  Disk:DiskTemperature:NamedPath { name: "nvme1n1", path: "/sys/class/hwmon/hwmon5/temp1_input" }: attempts=1 captured=1 baseline=0 absent=0 failed=0 rejected=0 cancelled=0 in_flight=0 queue=p50=0.034ms p95=0.034ms p99=0.034ms run=p50=1.209ms p95=1.209ms p99=1.209ms
  Disk:DiskUsage:Mount("/"): attempts=4 captured=3 baseline=0 absent=0 failed=0 rejected=0 cancelled=1 in_flight=0 queue=p50=0.362ms p95=1.910ms p99=1.910ms run=p50=0.027ms p95=0.123ms p99=0.123ms
  Disk:DiskUsage:Mount("/run/media/bogdan/Q_16"): attempts=3 captured=3 baseline=0 absent=0 failed=0 rejected=0 cancelled=0 in_flight=0 queue=p50=0.045ms p95=0.085ms p99=0.085ms run=p50=0.039ms p95=0.089ms p99=0.089ms
  Disk:DiskUsage:Mount("/run/media/bogdan/R_14"): attempts=3 captured=3 baseline=0 absent=0 failed=0 rejected=0 cancelled=0 in_flight=0 queue=p50=0.040ms p95=12.581ms p99=12.581ms run=p50=0.072ms p95=0.075ms p99=0.075ms
  Disk:DiskUsage:Mount("/run/media/bogdan/S_04"): attempts=3 captured=3 baseline=0 absent=0 failed=0 rejected=0 cancelled=0 in_flight=0 queue=p50=1.220ms p95=28.384ms p99=28.384ms run=p50=0.035ms p95=0.109ms p99=0.109ms
  Disk:DiskUsage:Mount("/run/media/bogdan/T_01"): attempts=3 captured=3 baseline=0 absent=0 failed=0 rejected=0 cancelled=0 in_flight=0 queue=p50=0.068ms p95=0.107ms p99=0.107ms run=p50=0.027ms p95=0.029ms p99=0.029ms
  External:Brightness:Singleton: attempts=6 captured=0 baseline=0 absent=0 failed=6 rejected=0 cancelled=0 in_flight=0 queue=p50=0.059ms p95=0.357ms p99=0.357ms run=p50=0.043ms p95=0.139ms p99=0.139ms
  Memory:Memory:Singleton: attempts=3 captured=3 baseline=0 absent=0 failed=0 rejected=0 cancelled=0 in_flight=0 queue=p50=0.379ms p95=0.382ms p99=0.382ms run=p50=0.041ms p95=0.042ms p99=0.042ms
  Network:NetworkIdentity:Singleton: attempts=1 captured=1 baseline=0 absent=0 failed=0 rejected=0 cancelled=0 in_flight=0 queue=p50=0.350ms p95=0.350ms p99=0.350ms run=p50=1.422ms p95=1.422ms p99=1.422ms
  Network:NetworkRate:Device("tun0"): attempts=4 captured=3 baseline=1 absent=0 failed=0 rejected=0 cancelled=0 in_flight=0 queue=p50=0.341ms p95=0.388ms p99=0.388ms run=p50=0.029ms p95=0.055ms p99=0.055ms
timing:
  wake_lateness: p50=1.174ms p95=1.788ms p99=1.788ms
  maximum_sample_age: 2997.595ms
  first_paint_latency: p50=112.831ms p95=112.831ms p99=112.831ms
  publication_lateness: p50=0.868ms p95=1.573ms p99=1.573ms
  skipped_display_deadlines: 0
  first_paint_over_250ms: 0
  publication_over_50ms: 0
  render_display_deadline: p50=0.193ms p95=0.252ms p99=0.252ms
  render_first_paint_ready: p50=0.405ms p95=0.405ms p99=0.405ms
  render_tooltip_activated: p50=0.070ms p95=0.070ms p99=0.070ms
  render_tooltip_refresh: p50=0.122ms p95=0.122ms p99=0.122ms
  write_time: not_applicable (HTML runtime writes disabled)
  shutdown_duration: 2.244ms
  shutdown_over_500ms: 0
  final_status: ok

