profile:
  duration_seconds: 4.200
  scenario: main
  stimuli: disabled
  process_calls: 2
  dbus_calls: 11
jobs:
  Cpu:Cpu:CpuSources { temperature: Some("/sys/class/hwmon/hwmon10/temp1_input"), frequency: Some("/sys/devices/system/cpu/cpu0/cpufreq/scaling_cur_freq"), turbo: Some("/sys/devices/system/cpu/cpufreq/boost") }: attempts=4 captured=3 baseline=1 absent=0 failed=0 rejected=0 cancelled=0 in_flight=0 queue=p50=0.119ms p95=0.472ms p99=0.472ms run=p50=0.217ms p95=0.227ms p99=0.227ms
  Cpu:CpuHistory:Singleton: attempts=2 captured=2 baseline=0 absent=0 failed=0 rejected=0 cancelled=0 in_flight=0 queue=p50=0.068ms p95=0.106ms p99=0.106ms run=p50=0.023ms p95=0.030ms p99=0.030ms
  Discovery:HardwareDiscovery:Inventory(Backlight): attempts=1 captured=1 baseline=0 absent=0 failed=0 rejected=0 cancelled=0 in_flight=0 queue=p50=0.044ms p95=0.044ms p99=0.044ms run=p50=0.028ms p95=0.028ms p99=0.028ms
  Discovery:HardwareDiscovery:Inventory(Cpu): attempts=2 captured=1 baseline=0 absent=0 failed=0 rejected=0 cancelled=1 in_flight=0 queue=p50=0.042ms p95=0.042ms p99=0.042ms run=p50=0.355ms p95=0.355ms p99=0.355ms
  Discovery:HardwareDiscovery:Inventory(DiskIo): attempts=6 captured=0 baseline=0 absent=0 failed=6 rejected=0 cancelled=0 in_flight=0 queue=p50=0.094ms p95=0.130ms p99=0.130ms run=p50=0.216ms p95=0.291ms p99=0.291ms
  Discovery:HardwareDiscovery:Inventory(Intel): attempts=1 captured=1 baseline=0 absent=0 failed=0 rejected=0 cancelled=0 in_flight=0 queue=p50=0.091ms p95=0.091ms p99=0.091ms run=p50=0.059ms p95=0.059ms p99=0.059ms
  Discovery:HardwareDiscovery:Inventory(Network): attempts=1 captured=1 baseline=0 absent=0 failed=0 rejected=0 cancelled=0 in_flight=0 queue=p50=23.389ms p95=23.389ms p99=23.389ms run=p50=1.553ms p95=1.553ms p99=1.553ms
  Discovery:HardwareDiscovery:Inventory(Nvidia): attempts=1 captured=1 baseline=0 absent=0 failed=0 rejected=0 cancelled=0 in_flight=0 queue=p50=0.049ms p95=0.049ms p99=0.049ms run=p50=0.340ms p95=0.340ms p99=0.340ms
  Discovery:HardwareDiscovery:Inventory(Peripheral): attempts=1 captured=1 baseline=0 absent=0 failed=0 rejected=0 cancelled=0 in_flight=0 queue=p50=7.277ms p95=7.277ms p99=7.277ms run=p50=0.657ms p95=0.657ms p99=0.657ms
  Discovery:HardwareDiscovery:Inventory(Smart): attempts=1 captured=1 baseline=0 absent=0 failed=0 rejected=0 cancelled=0 in_flight=0 queue=p50=0.037ms p95=0.037ms p99=0.037ms run=p50=3.018ms p95=3.018ms p99=3.018ms
  Discovery:HardwareDiscovery:Inventory(SystemBattery): attempts=1 captured=1 baseline=0 absent=0 failed=0 rejected=0 cancelled=0 in_flight=0 queue=p50=0.041ms p95=0.041ms p99=0.041ms run=p50=7.480ms p95=7.480ms p99=7.480ms
  Discovery:HardwareDiscovery:Inventory(Thermal): attempts=1 captured=1 baseline=0 absent=0 failed=0 rejected=0 cancelled=0 in_flight=0 queue=p50=0.072ms p95=0.072ms p99=0.072ms run=p50=0.455ms p95=0.455ms p99=0.455ms
  Discovery:MountInventory:Singleton: attempts=3 captured=3 baseline=0 absent=0 failed=0 rejected=0 cancelled=0 in_flight=0 queue=p50=0.109ms p95=8.270ms p99=8.270ms run=p50=0.292ms p95=0.395ms p99=0.395ms
  Disk:DiskTemperature:NamedPath { name: "nvme0n1", path: "/sys/class/hwmon/hwmon6/temp1_input" }: attempts=1 captured=1 baseline=0 absent=0 failed=0 rejected=0 cancelled=0 in_flight=0 queue=p50=0.031ms p95=0.031ms p99=0.031ms run=p50=5.127ms p95=5.127ms p99=5.127ms
  Disk:DiskTemperature:NamedPath { name: "nvme1n1", path: "/sys/class/hwmon/hwmon5/temp1_input" }: attempts=1 captured=1 baseline=0 absent=0 failed=0 rejected=0 cancelled=0 in_flight=0 queue=p50=0.068ms p95=0.068ms p99=0.068ms run=p50=1.236ms p95=1.236ms p99=1.236ms
  Disk:DiskUsage:Mount("/"): attempts=4 captured=3 baseline=0 absent=0 failed=0 rejected=0 cancelled=1 in_flight=0 queue=p50=0.398ms p95=2.843ms p99=2.843ms run=p50=0.034ms p95=0.048ms p99=0.048ms
  Disk:DiskUsage:Mount("/run/media/bogdan/Q_16"): attempts=3 captured=3 baseline=0 absent=0 failed=0 rejected=0 cancelled=0 in_flight=0 queue=p50=0.056ms p95=0.237ms p99=0.237ms run=p50=0.042ms p95=0.100ms p99=0.100ms
  Disk:DiskUsage:Mount("/run/media/bogdan/R_14"): attempts=3 captured=3 baseline=0 absent=0 failed=0 rejected=0 cancelled=0 in_flight=0 queue=p50=0.296ms p95=12.326ms p99=12.326ms run=p50=0.078ms p95=0.089ms p99=0.089ms
  Disk:DiskUsage:Mount("/run/media/bogdan/S_04"): attempts=3 captured=3 baseline=0 absent=0 failed=0 rejected=0 cancelled=0 in_flight=0 queue=p50=0.053ms p95=21.968ms p99=21.968ms run=p50=0.065ms p95=0.070ms p99=0.070ms
  Disk:DiskUsage:Mount("/run/media/bogdan/T_01"): attempts=3 captured=3 baseline=0 absent=0 failed=0 rejected=0 cancelled=0 in_flight=0 queue=p50=0.050ms p95=0.074ms p99=0.074ms run=p50=0.029ms p95=0.038ms p99=0.038ms
  Disk:Smart:SmartDrive { label: "nvme0n1", object_path: "/org/freedesktop/UDisks2/drives/KINGSTON_SKC2500M82000G_50026B7684E30425" }: attempts=1 captured=1 baseline=0 absent=0 failed=0 rejected=0 cancelled=0 in_flight=0 queue=p50=0.142ms p95=0.142ms p99=0.142ms run=p50=23.412ms p95=23.412ms p99=23.412ms
  Disk:Smart:SmartDrive { label: "nvme1n1", object_path: "/org/freedesktop/UDisks2/drives/Samsung_SSD_990_PRO_4TB_S7DPNF0Y500836E" }: attempts=1 captured=1 baseline=0 absent=0 failed=0 rejected=0 cancelled=0 in_flight=0 queue=p50=1.336ms p95=1.336ms p99=1.336ms run=p50=7.314ms p95=7.314ms p99=7.314ms
  External:Brightness:Singleton: attempts=6 captured=0 baseline=0 absent=0 failed=6 rejected=0 cancelled=0 in_flight=0 queue=p50=0.075ms p95=0.488ms p99=0.488ms run=p50=0.036ms p95=0.100ms p99=0.100ms
  Memory:Memory:Singleton: attempts=3 captured=3 baseline=0 absent=0 failed=0 rejected=0 cancelled=0 in_flight=0 queue=p50=0.333ms p95=0.666ms p99=0.666ms run=p50=0.040ms p95=0.051ms p99=0.051ms
  Memory:MemoryHistory:Singleton: attempts=2 captured=2 baseline=0 absent=0 failed=0 rejected=0 cancelled=0 in_flight=0 queue=p50=0.073ms p95=0.109ms p99=0.109ms run=p50=0.008ms p95=0.011ms p99=0.011ms
  Network:NetworkHistory:Singleton: attempts=2 captured=2 baseline=0 absent=0 failed=0 rejected=0 cancelled=0 in_flight=0 queue=p50=0.042ms p95=0.046ms p99=0.046ms run=p50=0.018ms p95=0.020ms p99=0.020ms
  Network:NetworkIdentity:Singleton: attempts=1 captured=1 baseline=0 absent=0 failed=0 rejected=0 cancelled=0 in_flight=0 queue=p50=0.531ms p95=0.531ms p99=0.531ms run=p50=2.065ms p95=2.065ms p99=2.065ms
  Network:NetworkRate:Device("tun0"): attempts=4 captured=3 baseline=1 absent=0 failed=0 rejected=0 cancelled=0 in_flight=0 queue=p50=0.042ms p95=0.356ms p99=0.356ms run=p50=0.033ms p95=0.054ms p99=0.054ms
timing:
  wake_lateness: p50=1.128ms p95=1.526ms p99=1.526ms
  maximum_sample_age: 2995.469ms
  first_paint_latency: p50=105.165ms p95=105.165ms p99=105.165ms
  publication_lateness: p50=0.682ms p95=1.000ms p99=1.000ms
  skipped_display_deadlines: 0
  first_paint_over_250ms: 0
  publication_over_50ms: 0
  render_display_deadline: p50=0.251ms p95=0.343ms p99=0.343ms
  render_first_paint_ready: p50=0.262ms p95=0.262ms p99=0.262ms
  render_tooltip_activated: p50=0.170ms p95=0.170ms p99=0.170ms
  render_tooltip_refresh: p50=0.130ms p95=0.130ms p99=0.130ms
  write_time: not_applicable (HTML runtime writes disabled)
  shutdown_duration: 6.409ms
  shutdown_over_500ms: 0
  final_status: ok

