profile:
  duration_seconds: 8.200
  scenario: main
  stimuli: enabled
  aggregate_scope: scenario plus profiling stimuli
  process_calls: 6
  dbus_calls: 18
jobs:
  Cpu:Cpu:CpuSources { temperature: Some("/sys/class/hwmon/hwmon10/temp1_input"), frequency: Some("/sys/devices/system/cpu/cpu0/cpufreq/scaling_cur_freq"), turbo: Some("/sys/devices/system/cpu/cpufreq/boost") }: attempts=6 captured=5 baseline=1 absent=0 failed=0 rejected=0 cancelled=0 in_flight=0 queue=p50=0.124ms p95=0.204ms p99=0.204ms run=p50=0.185ms p95=0.308ms p99=0.308ms
  Cpu:CpuHistory:Singleton: attempts=5 captured=5 baseline=0 absent=0 failed=0 rejected=0 cancelled=0 in_flight=0 queue=p50=0.108ms p95=0.171ms p99=0.171ms run=p50=0.035ms p95=0.055ms p99=0.055ms
  Discovery:HardwareDiscovery:Inventory(Backlight): attempts=3 captured=3 baseline=0 absent=0 failed=0 rejected=0 cancelled=0 in_flight=0 queue=p50=0.027ms p95=0.027ms p99=0.027ms run=p50=0.007ms p95=0.013ms p99=0.013ms
  Discovery:HardwareDiscovery:Inventory(Cpu): attempts=4 captured=3 baseline=0 absent=0 failed=0 rejected=0 cancelled=1 in_flight=0 queue=p50=5.226ms p95=5.339ms p99=5.339ms run=p50=0.285ms p95=0.339ms p99=0.339ms
  Discovery:HardwareDiscovery:Inventory(DiskIo): attempts=7 captured=0 baseline=0 absent=0 failed=7 rejected=0 cancelled=0 in_flight=0 queue=p50=0.091ms p95=0.106ms p99=0.106ms run=p50=0.201ms p95=0.206ms p99=0.206ms
  Discovery:HardwareDiscovery:Inventory(Intel): attempts=3 captured=3 baseline=0 absent=0 failed=0 rejected=0 cancelled=0 in_flight=0 queue=p50=0.027ms p95=0.042ms p99=0.042ms run=p50=0.021ms p95=0.029ms p99=0.029ms
  Discovery:HardwareDiscovery:Inventory(Network): attempts=3 captured=3 baseline=0 absent=0 failed=0 rejected=0 cancelled=0 in_flight=0 queue=p50=0.025ms p95=22.372ms p99=22.372ms run=p50=1.034ms p95=1.509ms p99=1.509ms
  Discovery:HardwareDiscovery:Inventory(Nvidia): attempts=3 captured=3 baseline=0 absent=0 failed=0 rejected=0 cancelled=0 in_flight=0 queue=p50=0.037ms p95=0.087ms p99=0.087ms run=p50=0.185ms p95=0.240ms p99=0.240ms
  Discovery:HardwareDiscovery:Inventory(Peripheral): attempts=3 captured=3 baseline=0 absent=0 failed=0 rejected=0 cancelled=0 in_flight=0 queue=p50=0.036ms p95=5.998ms p99=5.998ms run=p50=0.189ms p95=0.337ms p99=0.337ms
  Discovery:HardwareDiscovery:Inventory(Smart): attempts=3 captured=3 baseline=0 absent=0 failed=0 rejected=0 cancelled=0 in_flight=0 queue=p50=0.028ms p95=0.030ms p99=0.030ms run=p50=2.164ms p95=2.592ms p99=2.592ms
  Discovery:HardwareDiscovery:Inventory(SystemBattery): attempts=4 captured=4 baseline=0 absent=0 failed=0 rejected=0 cancelled=0 in_flight=0 queue=p50=0.027ms p95=0.146ms p99=0.146ms run=p50=0.324ms p95=0.472ms p99=0.472ms
  Discovery:HardwareDiscovery:Inventory(Thermal): attempts=3 captured=3 baseline=0 absent=0 failed=0 rejected=0 cancelled=0 in_flight=0 queue=p50=0.040ms p95=0.047ms p99=0.047ms run=p50=0.227ms p95=0.234ms p99=0.234ms
  Discovery:MountInventory:Singleton: attempts=8 captured=8 baseline=0 absent=0 failed=0 rejected=0 cancelled=0 in_flight=0 queue=p50=0.119ms p95=0.211ms p99=0.211ms run=p50=0.183ms p95=0.267ms p99=0.267ms
  Disk:DiskTemperature:NamedPath { name: "nvme0n1", path: "/sys/class/hwmon/hwmon6/temp1_input" }: attempts=1 captured=1 baseline=0 absent=0 failed=0 rejected=0 cancelled=0 in_flight=0 queue=p50=0.035ms p95=0.035ms p99=0.035ms run=p50=5.142ms p95=5.142ms p99=5.142ms
  Disk:DiskTemperature:NamedPath { name: "nvme1n1", path: "/sys/class/hwmon/hwmon5/temp1_input" }: attempts=2 captured=1 baseline=0 absent=0 failed=0 rejected=0 cancelled=1 in_flight=0 queue=p50=0.053ms p95=0.053ms p99=0.053ms run=p50=2.983ms p95=2.983ms p99=2.983ms
  Disk:DiskUsage:Mount("/"): attempts=5 captured=5 baseline=0 absent=0 failed=0 rejected=0 cancelled=0 in_flight=0 queue=p50=0.572ms p95=1.852ms p99=1.852ms run=p50=0.018ms p95=0.020ms p99=0.020ms
  Disk:DiskUsage:Mount("/run/media/bogdan/Q_16"): attempts=5 captured=5 baseline=0 absent=0 failed=0 rejected=0 cancelled=0 in_flight=0 queue=p50=0.037ms p95=0.117ms p99=0.117ms run=p50=0.021ms p95=0.027ms p99=0.027ms
  Disk:DiskUsage:Mount("/run/media/bogdan/R_14"): attempts=5 captured=5 baseline=0 absent=0 failed=0 rejected=0 cancelled=0 in_flight=0 queue=p50=0.035ms p95=10.509ms p99=10.509ms run=p50=0.012ms p95=0.046ms p99=0.046ms
  Disk:DiskUsage:Mount("/run/media/bogdan/S_04"): attempts=5 captured=5 baseline=0 absent=0 failed=0 rejected=0 cancelled=0 in_flight=0 queue=p50=0.026ms p95=24.031ms p99=24.031ms run=p50=0.013ms p95=0.075ms p99=0.075ms
  Disk:DiskUsage:Mount("/run/media/bogdan/T_01"): attempts=5 captured=5 baseline=0 absent=0 failed=0 rejected=0 cancelled=0 in_flight=0 queue=p50=0.025ms p95=0.085ms p99=0.085ms run=p50=0.011ms p95=0.016ms p99=0.016ms
  Disk:Smart:SmartDrive { label: "nvme0n1", object_path: "/org/freedesktop/UDisks2/drives/KINGSTON_SKC2500M82000G_50026B7684E30425" }: attempts=1 captured=1 baseline=0 absent=0 failed=0 rejected=0 cancelled=0 in_flight=0 queue=p50=0.073ms p95=0.073ms p99=0.073ms run=p50=22.384ms p95=22.384ms p99=22.384ms
  Disk:Smart:SmartDrive { label: "nvme1n1", object_path: "/org/freedesktop/UDisks2/drives/Samsung_SSD_990_PRO_4TB_S7DPNF0Y500836E" }: attempts=1 captured=1 baseline=0 absent=0 failed=0 rejected=0 cancelled=0 in_flight=0 queue=p50=1.367ms p95=1.367ms p99=1.367ms run=p50=6.056ms p95=6.056ms p99=6.056ms
  External:Brightness:Singleton: attempts=9 captured=0 baseline=0 absent=0 failed=9 rejected=0 cancelled=0 in_flight=0 queue=p50=0.066ms p95=0.256ms p99=0.256ms run=p50=0.051ms p95=0.081ms p99=0.081ms
  Memory:Memory:Singleton: attempts=5 captured=5 baseline=0 absent=0 failed=0 rejected=0 cancelled=0 in_flight=0 queue=p50=0.278ms p95=0.453ms p99=0.453ms run=p50=0.030ms p95=0.065ms p99=0.065ms
  Memory:MemoryHistory:Singleton: attempts=5 captured=5 baseline=0 absent=0 failed=0 rejected=0 cancelled=0 in_flight=0 queue=p50=0.107ms p95=0.174ms p99=0.174ms run=p50=0.009ms p95=0.023ms p99=0.023ms
  Network:NetworkHistory:Singleton: attempts=5 captured=5 baseline=0 absent=0 failed=0 rejected=0 cancelled=0 in_flight=0 queue=p50=0.023ms p95=0.090ms p99=0.090ms run=p50=0.009ms p95=0.013ms p99=0.013ms
  Network:NetworkIdentity:Singleton: attempts=1 captured=1 baseline=0 absent=0 failed=0 rejected=0 cancelled=0 in_flight=0 queue=p50=0.249ms p95=0.249ms p99=0.249ms run=p50=1.501ms p95=1.501ms p99=1.501ms
  Network:NetworkRate:Device("tun0"): attempts=6 captured=5 baseline=1 absent=0 failed=0 rejected=0 cancelled=0 in_flight=0 queue=p50=0.288ms p95=0.493ms p99=0.493ms run=p50=0.033ms p95=0.073ms p99=0.073ms
  Page:PageRender:Singleton: attempts=1 captured=1 baseline=0 absent=0 failed=0 rejected=0 cancelled=0 in_flight=0 queue=p50=0.191ms p95=0.191ms p99=0.191ms run=p50=1.020ms p95=1.020ms p99=1.020ms
timing:
  wake_lateness: p50=1.024ms p95=1.918ms p99=2.387ms
  maximum_sample_age: 6923.141ms
  first_paint_latency: p50=103.716ms p95=103.716ms p99=103.716ms
  publication_lateness: p50=2.221ms p95=2.279ms p99=2.279ms
  skipped_display_deadlines: 0
  first_paint_over_250ms: 0
  publication_over_50ms: 0
  event_page_latency: p50=51.603ms p95=51.885ms p99=51.885ms samples=2 over_100ms=0
  event_control_latency: p50=51.917ms p95=51.917ms p99=51.917ms samples=1 over_100ms=0
  event_config_latency: p50=54.173ms p95=54.227ms p99=54.227ms samples=2 over_100ms=0
  render_config_changed: p50=0.108ms p95=0.163ms p99=0.163ms
  render_display_deadline: p50=0.269ms p95=0.289ms p99=0.289ms
  render_first_paint_ready: p50=0.189ms p95=0.189ms p99=0.189ms
  render_page_changed: p50=0.014ms p95=0.254ms p99=0.254ms
  render_tooltip_activated: p50=0.054ms p95=0.107ms p99=0.107ms
  render_tooltip_refresh: p50=0.000ms p95=0.094ms p99=0.094ms
  write_time: not_applicable (HTML runtime writes disabled)
  stimulus_actions: planned=6 started=6 completed=6 timed_out=0 not_started=0
  stimulus_1: kind=control expected=Presentation { presented: false, html_publication: false } observed=true publication=None completed=true timed_out=false
  stimulus_2: kind=control expected=Presentation { presented: true, html_publication: true } observed=true publication=Some(PublicationId(4)) completed=true timed_out=false
  stimulus_3: kind=page expected=Page { index: 1, page: Graphs } observed=true publication=Some(PublicationId(5)) completed=true timed_out=false
  stimulus_4: kind=page expected=Page { index: 0, page: Main } observed=true publication=Some(PublicationId(7)) completed=true timed_out=false
  stimulus_5: kind=config expected=Config { generation: ConfigGeneration(2), overlay: true } observed=true publication=Some(PublicationId(8)) completed=true timed_out=false
  stimulus_6: kind=config expected=Config { generation: ConfigGeneration(3), overlay: false } observed=true publication=Some(PublicationId(10)) completed=true timed_out=false
  stimulus_requested_state: presented=true page_index=0 page=main config_generation=3 overlay=false
  stimulus_observed_state: presented=true page_index=0 page=main config_generation=3 overlay=false
  shutdown_duration: 2.445ms
  shutdown_over_500ms: 0
  final_status: ok

