profile:
  duration_seconds: 8.200
  scenario: main
  stimuli: enabled
  aggregate_scope: scenario plus profiling stimuli
  process_calls: 6
  dbus_calls: 17
jobs:
  Cpu:Cpu:CpuSources { temperature: Some("/sys/class/hwmon/hwmon10/temp1_input"), frequency: Some("/sys/devices/system/cpu/cpu0/cpufreq/scaling_cur_freq"), turbo: Some("/sys/devices/system/cpu/cpufreq/boost") }: attempts=6 captured=5 baseline=1 absent=0 failed=0 rejected=0 cancelled=0 in_flight=0 queue=p50=0.125ms p95=0.286ms p99=0.286ms run=p50=0.196ms p95=0.303ms p99=0.303ms
  Cpu:CpuHistory:Singleton: attempts=5 captured=5 baseline=0 absent=0 failed=0 rejected=0 cancelled=0 in_flight=0 queue=p50=0.126ms p95=0.173ms p99=0.173ms run=p50=0.038ms p95=0.078ms p99=0.078ms
  Discovery:HardwareDiscovery:Inventory(Backlight): attempts=3 captured=3 baseline=0 absent=0 failed=0 rejected=0 cancelled=0 in_flight=0 queue=p50=0.026ms p95=0.036ms p99=0.036ms run=p50=0.017ms p95=0.022ms p99=0.022ms
  Discovery:HardwareDiscovery:Inventory(Cpu): attempts=4 captured=3 baseline=0 absent=0 failed=0 rejected=0 cancelled=1 in_flight=0 queue=p50=5.644ms p95=6.098ms p99=6.098ms run=p50=0.452ms p95=0.709ms p99=0.709ms
  Discovery:HardwareDiscovery:Inventory(DiskIo): attempts=7 captured=0 baseline=0 absent=0 failed=7 rejected=0 cancelled=0 in_flight=0 queue=p50=0.093ms p95=0.115ms p99=0.115ms run=p50=0.209ms p95=0.231ms p99=0.231ms
  Discovery:HardwareDiscovery:Inventory(Intel): attempts=3 captured=3 baseline=0 absent=0 failed=0 rejected=0 cancelled=0 in_flight=0 queue=p50=0.031ms p95=0.056ms p99=0.056ms run=p50=0.040ms p95=0.053ms p99=0.053ms
  Discovery:HardwareDiscovery:Inventory(Network): attempts=3 captured=3 baseline=0 absent=0 failed=0 rejected=0 cancelled=0 in_flight=0 queue=p50=0.026ms p95=23.609ms p99=23.609ms run=p50=1.709ms p95=1.978ms p99=1.978ms
  Discovery:HardwareDiscovery:Inventory(Nvidia): attempts=3 captured=3 baseline=0 absent=0 failed=0 rejected=0 cancelled=0 in_flight=0 queue=p50=0.045ms p95=0.051ms p99=0.051ms run=p50=0.326ms p95=0.404ms p99=0.404ms
  Discovery:HardwareDiscovery:Inventory(Peripheral): attempts=3 captured=3 baseline=0 absent=0 failed=0 rejected=0 cancelled=0 in_flight=0 queue=p50=0.092ms p95=8.918ms p99=8.918ms run=p50=0.501ms p95=0.657ms p99=0.657ms
  Discovery:HardwareDiscovery:Inventory(Smart): attempts=3 captured=3 baseline=0 absent=0 failed=0 rejected=0 cancelled=0 in_flight=0 queue=p50=0.039ms p95=0.041ms p99=0.041ms run=p50=2.414ms p95=3.116ms p99=3.116ms
  Discovery:HardwareDiscovery:Inventory(SystemBattery): attempts=3 captured=3 baseline=0 absent=0 failed=0 rejected=0 cancelled=0 in_flight=0 queue=p50=0.033ms p95=0.039ms p99=0.039ms run=p50=0.473ms p95=6.976ms p99=6.976ms
  Discovery:HardwareDiscovery:Inventory(Thermal): attempts=3 captured=3 baseline=0 absent=0 failed=0 rejected=0 cancelled=0 in_flight=0 queue=p50=0.049ms p95=0.057ms p99=0.057ms run=p50=0.273ms p95=0.440ms p99=0.440ms
  Discovery:MountInventory:Singleton: attempts=8 captured=8 baseline=0 absent=0 failed=0 rejected=0 cancelled=0 in_flight=0 queue=p50=0.112ms p95=0.241ms p99=0.241ms run=p50=0.197ms p95=0.449ms p99=0.449ms
  Disk:DiskTemperature:NamedPath { name: "nvme0n1", path: "/sys/class/hwmon/hwmon6/temp1_input" }: attempts=1 captured=1 baseline=0 absent=0 failed=0 rejected=0 cancelled=0 in_flight=0 queue=p50=0.027ms p95=0.027ms p99=0.027ms run=p50=5.105ms p95=5.105ms p99=5.105ms
  Disk:DiskTemperature:NamedPath { name: "nvme1n1", path: "/sys/class/hwmon/hwmon5/temp1_input" }: attempts=1 captured=1 baseline=0 absent=0 failed=0 rejected=0 cancelled=0 in_flight=0 queue=p50=0.030ms p95=0.030ms p99=0.030ms run=p50=1.259ms p95=1.259ms p99=1.259ms
  Disk:DiskUsage:Mount("/"): attempts=6 captured=5 baseline=0 absent=0 failed=0 rejected=0 cancelled=1 in_flight=0 queue=p50=0.429ms p95=1.934ms p99=1.934ms run=p50=0.033ms p95=0.104ms p99=0.104ms
  Disk:DiskUsage:Mount("/run/media/bogdan/Q_16"): attempts=5 captured=5 baseline=0 absent=0 failed=0 rejected=0 cancelled=0 in_flight=0 queue=p50=0.050ms p95=0.175ms p99=0.175ms run=p50=0.060ms p95=0.080ms p99=0.080ms
  Disk:DiskUsage:Mount("/run/media/bogdan/R_14"): attempts=5 captured=5 baseline=0 absent=0 failed=0 rejected=0 cancelled=0 in_flight=0 queue=p50=0.044ms p95=9.443ms p99=9.443ms run=p50=0.042ms p95=0.069ms p99=0.069ms
  Disk:DiskUsage:Mount("/run/media/bogdan/S_04"): attempts=5 captured=5 baseline=0 absent=0 failed=0 rejected=0 cancelled=0 in_flight=0 queue=p50=0.036ms p95=29.833ms p99=29.833ms run=p50=0.036ms p95=0.077ms p99=0.077ms
  Disk:DiskUsage:Mount("/run/media/bogdan/T_01"): attempts=5 captured=5 baseline=0 absent=0 failed=0 rejected=0 cancelled=0 in_flight=0 queue=p50=0.035ms p95=0.105ms p99=0.105ms run=p50=0.023ms p95=0.033ms p99=0.033ms
  Disk:Smart:SmartDrive { label: "nvme0n1", object_path: "/org/freedesktop/UDisks2/drives/KINGSTON_SKC2500M82000G_50026B7684E30425" }: attempts=1 captured=1 baseline=0 absent=0 failed=0 rejected=0 cancelled=0 in_flight=0 queue=p50=0.105ms p95=0.105ms p99=0.105ms run=p50=23.632ms p95=23.632ms p99=23.632ms
  Disk:Smart:SmartDrive { label: "nvme1n1", object_path: "/org/freedesktop/UDisks2/drives/Samsung_SSD_990_PRO_4TB_S7DPNF0Y500836E" }: attempts=1 captured=1 baseline=0 absent=0 failed=0 rejected=0 cancelled=0 in_flight=0 queue=p50=1.574ms p95=1.574ms p99=1.574ms run=p50=8.987ms p95=8.987ms p99=8.987ms
  External:Brightness:Singleton: attempts=9 captured=0 baseline=0 absent=0 failed=9 rejected=0 cancelled=0 in_flight=0 queue=p50=0.074ms p95=0.328ms p99=0.328ms run=p50=0.056ms p95=0.095ms p99=0.095ms
  Memory:Memory:Singleton: attempts=5 captured=5 baseline=0 absent=0 failed=0 rejected=0 cancelled=0 in_flight=0 queue=p50=0.416ms p95=0.456ms p99=0.456ms run=p50=0.033ms p95=0.068ms p99=0.068ms
  Memory:MemoryHistory:Singleton: attempts=5 captured=5 baseline=0 absent=0 failed=0 rejected=0 cancelled=0 in_flight=0 queue=p50=0.125ms p95=0.200ms p99=0.200ms run=p50=0.010ms p95=0.021ms p99=0.021ms
  Network:NetworkHistory:Singleton: attempts=5 captured=5 baseline=0 absent=0 failed=0 rejected=0 cancelled=0 in_flight=0 queue=p50=0.042ms p95=0.112ms p99=0.112ms run=p50=0.017ms p95=0.058ms p99=0.058ms
  Network:NetworkIdentity:Singleton: attempts=1 captured=1 baseline=0 absent=0 failed=0 rejected=0 cancelled=0 in_flight=0 queue=p50=0.371ms p95=0.371ms p99=0.371ms run=p50=1.439ms p95=1.439ms p99=1.439ms
  Network:NetworkRate:Device("tun0"): attempts=6 captured=5 baseline=1 absent=0 failed=0 rejected=0 cancelled=0 in_flight=0 queue=p50=0.279ms p95=0.495ms p99=0.495ms run=p50=0.047ms p95=0.066ms p99=0.066ms
  Page:PageRender:Singleton: attempts=1 captured=1 baseline=0 absent=0 failed=0 rejected=0 cancelled=0 in_flight=0 queue=p50=0.124ms p95=0.124ms p99=0.124ms run=p50=0.758ms p95=0.758ms p99=0.758ms
timing:
  wake_lateness: p50=1.106ms p95=1.663ms p99=1.712ms
  maximum_sample_age: 6917.611ms
  first_paint_latency: p50=103.786ms p95=103.786ms p99=103.786ms
  publication_lateness: p50=1.189ms p95=1.651ms p99=1.651ms
  skipped_display_deadlines: 0
  first_paint_over_250ms: 0
  publication_over_50ms: 0
  event_page_latency: p50=51.445ms p95=51.570ms p99=51.570ms samples=2 over_100ms=0
  event_control_latency: p50=50.869ms p95=50.869ms p99=50.869ms samples=1 over_100ms=0
  event_config_latency: p50=53.650ms p95=54.541ms p99=54.541ms samples=2 over_100ms=0
  render_config_changed: p50=0.117ms p95=0.172ms p99=0.172ms
  render_display_deadline: p50=0.256ms p95=0.477ms p99=0.477ms
  render_first_paint_ready: p50=0.247ms p95=0.247ms p99=0.247ms
  render_page_changed: p50=0.011ms p95=0.138ms p99=0.138ms
  render_tooltip_activated: p50=0.071ms p95=0.120ms p99=0.120ms
  render_tooltip_refresh: p50=0.000ms p95=0.128ms p99=0.128ms
  write_time: not_applicable (HTML runtime writes disabled)
  stimulus_actions: planned=6 started=6 completed=6 timed_out=0 not_started=0
  stimulus_1: kind=control expected=Presentation { presented: false, html_publication: false } observed=true publication=None completed=true timed_out=false
  stimulus_2: kind=control expected=Presentation { presented: true, html_publication: true } observed=true publication=Some(PublicationId(4)) completed=true timed_out=false
  stimulus_3: kind=page expected=Page { index: 1, page: Graphs } observed=true publication=Some(PublicationId(5)) completed=true timed_out=false
  stimulus_4: kind=page expected=Page { index: 0, page: Main } observed=true publication=Some(PublicationId(7)) completed=true timed_out=false
  stimulus_5: kind=config expected=Config { generation: ConfigGeneration(2), overlay: true } observed=true publication=Some(PublicationId(8)) completed=true timed_out=false
  stimulus_6: kind=config expected=Config { generation: ConfigGeneration(3), overlay: false } observed=true publication=Some(PublicationId(10)) completed=true timed_out=false
  stimulus_requested_state: presented=true page_index=0 page=main config_generation=3 overlay=false
  stimulus_observed_state: presented=true page_index=0 page=main config_generation=3 overlay=false
  shutdown_duration: 2.312ms
  shutdown_over_500ms: 0
  final_status: ok

