profile:
  duration_seconds: 8.200
  scenario: main
  stimuli: enabled
  aggregate_scope: scenario plus profiling stimuli
  process_calls: 6
  dbus_calls: 19
jobs:
  Cpu:Cpu:CpuSources { temperature: Some("/sys/class/hwmon/hwmon10/temp1_input"), frequency: Some("/sys/devices/system/cpu/cpu0/cpufreq/scaling_cur_freq"), turbo: Some("/sys/devices/system/cpu/cpufreq/boost") }: attempts=6 captured=5 baseline=1 absent=0 failed=0 rejected=0 cancelled=0 in_flight=0 queue=p50=0.190ms p95=0.383ms p99=0.383ms run=p50=0.251ms p95=0.361ms p99=0.361ms
  Cpu:CpuHistory:Singleton: attempts=5 captured=5 baseline=0 absent=0 failed=0 rejected=0 cancelled=0 in_flight=0 queue=p50=0.171ms p95=0.283ms p99=0.283ms run=p50=0.055ms p95=0.056ms p99=0.056ms
  Discovery:HardwareDiscovery:Inventory(Backlight): attempts=3 captured=3 baseline=0 absent=0 failed=0 rejected=0 cancelled=0 in_flight=0 queue=p50=0.040ms p95=0.063ms p99=0.063ms run=p50=0.044ms p95=0.125ms p99=0.125ms
  Discovery:HardwareDiscovery:Inventory(Cpu): attempts=4 captured=3 baseline=0 absent=0 failed=0 rejected=0 cancelled=1 in_flight=0 queue=p50=6.717ms p95=7.088ms p99=7.088ms run=p50=0.453ms p95=0.734ms p99=0.734ms
  Discovery:HardwareDiscovery:Inventory(DiskIo): attempts=7 captured=0 baseline=0 absent=0 failed=7 rejected=0 cancelled=0 in_flight=0 queue=p50=0.126ms p95=0.852ms p99=0.852ms run=p50=0.292ms p95=0.349ms p99=0.349ms
  Discovery:HardwareDiscovery:Inventory(Intel): attempts=3 captured=3 baseline=0 absent=0 failed=0 rejected=0 cancelled=0 in_flight=0 queue=p50=0.043ms p95=0.055ms p99=0.055ms run=p50=0.029ms p95=0.032ms p99=0.032ms
  Discovery:HardwareDiscovery:Inventory(Network): attempts=3 captured=3 baseline=0 absent=0 failed=0 rejected=0 cancelled=0 in_flight=0 queue=p50=0.043ms p95=23.650ms p99=23.650ms run=p50=1.204ms p95=1.681ms p99=1.681ms
  Discovery:HardwareDiscovery:Inventory(Nvidia): attempts=3 captured=3 baseline=0 absent=0 failed=0 rejected=0 cancelled=0 in_flight=0 queue=p50=0.046ms p95=0.064ms p99=0.064ms run=p50=0.296ms p95=0.459ms p99=0.459ms
  Discovery:HardwareDiscovery:Inventory(Peripheral): attempts=4 captured=4 baseline=0 absent=0 failed=0 rejected=0 cancelled=0 in_flight=0 queue=p50=0.082ms p95=7.125ms p99=7.125ms run=p50=0.382ms p95=0.454ms p99=0.454ms
  Discovery:HardwareDiscovery:Inventory(Smart): attempts=3 captured=3 baseline=0 absent=0 failed=0 rejected=0 cancelled=0 in_flight=0 queue=p50=0.043ms p95=0.061ms p99=0.061ms run=p50=2.776ms p95=3.633ms p99=3.633ms
  Discovery:HardwareDiscovery:Inventory(SystemBattery): attempts=4 captured=4 baseline=0 absent=0 failed=0 rejected=0 cancelled=0 in_flight=0 queue=p50=0.048ms p95=0.216ms p99=0.216ms run=p50=0.633ms p95=6.452ms p99=6.452ms
  Discovery:HardwareDiscovery:Inventory(Thermal): attempts=3 captured=3 baseline=0 absent=0 failed=0 rejected=0 cancelled=0 in_flight=0 queue=p50=0.065ms p95=0.070ms p99=0.070ms run=p50=0.370ms p95=0.380ms p99=0.380ms
  Discovery:MountInventory:Singleton: attempts=8 captured=8 baseline=0 absent=0 failed=0 rejected=0 cancelled=0 in_flight=0 queue=p50=0.053ms p95=0.213ms p99=0.213ms run=p50=0.191ms p95=0.388ms p99=0.388ms
  Disk:DiskTemperature:NamedPath { name: "nvme0n1", path: "/sys/class/hwmon/hwmon6/temp1_input" }: attempts=1 captured=1 baseline=0 absent=0 failed=0 rejected=0 cancelled=0 in_flight=0 queue=p50=0.054ms p95=0.054ms p99=0.054ms run=p50=5.158ms p95=5.158ms p99=5.158ms
  Disk:DiskTemperature:NamedPath { name: "nvme1n1", path: "/sys/class/hwmon/hwmon5/temp1_input" }: attempts=1 captured=1 baseline=0 absent=0 failed=0 rejected=0 cancelled=0 in_flight=0 queue=p50=0.055ms p95=0.055ms p99=0.055ms run=p50=0.395ms p95=0.395ms p99=0.395ms
  Disk:DiskUsage:Mount("/"): attempts=6 captured=5 baseline=0 absent=0 failed=0 rejected=0 cancelled=1 in_flight=0 queue=p50=0.561ms p95=2.190ms p99=2.190ms run=p50=0.068ms p95=0.190ms p99=0.190ms
  Disk:DiskUsage:Mount("/run/media/bogdan/Q_16"): attempts=5 captured=5 baseline=0 absent=0 failed=0 rejected=0 cancelled=0 in_flight=0 queue=p50=0.093ms p95=0.179ms p99=0.179ms run=p50=0.077ms p95=0.105ms p99=0.105ms
  Disk:DiskUsage:Mount("/run/media/bogdan/R_14"): attempts=5 captured=5 baseline=0 absent=0 failed=0 rejected=0 cancelled=0 in_flight=0 queue=p50=0.066ms p95=14.967ms p99=14.967ms run=p50=0.046ms p95=0.073ms p99=0.073ms
  Disk:DiskUsage:Mount("/run/media/bogdan/S_04"): attempts=5 captured=5 baseline=0 absent=0 failed=0 rejected=0 cancelled=0 in_flight=0 queue=p50=0.067ms p95=34.827ms p99=34.827ms run=p50=0.053ms p95=0.072ms p99=0.072ms
  Disk:DiskUsage:Mount("/run/media/bogdan/T_01"): attempts=5 captured=5 baseline=0 absent=0 failed=0 rejected=0 cancelled=0 in_flight=0 queue=p50=0.053ms p95=0.076ms p99=0.076ms run=p50=0.044ms p95=0.063ms p99=0.063ms
  Disk:Smart:SmartDrive { label: "nvme0n1", object_path: "/org/freedesktop/UDisks2/drives/KINGSTON_SKC2500M82000G_50026B7684E30425" }: attempts=1 captured=1 baseline=0 absent=0 failed=0 rejected=0 cancelled=0 in_flight=0 queue=p50=0.073ms p95=0.073ms p99=0.073ms run=p50=23.663ms p95=23.663ms p99=23.663ms
  Disk:Smart:SmartDrive { label: "nvme1n1", object_path: "/org/freedesktop/UDisks2/drives/Samsung_SSD_990_PRO_4TB_S7DPNF0Y500836E" }: attempts=1 captured=1 baseline=0 absent=0 failed=0 rejected=0 cancelled=0 in_flight=0 queue=p50=1.533ms p95=1.533ms p99=1.533ms run=p50=7.264ms p95=7.264ms p99=7.264ms
  External:Brightness:Singleton: attempts=9 captured=0 baseline=0 absent=0 failed=9 rejected=0 cancelled=0 in_flight=0 queue=p50=0.053ms p95=0.458ms p99=0.458ms run=p50=0.057ms p95=0.097ms p99=0.097ms
  Memory:Memory:Singleton: attempts=5 captured=5 baseline=0 absent=0 failed=0 rejected=0 cancelled=0 in_flight=0 queue=p50=0.496ms p95=0.539ms p99=0.539ms run=p50=0.060ms p95=0.074ms p99=0.074ms
  Memory:MemoryHistory:Singleton: attempts=5 captured=5 baseline=0 absent=0 failed=0 rejected=0 cancelled=0 in_flight=0 queue=p50=0.174ms p95=0.197ms p99=0.197ms run=p50=0.020ms p95=0.025ms p99=0.025ms
  Network:NetworkHistory:Singleton: attempts=5 captured=5 baseline=0 absent=0 failed=0 rejected=0 cancelled=0 in_flight=0 queue=p50=0.037ms p95=0.050ms p99=0.050ms run=p50=0.020ms p95=0.048ms p99=0.048ms
  Network:NetworkIdentity:Singleton: attempts=1 captured=1 baseline=0 absent=0 failed=0 rejected=0 cancelled=0 in_flight=0 queue=p50=0.514ms p95=0.514ms p99=0.514ms run=p50=1.521ms p95=1.521ms p99=1.521ms
  Network:NetworkRate:Device("tun0"): attempts=6 captured=5 baseline=1 absent=0 failed=0 rejected=0 cancelled=0 in_flight=0 queue=p50=0.349ms p95=0.545ms p99=0.545ms run=p50=0.048ms p95=0.082ms p99=0.082ms
  Page:PageRender:Singleton: attempts=1 captured=1 baseline=0 absent=0 failed=0 rejected=0 cancelled=0 in_flight=0 queue=p50=0.115ms p95=0.115ms p99=0.115ms run=p50=0.937ms p95=0.937ms p99=0.937ms
timing:
  wake_lateness: p50=1.090ms p95=1.798ms p99=1.848ms
  maximum_sample_age: 6923.722ms
  first_paint_latency: p50=104.794ms p95=104.794ms p99=104.794ms
  publication_lateness: p50=1.590ms p95=2.365ms p99=2.365ms
  skipped_display_deadlines: 0
  first_paint_over_250ms: 0
  publication_over_50ms: 0
  event_page_latency: p50=51.460ms p95=51.617ms p99=51.617ms samples=2 over_100ms=0
  event_control_latency: p50=52.165ms p95=52.165ms p99=52.165ms samples=1 over_100ms=0
  event_config_latency: p50=54.887ms p95=56.036ms p99=56.036ms samples=2 over_100ms=0
  render_config_changed: p50=0.219ms p95=0.486ms p99=0.486ms
  render_display_deadline: p50=0.333ms p95=0.469ms p99=0.469ms
  render_first_paint_ready: p50=0.259ms p95=0.259ms p99=0.259ms
  render_page_changed: p50=0.012ms p95=0.167ms p99=0.167ms
  render_tooltip_activated: p50=0.069ms p95=0.135ms p99=0.135ms
  render_tooltip_refresh: p50=0.001ms p95=0.113ms p99=0.113ms
  write_time: not_applicable (HTML runtime writes disabled)
  stimulus_actions: planned=6 started=6 completed=6 timed_out=0 not_started=0
  stimulus_1: kind=control expected=Presentation { presented: false, html_publication: false } observed=true publication=None completed=true timed_out=false
  stimulus_2: kind=control expected=Presentation { presented: true, html_publication: true } observed=true publication=Some(PublicationId(4)) completed=true timed_out=false
  stimulus_3: kind=page expected=Page { index: 1, page: Graphs } observed=true publication=Some(PublicationId(5)) completed=true timed_out=false
  stimulus_4: kind=page expected=Page { index: 0, page: Main } observed=true publication=Some(PublicationId(7)) completed=true timed_out=false
  stimulus_5: kind=config expected=Config { generation: ConfigGeneration(2), overlay: true } observed=true publication=Some(PublicationId(8)) completed=true timed_out=false
  stimulus_6: kind=config expected=Config { generation: ConfigGeneration(3), overlay: false } observed=true publication=Some(PublicationId(10)) completed=true timed_out=false
  stimulus_requested_state: presented=true page_index=0 page=main config_generation=3 overlay=false
  stimulus_observed_state: presented=true page_index=0 page=main config_generation=3 overlay=false
  shutdown_duration: 2.241ms
  shutdown_over_500ms: 0
  final_status: ok

