profile:
  duration_seconds: 4.200
  scenario: graphs
  stimuli: disabled
  process_calls: 2
  dbus_calls: 10
jobs:
  Cpu:Cpu:CpuSources { temperature: Some("/sys/class/hwmon/hwmon10/temp1_input"), frequency: Some("/sys/devices/system/cpu/cpu0/cpufreq/scaling_cur_freq"), turbo: Some("/sys/devices/system/cpu/cpufreq/boost") }: attempts=4 captured=3 baseline=1 absent=0 failed=0 rejected=0 cancelled=0 in_flight=0 queue=p50=0.117ms p95=0.246ms p99=0.246ms run=p50=0.194ms p95=0.207ms p99=0.207ms
  Cpu:CpuHistory:Singleton: attempts=2 captured=2 baseline=0 absent=0 failed=0 rejected=0 cancelled=0 in_flight=0 queue=p50=0.072ms p95=0.098ms p99=0.098ms run=p50=0.021ms p95=0.027ms p99=0.027ms
  Discovery:HardwareDiscovery:Inventory(Backlight): attempts=1 captured=1 baseline=0 absent=0 failed=0 rejected=0 cancelled=0 in_flight=0 queue=p50=0.049ms p95=0.049ms p99=0.049ms run=p50=0.010ms p95=0.010ms p99=0.010ms
  Discovery:HardwareDiscovery:Inventory(Cpu): attempts=2 captured=1 baseline=0 absent=0 failed=0 rejected=0 cancelled=1 in_flight=0 queue=p50=0.023ms p95=0.023ms p99=0.023ms run=p50=0.298ms p95=0.298ms p99=0.298ms
  Discovery:HardwareDiscovery:Inventory(DiskIo): attempts=6 captured=0 baseline=0 absent=0 failed=6 rejected=0 cancelled=0 in_flight=0 queue=p50=0.093ms p95=0.116ms p99=0.116ms run=p50=0.177ms p95=0.200ms p99=0.200ms
  Discovery:HardwareDiscovery:Inventory(Intel): attempts=1 captured=1 baseline=0 absent=0 failed=0 rejected=0 cancelled=0 in_flight=0 queue=p50=0.041ms p95=0.041ms p99=0.041ms run=p50=0.030ms p95=0.030ms p99=0.030ms
  Discovery:HardwareDiscovery:Inventory(Network): attempts=1 captured=1 baseline=0 absent=0 failed=0 rejected=0 cancelled=0 in_flight=0 queue=p50=17.229ms p95=17.229ms p99=17.229ms run=p50=1.531ms p95=1.531ms p99=1.531ms
  Discovery:HardwareDiscovery:Inventory(Nvidia): attempts=1 captured=1 baseline=0 absent=0 failed=0 rejected=0 cancelled=0 in_flight=0 queue=p50=0.079ms p95=0.079ms p99=0.079ms run=p50=0.312ms p95=0.312ms p99=0.312ms
  Discovery:HardwareDiscovery:Inventory(Peripheral): attempts=1 captured=1 baseline=0 absent=0 failed=0 rejected=0 cancelled=0 in_flight=0 queue=p50=5.782ms p95=5.782ms p99=5.782ms run=p50=0.357ms p95=0.357ms p99=0.357ms
  Discovery:HardwareDiscovery:Inventory(Smart): attempts=1 captured=1 baseline=0 absent=0 failed=0 rejected=0 cancelled=0 in_flight=0 queue=p50=0.077ms p95=0.077ms p99=0.077ms run=p50=1.839ms p95=1.839ms p99=1.839ms
  Discovery:HardwareDiscovery:Inventory(SystemBattery): attempts=1 captured=1 baseline=0 absent=0 failed=0 rejected=0 cancelled=0 in_flight=0 queue=p50=0.076ms p95=0.076ms p99=0.076ms run=p50=0.339ms p95=0.339ms p99=0.339ms
  Discovery:HardwareDiscovery:Inventory(Thermal): attempts=1 captured=1 baseline=0 absent=0 failed=0 rejected=0 cancelled=0 in_flight=0 queue=p50=0.021ms p95=0.021ms p99=0.021ms run=p50=0.236ms p95=0.236ms p99=0.236ms
  Discovery:MountInventory:Singleton: attempts=3 captured=3 baseline=0 absent=0 failed=0 rejected=0 cancelled=0 in_flight=0 queue=p50=0.092ms p95=0.124ms p99=0.124ms run=p50=0.152ms p95=0.170ms p99=0.170ms
  Disk:DiskTemperature:NamedPath { name: "nvme0n1", path: "/sys/class/hwmon/hwmon6/temp1_input" }: attempts=1 captured=1 baseline=0 absent=0 failed=0 rejected=0 cancelled=0 in_flight=0 queue=p50=0.025ms p95=0.025ms p99=0.025ms run=p50=5.053ms p95=5.053ms p99=5.053ms
  Disk:DiskTemperature:NamedPath { name: "nvme1n1", path: "/sys/class/hwmon/hwmon5/temp1_input" }: attempts=1 captured=1 baseline=0 absent=0 failed=0 rejected=0 cancelled=0 in_flight=0 queue=p50=0.026ms p95=0.026ms p99=0.026ms run=p50=1.239ms p95=1.239ms p99=1.239ms
  Disk:DiskUsage:Mount("/"): attempts=3 captured=3 baseline=0 absent=0 failed=0 rejected=0 cancelled=0 in_flight=0 queue=p50=0.533ms p95=1.721ms p99=1.721ms run=p50=0.017ms p95=0.018ms p99=0.018ms
  Disk:DiskUsage:Mount("/run/media/bogdan/S_04"): attempts=3 captured=3 baseline=0 absent=0 failed=0 rejected=0 cancelled=0 in_flight=0 queue=p50=0.101ms p95=0.797ms p99=0.797ms run=p50=0.025ms p95=0.076ms p99=0.076ms
  Disk:DiskUsage:Mount("/run/media/bogdan/T_01"): attempts=3 captured=3 baseline=0 absent=0 failed=0 rejected=0 cancelled=0 in_flight=0 queue=p50=0.410ms p95=11.977ms p99=11.977ms run=p50=0.012ms p95=0.054ms p99=0.054ms
  Disk:Smart:SmartDrive { label: "nvme0n1", object_path: "/org/freedesktop/UDisks2/drives/KINGSTON_SKC2500M82000G_50026B7684E30425" }: attempts=1 captured=1 baseline=0 absent=0 failed=0 rejected=0 cancelled=0 in_flight=0 queue=p50=0.073ms p95=0.073ms p99=0.073ms run=p50=17.251ms p95=17.251ms p99=17.251ms
  Disk:Smart:SmartDrive { label: "nvme1n1", object_path: "/org/freedesktop/UDisks2/drives/Samsung_SSD_990_PRO_4TB_S7DPNF0Y500836E" }: attempts=1 captured=1 baseline=0 absent=0 failed=0 rejected=0 cancelled=0 in_flight=0 queue=p50=0.145ms p95=0.145ms p99=0.145ms run=p50=5.817ms p95=5.817ms p99=5.817ms
  External:Brightness:Singleton: attempts=6 captured=0 baseline=0 absent=0 failed=6 rejected=0 cancelled=0 in_flight=0 queue=p50=0.073ms p95=0.348ms p99=0.348ms run=p50=0.031ms p95=0.081ms p99=0.081ms
  Memory:Memory:Singleton: attempts=3 captured=3 baseline=0 absent=0 failed=0 rejected=0 cancelled=0 in_flight=0 queue=p50=0.289ms p95=0.376ms p99=0.376ms run=p50=0.032ms p95=0.033ms p99=0.033ms
  Memory:MemoryHistory:Singleton: attempts=2 captured=2 baseline=0 absent=0 failed=0 rejected=0 cancelled=0 in_flight=0 queue=p50=0.073ms p95=0.101ms p99=0.101ms run=p50=0.008ms p95=0.010ms p99=0.010ms
  Network:NetworkHistory:Singleton: attempts=2 captured=2 baseline=0 absent=0 failed=0 rejected=0 cancelled=0 in_flight=0 queue=p50=0.019ms p95=0.091ms p99=0.091ms run=p50=0.008ms p95=0.010ms p99=0.010ms
  Network:NetworkIdentity:Singleton: attempts=1 captured=1 baseline=0 absent=0 failed=0 rejected=0 cancelled=0 in_flight=0 queue=p50=0.591ms p95=0.591ms p99=0.591ms run=p50=1.066ms p95=1.066ms p99=1.066ms
  Network:NetworkRate:Device("tun0"): attempts=4 captured=3 baseline=1 absent=0 failed=0 rejected=0 cancelled=0 in_flight=0 queue=p50=0.020ms p95=0.310ms p99=0.310ms run=p50=0.028ms p95=0.039ms p99=0.039ms
  Page:PageRender:Singleton: attempts=7 captured=4 baseline=0 absent=0 failed=0 rejected=2 cancelled=1 in_flight=0 queue=p50=0.038ms p95=0.648ms p99=0.648ms run=p50=0.656ms p95=0.798ms p99=0.798ms
timing:
  wake_lateness: p50=1.361ms p95=1.984ms p99=1.984ms
  maximum_sample_age: 2998.599ms
  first_paint_latency: p50=103.852ms p95=103.852ms p99=103.852ms
  publication_lateness: p50=1.404ms p95=1.833ms p99=1.833ms
  skipped_display_deadlines: 0
  first_paint_over_250ms: 0
  publication_over_50ms: 0
  render_display_deadline: p50=0.171ms p95=0.229ms p99=0.229ms
  render_first_paint_ready: p50=0.135ms p95=0.135ms p99=0.135ms
  render_page_changed: p50=0.007ms p95=0.007ms p99=0.007ms
  render_tooltip_activated: p50=0.011ms p95=0.011ms p99=0.011ms
  render_tooltip_refresh: p50=0.001ms p95=0.001ms p99=0.001ms
  write_time: not_applicable (HTML runtime writes disabled)
  shutdown_duration: 2.207ms
  shutdown_over_500ms: 0
  final_status: ok
