profile:
  duration_seconds: 4.200
  scenario: main
  stimuli: disabled
  process_calls: 2
  dbus_calls: 10
jobs:
  Cpu:Cpu:CpuSources { temperature: Some("/sys/class/hwmon/hwmon10/temp1_input"), frequency: Some("/sys/devices/system/cpu/cpu0/cpufreq/scaling_cur_freq"), turbo: Some("/sys/devices/system/cpu/cpufreq/boost") }: attempts=4 captured=3 baseline=1 absent=0 failed=0 rejected=0 cancelled=0 in_flight=0 queue=p50=0.206ms p95=0.264ms p99=0.264ms run=p50=0.309ms p95=0.349ms p99=0.349ms
  Cpu:CpuHistory:Singleton: attempts=2 captured=2 baseline=0 absent=0 failed=0 rejected=0 cancelled=0 in_flight=0 queue=p50=0.075ms p95=0.082ms p99=0.082ms run=p50=0.029ms p95=0.029ms p99=0.029ms
  Discovery:HardwareDiscovery:Inventory(Backlight): attempts=1 captured=1 baseline=0 absent=0 failed=0 rejected=0 cancelled=0 in_flight=0 queue=p50=0.041ms p95=0.041ms p99=0.041ms run=p50=0.090ms p95=0.090ms p99=0.090ms
  Discovery:HardwareDiscovery:Inventory(Cpu): attempts=2 captured=1 baseline=0 absent=0 failed=0 rejected=0 cancelled=1 in_flight=0 queue=p50=0.042ms p95=0.042ms p99=0.042ms run=p50=0.497ms p95=0.497ms p99=0.497ms
  Discovery:HardwareDiscovery:Inventory(DiskIo): attempts=6 captured=0 baseline=0 absent=0 failed=6 rejected=0 cancelled=0 in_flight=0 queue=p50=0.103ms p95=0.189ms p99=0.189ms run=p50=0.344ms p95=0.459ms p99=0.459ms
  Discovery:HardwareDiscovery:Inventory(Intel): attempts=1 captured=1 baseline=0 absent=0 failed=0 rejected=0 cancelled=0 in_flight=0 queue=p50=0.049ms p95=0.049ms p99=0.049ms run=p50=0.031ms p95=0.031ms p99=0.031ms
  Discovery:HardwareDiscovery:Inventory(Network): attempts=1 captured=1 baseline=0 absent=0 failed=0 rejected=0 cancelled=0 in_flight=0 queue=p50=22.527ms p95=22.527ms p99=22.527ms run=p50=1.420ms p95=1.420ms p99=1.420ms
  Discovery:HardwareDiscovery:Inventory(Nvidia): attempts=1 captured=1 baseline=0 absent=0 failed=0 rejected=0 cancelled=0 in_flight=0 queue=p50=0.044ms p95=0.044ms p99=0.044ms run=p50=0.352ms p95=0.352ms p99=0.352ms
  Discovery:HardwareDiscovery:Inventory(Peripheral): attempts=1 captured=1 baseline=0 absent=0 failed=0 rejected=0 cancelled=0 in_flight=0 queue=p50=8.209ms p95=8.209ms p99=8.209ms run=p50=0.550ms p95=0.550ms p99=0.550ms
  Discovery:HardwareDiscovery:Inventory(Smart): attempts=1 captured=1 baseline=0 absent=0 failed=0 rejected=0 cancelled=0 in_flight=0 queue=p50=0.029ms p95=0.029ms p99=0.029ms run=p50=2.819ms p95=2.819ms p99=2.819ms
  Discovery:HardwareDiscovery:Inventory(SystemBattery): attempts=1 captured=1 baseline=0 absent=0 failed=0 rejected=0 cancelled=0 in_flight=0 queue=p50=0.036ms p95=0.036ms p99=0.036ms run=p50=6.879ms p95=6.879ms p99=6.879ms
  Discovery:HardwareDiscovery:Inventory(Thermal): attempts=1 captured=1 baseline=0 absent=0 failed=0 rejected=0 cancelled=0 in_flight=0 queue=p50=0.033ms p95=0.033ms p99=0.033ms run=p50=0.355ms p95=0.355ms p99=0.355ms
  Discovery:MountInventory:Singleton: attempts=3 captured=3 baseline=0 absent=0 failed=0 rejected=0 cancelled=0 in_flight=0 queue=p50=0.109ms p95=0.896ms p99=0.896ms run=p50=0.264ms p95=0.306ms p99=0.306ms
  Disk:DiskTemperature:NamedPath { name: "nvme0n1", path: "/sys/class/hwmon/hwmon6/temp1_input" }: attempts=1 captured=1 baseline=0 absent=0 failed=0 rejected=0 cancelled=0 in_flight=0 queue=p50=0.026ms p95=0.026ms p99=0.026ms run=p50=5.065ms p95=5.065ms p99=5.065ms
  Disk:DiskTemperature:NamedPath { name: "nvme1n1", path: "/sys/class/hwmon/hwmon5/temp1_input" }: attempts=1 captured=1 baseline=0 absent=0 failed=0 rejected=0 cancelled=0 in_flight=0 queue=p50=0.030ms p95=0.030ms p99=0.030ms run=p50=1.132ms p95=1.132ms p99=1.132ms
  Disk:DiskUsage:Mount("/"): attempts=4 captured=3 baseline=0 absent=0 failed=0 rejected=0 cancelled=1 in_flight=0 queue=p50=0.517ms p95=1.939ms p99=1.939ms run=p50=0.035ms p95=0.107ms p99=0.107ms
  Disk:DiskUsage:Mount("/run/media/bogdan/S_04"): attempts=3 captured=3 baseline=0 absent=0 failed=0 rejected=0 cancelled=0 in_flight=0 queue=p50=0.058ms p95=0.343ms p99=0.343ms run=p50=0.072ms p95=0.087ms p99=0.087ms
  Disk:DiskUsage:Mount("/run/media/bogdan/T_01"): attempts=3 captured=3 baseline=0 absent=0 failed=0 rejected=0 cancelled=0 in_flight=0 queue=p50=0.317ms p95=11.082ms p99=11.082ms run=p50=0.037ms p95=0.064ms p99=0.064ms
  Disk:Smart:SmartDrive { label: "nvme0n1", object_path: "/org/freedesktop/UDisks2/drives/KINGSTON_SKC2500M82000G_50026B7684E30425" }: attempts=1 captured=1 baseline=0 absent=0 failed=0 rejected=0 cancelled=0 in_flight=0 queue=p50=0.076ms p95=0.076ms p99=0.076ms run=p50=22.552ms p95=22.552ms p99=22.552ms
  Disk:Smart:SmartDrive { label: "nvme1n1", object_path: "/org/freedesktop/UDisks2/drives/Samsung_SSD_990_PRO_4TB_S7DPNF0Y500836E" }: attempts=1 captured=1 baseline=0 absent=0 failed=0 rejected=0 cancelled=0 in_flight=0 queue=p50=1.358ms p95=1.358ms p99=1.358ms run=p50=8.435ms p95=8.435ms p99=8.435ms
  Memory:Memory:Singleton: attempts=3 captured=3 baseline=0 absent=0 failed=0 rejected=0 cancelled=0 in_flight=0 queue=p50=0.457ms p95=0.503ms p99=0.503ms run=p50=0.037ms p95=0.080ms p99=0.080ms
  Memory:MemoryHistory:Singleton: attempts=2 captured=2 baseline=0 absent=0 failed=0 rejected=0 cancelled=0 in_flight=0 queue=p50=0.086ms p95=0.092ms p99=0.092ms run=p50=0.009ms p95=0.011ms p99=0.011ms
  Network:NetworkHistory:Singleton: attempts=2 captured=2 baseline=0 absent=0 failed=0 rejected=0 cancelled=0 in_flight=0 queue=p50=0.034ms p95=0.039ms p99=0.039ms run=p50=0.018ms p95=0.019ms p99=0.019ms
  Network:NetworkIdentity:Singleton: attempts=1 captured=1 baseline=0 absent=0 failed=0 rejected=0 cancelled=0 in_flight=0 queue=p50=0.350ms p95=0.350ms p99=0.350ms run=p50=1.453ms p95=1.453ms p99=1.453ms
  Network:NetworkRate:Device("tun0"): attempts=4 captured=3 baseline=1 absent=0 failed=0 rejected=0 cancelled=0 in_flight=0 queue=p50=0.097ms p95=0.558ms p99=0.558ms run=p50=0.044ms p95=0.097ms p99=0.097ms
timing:
  wake_lateness: p50=1.090ms p95=1.921ms p99=1.921ms
  maximum_sample_age: 2997.304ms
  first_paint_latency: p50=105.254ms p95=105.254ms p99=105.254ms
  publication_lateness: p50=1.523ms p95=1.692ms p99=1.692ms
  skipped_display_deadlines: 0
  first_paint_over_250ms: 0
  publication_over_50ms: 0
  render_display_deadline: p50=0.239ms p95=0.306ms p99=0.306ms
  render_first_paint_ready: p50=0.564ms p95=0.564ms p99=0.564ms
  render_tooltip_activated: p50=0.070ms p95=0.070ms p99=0.070ms
  render_tooltip_refresh: p50=0.124ms p95=0.124ms p99=0.124ms
  write_time: not_applicable (HTML runtime writes disabled)
  shutdown_duration: 2.257ms
  shutdown_over_500ms: 0
  final_status: ok
