   Compiling proc-macro2 v1.0.107
   Compiling quote v1.0.47
   Compiling unicode-ident v1.0.24
   Compiling libc v0.2.189
   Compiling serde_core v1.0.229
   Compiling fnv v1.0.7
   Compiling strsim v0.11.1
   Compiling ident_case v1.0.1
   Compiling cfg-if v1.0.4
   Compiling cfg_aliases v0.2.2
   Compiling zmij v1.0.23
   Compiling thiserror v1.0.69
   Compiling bitflags v2.13.1
   Compiling serde v1.0.229
   Compiling serde_json v1.0.151
   Compiling signal-hook v0.4.4
   Compiling winnow v1.0.4
   Compiling adler2 v2.0.1
   Compiling itoa v1.0.18
   Compiling toml_writer v1.1.2+spec-1.1.0
   Compiling memchr v2.8.3
   Compiling static_assertions v1.1.0
   Compiling libloading v0.8.9
   Compiling nix v0.31.3
   Compiling miniz_oxide v0.9.1
   Compiling nvml-wrapper-sys v0.9.1
   Compiling toml_parser v1.1.3+spec-1.1.0
   Compiling syn v2.0.119
   Compiling syn v3.0.3
   Compiling errno v0.3.14
   Compiling wait-timeout v0.2.1
   Compiling signal-hook-registry v1.4.8
   Compiling toml_datetime v1.1.1+spec-1.1.0
   Compiling serde_spanned v1.1.1
   Compiling serde_derive v1.0.229
   Compiling toml v1.1.4+spec-1.1.0
   Compiling darling_core v0.20.11
   Compiling thiserror-impl v1.0.69
   Compiling darling_macro v0.20.11
   Compiling darling v0.20.11
   Compiling wrapcenum-derive v0.4.1
   Compiling nvml-wrapper v0.12.1
   Compiling plasma-top v0.1.0 (/tmp/plasma-top-sync-baseline.tmQCij)
    Finished `release` profile [optimized] target(s) in 10.60s
