── Tooltip output (full) ──────────────────────────────────
CPU & MEM
 
 Cpu usage: ⠀⠀⠀⠀⠀⠀⠀⠀⠀⢀        8%
 Mem usage: 31G / 125G       25%
 Cpu freq:  Turbo        5.1 GHz
 
DRIVES
 
󰄫 Root:     0G / 0G          100%
󰄫 Q_16: 14488G / 14900G       97%
󰄫 R_14:  7346G / 13037G       56%
󰄫 T_01:   862G / 953G         90%
 
THERMAL
 
 Cpu temp:                  70°C
󰋊 Nvme:   37°C  󰋊 Nvme:      50°C
 
I/O
 
 Read:      0   Write:        0
󰕒 Upload:    0  󰇚 Dload:        0
󰛳 Network:      tun0 - 10.8.11.20
󰣸 Wifi:                   -- - --
 
LOAD
 
󰥔 Uptime:                  5h 11m
󰐟 Load avg:        2.72 3.76 3.75


