   Compiling proc-macro2 v1.0.107
   Compiling quote v1.0.47
   Compiling unicode-ident v1.0.24
   Compiling serde v1.0.229
   Compiling serde_core v1.0.229
   Compiling winnow v1.0.4
   Compiling equivalent v1.0.2
   Compiling hashbrown v0.17.1
   Compiling toml_datetime v1.1.1+spec-1.1.0
   Compiling libc v0.2.189
   Compiling pin-project-lite v0.2.17
   Compiling fnv v1.0.7
   Compiling parking v2.2.1
   Compiling ident_case v1.0.1
   Compiling strsim v0.11.1
   Compiling bitflags v2.13.1
   Compiling futures-core v0.3.33
   Compiling cfg-if v1.0.4
   Compiling endi v1.1.1
   Compiling thiserror v1.0.69
   Compiling rustix v1.1.4
   Compiling once_cell v1.21.4
   Compiling cfg_aliases v0.2.2
   Compiling fastrand v2.5.0
   Compiling bytes v1.12.1
   Compiling linux-raw-sys v0.12.1
   Compiling futures-io v0.3.33
   Compiling adler2 v2.0.1
   Compiling libloading v0.8.9
   Compiling toml_writer v1.1.2+spec-1.1.0
   Compiling static_assertions v1.1.0
   Compiling hex v0.4.3
   Compiling nix v0.31.3
   Compiling event-listener v5.4.2
   Compiling miniz_oxide v0.9.1
   Compiling ordered-stream v0.2.0
   Compiling nvml-wrapper-sys v0.9.1
   Compiling tracing-core v0.1.36
   Compiling futures-lite v2.6.1
   Compiling event-listener-strategy v0.5.4
   Compiling async-broadcast v0.7.2
   Compiling indexmap v2.14.0
   Compiling syn v2.0.119
   Compiling syn v3.0.3
   Compiling toml_parser v1.1.3+spec-1.1.0
   Compiling toml_edit v0.25.13+spec-1.1.0
   Compiling errno v0.3.14
   Compiling mio v1.2.2
   Compiling socket2 v0.6.5
   Compiling signal-hook-registry v1.4.8
   Compiling proc-macro-crate v3.5.0
   Compiling uuid v1.24.0
   Compiling serde_spanned v1.1.1
   Compiling toml v1.1.4+spec-1.1.0
   Compiling darling_core v0.20.11
   Compiling enumflags2_derive v0.7.12
   Compiling tracing-attributes v0.1.31
   Compiling tokio-macros v2.7.0
   Compiling thiserror-impl v1.0.69
   Compiling async-recursion v1.1.1
   Compiling serde_derive v1.0.229
   Compiling async-trait v0.1.92
   Compiling serde_repr v0.1.21
   Compiling tokio v1.53.1
   Compiling tracing v0.1.44
   Compiling darling_macro v0.20.11
   Compiling darling v0.20.11
   Compiling wrapcenum-derive v0.4.1
   Compiling nvml-wrapper v0.12.1
   Compiling zvariant_utils v4.0.0
   Compiling zcheapstr v1.1.0
   Compiling enumflags2 v0.7.12
   Compiling zvariant_derive v5.14.0
   Compiling zvariant v5.14.0
   Compiling zbus_names v4.3.4
   Compiling zbus_macros v5.19.0
   Compiling zbus v5.19.0
   Compiling plasma-top v0.2.0 (/var/mnt/xdata/code/_self/plasma-top)
    Finished `release` profile [optimized] target(s) in 22.62s
