profile:
  duration_seconds: 4.200
  scenario: graphs
  stimuli: disabled
  process_calls: 2
  dbus_calls: 11
jobs:
  Cpu:Cpu:CpuSources { temperature: Some("/sys/class/hwmon/hwmon10/temp1_input"), frequency: Some("/sys/devices/system/cpu/cpu0/cpufreq/scaling_cur_freq"), turbo: Some("/sys/devices/system/cpu/cpufreq/boost") }: attempts=4 captured=3 baseline=1 absent=0 failed=0 rejected=0 cancelled=0 in_flight=0 queue=p50=0.176ms p95=0.272ms p99=0.272ms run=p50=0.213ms p95=0.265ms p99=0.265ms
  Cpu:CpuHistory:Singleton: attempts=2 captured=2 baseline=0 absent=0 failed=0 rejected=0 cancelled=0 in_flight=0 queue=p50=0.067ms p95=0.086ms p99=0.086ms run=p50=0.021ms p95=0.023ms p99=0.023ms
  Discovery:HardwareDiscovery:Inventory(Backlight): attempts=1 captured=1 baseline=0 absent=0 failed=0 rejected=0 cancelled=0 in_flight=0 queue=p50=0.954ms p95=0.954ms p99=0.954ms run=p50=0.017ms p95=0.017ms p99=0.017ms
  Discovery:HardwareDiscovery:Inventory(Cpu): attempts=2 captured=1 baseline=0 absent=0 failed=0 rejected=0 cancelled=1 in_flight=0 queue=p50=0.080ms p95=0.080ms p99=0.080ms run=p50=0.351ms p95=0.351ms p99=0.351ms
  Discovery:HardwareDiscovery:Inventory(DiskIo): attempts=6 captured=0 baseline=0 absent=0 failed=6 rejected=0 cancelled=0 in_flight=0 queue=p50=0.151ms p95=0.166ms p99=0.166ms run=p50=0.295ms p95=0.357ms p99=0.357ms
  Discovery:HardwareDiscovery:Inventory(Intel): attempts=1 captured=1 baseline=0 absent=0 failed=0 rejected=0 cancelled=0 in_flight=0 queue=p50=0.066ms p95=0.066ms p99=0.066ms run=p50=0.042ms p95=0.042ms p99=0.042ms
  Discovery:HardwareDiscovery:Inventory(Network): attempts=1 captured=1 baseline=0 absent=0 failed=0 rejected=0 cancelled=0 in_flight=0 queue=p50=56.809ms p95=56.809ms p99=56.809ms run=p50=1.592ms p95=1.592ms p99=1.592ms
  Discovery:HardwareDiscovery:Inventory(Nvidia): attempts=1 captured=1 baseline=0 absent=0 failed=0 rejected=0 cancelled=0 in_flight=0 queue=p50=0.130ms p95=0.130ms p99=0.130ms run=p50=0.309ms p95=0.309ms p99=0.309ms
  Discovery:HardwareDiscovery:Inventory(Peripheral): attempts=1 captured=1 baseline=0 absent=0 failed=0 rejected=0 cancelled=0 in_flight=0 queue=p50=9.699ms p95=9.699ms p99=9.699ms run=p50=0.447ms p95=0.447ms p99=0.447ms
  Discovery:HardwareDiscovery:Inventory(Smart): attempts=1 captured=1 baseline=0 absent=0 failed=0 rejected=0 cancelled=0 in_flight=0 queue=p50=0.042ms p95=0.042ms p99=0.042ms run=p50=2.435ms p95=2.435ms p99=2.435ms
  Discovery:HardwareDiscovery:Inventory(SystemBattery): attempts=2 captured=2 baseline=0 absent=0 failed=0 rejected=0 cancelled=0 in_flight=0 queue=p50=0.043ms p95=0.097ms p99=0.097ms run=p50=0.220ms p95=0.397ms p99=0.397ms
  Discovery:HardwareDiscovery:Inventory(Thermal): attempts=1 captured=1 baseline=0 absent=0 failed=0 rejected=0 cancelled=0 in_flight=0 queue=p50=0.047ms p95=0.047ms p99=0.047ms run=p50=0.338ms p95=0.338ms p99=0.338ms
  Discovery:MountInventory:Singleton: attempts=3 captured=3 baseline=0 absent=0 failed=0 rejected=0 cancelled=0 in_flight=0 queue=p50=0.800ms p95=30.393ms p99=30.393ms run=p50=0.167ms p95=0.178ms p99=0.178ms
  Disk:DiskTemperature:NamedPath { name: "nvme0n1", path: "/sys/class/hwmon/hwmon6/temp1_input" }: attempts=1 captured=1 baseline=0 absent=0 failed=0 rejected=0 cancelled=0 in_flight=0 queue=p50=0.041ms p95=0.041ms p99=0.041ms run=p50=5.066ms p95=5.066ms p99=5.066ms
  Disk:DiskTemperature:NamedPath { name: "nvme1n1", path: "/sys/class/hwmon/hwmon5/temp1_input" }: attempts=2 captured=1 baseline=0 absent=0 failed=0 rejected=0 cancelled=1 in_flight=0 queue=p50=0.102ms p95=0.102ms p99=0.102ms run=p50=1.437ms p95=1.437ms p99=1.437ms
  Disk:DiskUsage:Mount("/"): attempts=3 captured=3 baseline=0 absent=0 failed=0 rejected=0 cancelled=0 in_flight=0 queue=p50=0.944ms p95=2.169ms p99=2.169ms run=p50=0.022ms p95=0.025ms p99=0.025ms
  Disk:DiskUsage:Mount("/run/media/bogdan/S_04"): attempts=3 captured=3 baseline=0 absent=0 failed=0 rejected=0 cancelled=0 in_flight=0 queue=p50=0.418ms p95=1.005ms p99=1.005ms run=p50=0.029ms p95=0.039ms p99=0.039ms
  Disk:DiskUsage:Mount("/run/media/bogdan/T_01"): attempts=3 captured=3 baseline=0 absent=0 failed=0 rejected=0 cancelled=0 in_flight=0 queue=p50=0.970ms p95=14.102ms p99=14.102ms run=p50=0.018ms p95=0.063ms p99=0.063ms
  Disk:Smart:SmartDrive { label: "nvme0n1", object_path: "/org/freedesktop/UDisks2/drives/KINGSTON_SKC2500M82000G_50026B7684E30425" }: attempts=1 captured=1 baseline=0 absent=0 failed=0 rejected=0 cancelled=0 in_flight=0 queue=p50=0.106ms p95=0.106ms p99=0.106ms run=p50=55.769ms p95=55.769ms p99=55.769ms
  Disk:Smart:SmartDrive { label: "nvme1n1", object_path: "/org/freedesktop/UDisks2/drives/Samsung_SSD_990_PRO_4TB_S7DPNF0Y500836E" }: attempts=1 captured=1 baseline=0 absent=0 failed=0 rejected=0 cancelled=0 in_flight=0 queue=p50=2.583ms p95=2.583ms p99=2.583ms run=p50=8.708ms p95=8.708ms p99=8.708ms
  External:Brightness:Singleton: attempts=6 captured=0 baseline=0 absent=0 failed=6 rejected=0 cancelled=0 in_flight=0 queue=p50=0.082ms p95=0.311ms p99=0.311ms run=p50=0.033ms p95=0.135ms p99=0.135ms
  Memory:Memory:Singleton: attempts=3 captured=3 baseline=0 absent=0 failed=0 rejected=0 cancelled=0 in_flight=0 queue=p50=0.412ms p95=0.426ms p99=0.426ms run=p50=0.038ms p95=0.045ms p99=0.045ms
  Memory:MemoryHistory:Singleton: attempts=2 captured=2 baseline=0 absent=0 failed=0 rejected=0 cancelled=0 in_flight=0 queue=p50=0.069ms p95=0.091ms p99=0.091ms run=p50=0.010ms p95=0.010ms p99=0.010ms
  Network:NetworkHistory:Singleton: attempts=2 captured=2 baseline=0 absent=0 failed=0 rejected=0 cancelled=0 in_flight=0 queue=p50=0.022ms p95=0.058ms p99=0.058ms run=p50=0.009ms p95=0.010ms p99=0.010ms
  Network:NetworkIdentity:Singleton: attempts=1 captured=1 baseline=0 absent=0 failed=0 rejected=0 cancelled=0 in_flight=0 queue=p50=0.308ms p95=0.308ms p99=0.308ms run=p50=1.788ms p95=1.788ms p99=1.788ms
  Network:NetworkRate:Device("tun0"): attempts=4 captured=3 baseline=1 absent=0 failed=0 rejected=0 cancelled=0 in_flight=0 queue=p50=0.042ms p95=0.427ms p99=0.427ms run=p50=0.033ms p95=0.071ms p99=0.071ms
  Page:PageRender:Singleton: attempts=37 captured=21 baseline=0 absent=0 failed=0 rejected=14 cancelled=2 in_flight=0 queue=p50=0.153ms p95=30.574ms p99=55.893ms run=p50=0.854ms p95=1.214ms p99=1.225ms
timing:
  wake_lateness: p50=0.955ms p95=3.064ms p99=3.064ms
  maximum_sample_age: 3199.523ms
  first_paint_latency: p50=104.832ms p95=104.832ms p99=104.832ms
  publication_lateness: p50=0.587ms p95=0.687ms p99=0.687ms
  skipped_display_deadlines: 0
  first_paint_over_250ms: 0
  publication_over_50ms: 0
  render_display_deadline: p50=0.161ms p95=0.191ms p99=0.191ms
  render_first_paint_ready: p50=0.156ms p95=0.156ms p99=0.156ms
  render_page_changed: p50=0.007ms p95=0.007ms p99=0.007ms
  render_tooltip_activated: p50=0.012ms p95=0.012ms p99=0.012ms
  render_tooltip_refresh: p50=0.001ms p95=0.002ms p99=0.004ms
  write_time: not_applicable (HTML runtime writes disabled)
  shutdown_duration: 6.182ms
  shutdown_over_500ms: 0
  final_status: ok
