profile:
  duration_seconds: 4.200
  scenario: graphs
  stimuli: disabled
  process_calls: 2
  dbus_calls: 10
jobs:
  Cpu:Cpu:CpuSources { temperature: Some("/sys/class/hwmon/hwmon10/temp1_input"), frequency: Some("/sys/devices/system/cpu/cpu0/cpufreq/scaling_cur_freq"), turbo: Some("/sys/devices/system/cpu/cpufreq/boost") }: attempts=4 captured=3 baseline=1 absent=0 failed=0 rejected=0 cancelled=0 in_flight=0 queue=p50=0.183ms p95=0.236ms p99=0.236ms run=p50=0.150ms p95=0.348ms p99=0.348ms
  Cpu:CpuHistory:Singleton: attempts=2 captured=2 baseline=0 absent=0 failed=0 rejected=0 cancelled=0 in_flight=0 queue=p50=0.105ms p95=0.122ms p99=0.122ms run=p50=0.034ms p95=0.052ms p99=0.052ms
  Discovery:HardwareDiscovery:Inventory(Backlight): attempts=1 captured=1 baseline=0 absent=0 failed=0 rejected=0 cancelled=0 in_flight=0 queue=p50=0.808ms p95=0.808ms p99=0.808ms run=p50=0.133ms p95=0.133ms p99=0.133ms
  Discovery:HardwareDiscovery:Inventory(Cpu): attempts=2 captured=1 baseline=0 absent=0 failed=0 rejected=0 cancelled=1 in_flight=0 queue=p50=1.284ms p95=1.284ms p99=1.284ms run=p50=0.450ms p95=0.450ms p99=0.450ms
  Discovery:HardwareDiscovery:Inventory(DiskIo): attempts=6 captured=0 baseline=0 absent=0 failed=6 rejected=0 cancelled=0 in_flight=0 queue=p50=0.068ms p95=0.526ms p99=0.526ms run=p50=0.229ms p95=0.343ms p99=0.343ms
  Discovery:HardwareDiscovery:Inventory(Intel): attempts=1 captured=1 baseline=0 absent=0 failed=0 rejected=0 cancelled=0 in_flight=0 queue=p50=1.070ms p95=1.070ms p99=1.070ms run=p50=0.103ms p95=0.103ms p99=0.103ms
  Discovery:HardwareDiscovery:Inventory(Network): attempts=1 captured=1 baseline=0 absent=0 failed=0 rejected=0 cancelled=0 in_flight=0 queue=p50=15.194ms p95=15.194ms p99=15.194ms run=p50=1.418ms p95=1.418ms p99=1.418ms
  Discovery:HardwareDiscovery:Inventory(Nvidia): attempts=1 captured=1 baseline=0 absent=0 failed=0 rejected=0 cancelled=0 in_flight=0 queue=p50=0.812ms p95=0.812ms p99=0.812ms run=p50=0.272ms p95=0.272ms p99=0.272ms
  Discovery:HardwareDiscovery:Inventory(Peripheral): attempts=1 captured=1 baseline=0 absent=0 failed=0 rejected=0 cancelled=0 in_flight=0 queue=p50=7.139ms p95=7.139ms p99=7.139ms run=p50=0.402ms p95=0.402ms p99=0.402ms
  Discovery:HardwareDiscovery:Inventory(Smart): attempts=1 captured=1 baseline=0 absent=0 failed=0 rejected=0 cancelled=0 in_flight=0 queue=p50=0.678ms p95=0.678ms p99=0.678ms run=p50=2.415ms p95=2.415ms p99=2.415ms
  Discovery:HardwareDiscovery:Inventory(SystemBattery): attempts=1 captured=1 baseline=0 absent=0 failed=0 rejected=0 cancelled=0 in_flight=0 queue=p50=6.686ms p95=6.686ms p99=6.686ms run=p50=0.690ms p95=0.690ms p99=0.690ms
  Discovery:HardwareDiscovery:Inventory(Thermal): attempts=1 captured=1 baseline=0 absent=0 failed=0 rejected=0 cancelled=0 in_flight=0 queue=p50=0.693ms p95=0.693ms p99=0.693ms run=p50=0.332ms p95=0.332ms p99=0.332ms
  Discovery:MountInventory:Singleton: attempts=3 captured=3 baseline=0 absent=0 failed=0 rejected=0 cancelled=0 in_flight=0 queue=p50=0.579ms p95=1.427ms p99=1.427ms run=p50=0.224ms p95=0.284ms p99=0.284ms
  Disk:DiskTemperature:NamedPath { name: "nvme0n1", path: "/sys/class/hwmon/hwmon6/temp1_input" }: attempts=1 captured=1 baseline=0 absent=0 failed=0 rejected=0 cancelled=0 in_flight=0 queue=p50=0.036ms p95=0.036ms p99=0.036ms run=p50=5.097ms p95=5.097ms p99=5.097ms
  Disk:DiskTemperature:NamedPath { name: "nvme1n1", path: "/sys/class/hwmon/hwmon5/temp1_input" }: attempts=1 captured=1 baseline=0 absent=0 failed=0 rejected=0 cancelled=0 in_flight=0 queue=p50=0.028ms p95=0.028ms p99=0.028ms run=p50=1.250ms p95=1.250ms p99=1.250ms
  Disk:DiskUsage:Mount("/"): attempts=4 captured=3 baseline=0 absent=0 failed=0 rejected=0 cancelled=1 in_flight=0 queue=p50=0.596ms p95=1.984ms p99=1.984ms run=p50=0.057ms p95=0.085ms p99=0.085ms
  Disk:DiskUsage:Mount("/run/media/bogdan/S_04"): attempts=3 captured=3 baseline=0 absent=0 failed=0 rejected=0 cancelled=0 in_flight=0 queue=p50=1.231ms p95=1.535ms p99=1.535ms run=p50=0.078ms p95=0.092ms p99=0.092ms
  Disk:DiskUsage:Mount("/run/media/bogdan/T_01"): attempts=3 captured=3 baseline=0 absent=0 failed=0 rejected=0 cancelled=0 in_flight=0 queue=p50=0.972ms p95=15.376ms p99=15.376ms run=p50=0.095ms p95=0.110ms p99=0.110ms
  Disk:Smart:SmartDrive { label: "nvme0n1", object_path: "/org/freedesktop/UDisks2/drives/KINGSTON_SKC2500M82000G_50026B7684E30425" }: attempts=1 captured=1 baseline=0 absent=0 failed=0 rejected=0 cancelled=0 in_flight=0 queue=p50=1.236ms p95=1.236ms p99=1.236ms run=p50=14.474ms p95=14.474ms p99=14.474ms
  Disk:Smart:SmartDrive { label: "nvme1n1", object_path: "/org/freedesktop/UDisks2/drives/Samsung_SSD_990_PRO_4TB_S7DPNF0Y500836E" }: attempts=1 captured=1 baseline=0 absent=0 failed=0 rejected=0 cancelled=0 in_flight=0 queue=p50=2.110ms p95=2.110ms p99=2.110ms run=p50=6.477ms p95=6.477ms p99=6.477ms
  External:Brightness:Singleton: attempts=6 captured=0 baseline=0 absent=0 failed=6 rejected=0 cancelled=0 in_flight=0 queue=p50=0.085ms p95=0.318ms p99=0.318ms run=p50=0.038ms p95=0.126ms p99=0.126ms
  Memory:Memory:Singleton: attempts=3 captured=3 baseline=0 absent=0 failed=0 rejected=0 cancelled=0 in_flight=0 queue=p50=0.369ms p95=0.519ms p99=0.519ms run=p50=0.042ms p95=0.048ms p99=0.048ms
  Memory:MemoryHistory:Singleton: attempts=2 captured=2 baseline=0 absent=0 failed=0 rejected=0 cancelled=0 in_flight=0 queue=p50=0.115ms p95=0.147ms p99=0.147ms run=p50=0.022ms p95=0.022ms p99=0.022ms
  Network:NetworkHistory:Singleton: attempts=2 captured=2 baseline=0 absent=0 failed=0 rejected=0 cancelled=0 in_flight=0 queue=p50=0.114ms p95=0.210ms p99=0.210ms run=p50=0.022ms p95=0.025ms p99=0.025ms
  Network:NetworkIdentity:Singleton: attempts=1 captured=1 baseline=0 absent=0 failed=0 rejected=0 cancelled=0 in_flight=0 queue=p50=0.366ms p95=0.366ms p99=0.366ms run=p50=1.491ms p95=1.491ms p99=1.491ms
  Network:NetworkRate:Device("tun0"): attempts=4 captured=3 baseline=1 absent=0 failed=0 rejected=0 cancelled=0 in_flight=0 queue=p50=0.089ms p95=0.540ms p99=0.540ms run=p50=0.041ms p95=0.056ms p99=0.056ms
  Page:PageRender:Singleton: attempts=36 captured=13 baseline=0 absent=0 failed=0 rejected=20 cancelled=3 in_flight=0 queue=p50=0.167ms p95=24.906ms p99=32.141ms run=p50=0.932ms p95=1.750ms p99=1.963ms
timing:
  wake_lateness: p50=0.815ms p95=2.103ms p99=2.103ms
  maximum_sample_age: 3154.537ms
  first_paint_latency: p50=103.733ms p95=103.733ms p99=103.733ms
  publication_lateness: p50=0.737ms p95=1.021ms p99=1.021ms
  skipped_display_deadlines: 0
  first_paint_over_250ms: 0
  publication_over_50ms: 0
  render_display_deadline: p50=0.287ms p95=0.294ms p99=0.294ms
  render_first_paint_ready: p50=0.136ms p95=0.136ms p99=0.136ms
  render_page_changed: p50=0.007ms p95=0.007ms p99=0.007ms
  render_tooltip_activated: p50=0.015ms p95=0.015ms p99=0.015ms
  render_tooltip_refresh: p50=0.001ms p95=0.004ms p99=0.004ms
  write_time: not_applicable (HTML runtime writes disabled)
  shutdown_duration: 2.376ms
  shutdown_over_500ms: 0
  final_status: ok
