profile:
  duration_seconds: 4.200
  scenario: main
  process_calls: 2
  dbus_calls: 11
jobs:
  Cpu:Cpu:CpuSources { temperature: Some("/sys/class/hwmon/hwmon10/temp1_input"), frequency: Some("/sys/devices/system/cpu/cpu0/cpufreq/scaling_cur_freq"), turbo: Some("/sys/devices/system/cpu/cpufreq/boost") }: attempts=4 captured=3 baseline=1 absent=0 failed=0 rejected=0 cancelled=0 in_flight=0 queue=p50=0.140ms p95=0.403ms p99=0.403ms run=p50=0.242ms p95=0.255ms p99=0.255ms
  Cpu:CpuHistory:Singleton: attempts=2 captured=2 baseline=0 absent=0 failed=0 rejected=0 cancelled=0 in_flight=0 queue=p50=0.073ms p95=0.074ms p99=0.074ms run=p50=0.023ms p95=0.026ms p99=0.026ms
  Discovery:HardwareDiscovery:Inventory(Backlight): attempts=1 captured=1 baseline=0 absent=0 failed=0 rejected=0 cancelled=0 in_flight=0 queue=p50=0.078ms p95=0.078ms p99=0.078ms run=p50=0.010ms p95=0.010ms p99=0.010ms
  Discovery:HardwareDiscovery:Inventory(Cpu): attempts=2 captured=1 baseline=0 absent=0 failed=0 rejected=0 cancelled=1 in_flight=0 queue=p50=0.077ms p95=0.077ms p99=0.077ms run=p50=0.375ms p95=0.375ms p99=0.375ms
  Discovery:HardwareDiscovery:Inventory(DiskIo): attempts=6 captured=0 baseline=0 absent=0 failed=6 rejected=0 cancelled=0 in_flight=0 queue=p50=0.088ms p95=0.223ms p99=0.223ms run=p50=0.195ms p95=0.246ms p99=0.246ms
  Discovery:HardwareDiscovery:Inventory(Intel): attempts=1 captured=1 baseline=0 absent=0 failed=0 rejected=0 cancelled=0 in_flight=0 queue=p50=0.072ms p95=0.072ms p99=0.072ms run=p50=0.059ms p95=0.059ms p99=0.059ms
  Discovery:HardwareDiscovery:Inventory(Network): attempts=1 captured=1 baseline=0 absent=0 failed=0 rejected=0 cancelled=0 in_flight=0 queue=p50=21.778ms p95=21.778ms p99=21.778ms run=p50=1.757ms p95=1.757ms p99=1.757ms
  Discovery:HardwareDiscovery:Inventory(Nvidia): attempts=1 captured=1 baseline=0 absent=0 failed=0 rejected=0 cancelled=0 in_flight=0 queue=p50=0.091ms p95=0.091ms p99=0.091ms run=p50=0.287ms p95=0.287ms p99=0.287ms
  Discovery:HardwareDiscovery:Inventory(Peripheral): attempts=1 captured=1 baseline=0 absent=0 failed=0 rejected=0 cancelled=0 in_flight=0 queue=p50=6.859ms p95=6.859ms p99=6.859ms run=p50=0.397ms p95=0.397ms p99=0.397ms
  Discovery:HardwareDiscovery:Inventory(Smart): attempts=1 captured=1 baseline=0 absent=0 failed=0 rejected=0 cancelled=0 in_flight=0 queue=p50=0.033ms p95=0.033ms p99=0.033ms run=p50=2.451ms p95=2.451ms p99=2.451ms
  Discovery:HardwareDiscovery:Inventory(SystemBattery): attempts=2 captured=2 baseline=0 absent=0 failed=0 rejected=0 cancelled=0 in_flight=0 queue=p50=0.039ms p95=0.053ms p99=0.053ms run=p50=0.169ms p95=0.527ms p99=0.527ms
  Discovery:HardwareDiscovery:Inventory(Thermal): attempts=1 captured=1 baseline=0 absent=0 failed=0 rejected=0 cancelled=0 in_flight=0 queue=p50=0.040ms p95=0.040ms p99=0.040ms run=p50=0.345ms p95=0.345ms p99=0.345ms
  Discovery:MountInventory:Singleton: attempts=3 captured=3 baseline=0 absent=0 failed=0 rejected=0 cancelled=0 in_flight=0 queue=p50=0.102ms p95=3.095ms p99=3.095ms run=p50=0.163ms p95=0.221ms p99=0.221ms
  Disk:DiskTemperature:NamedPath { name: "nvme0n1", path: "/sys/class/hwmon/hwmon6/temp1_input" }: attempts=2 captured=1 baseline=0 absent=0 failed=0 rejected=0 cancelled=1 in_flight=0 queue=p50=0.034ms p95=0.040ms p99=0.040ms run=p50=5.072ms p95=5.184ms p99=5.184ms
  Disk:DiskTemperature:NamedPath { name: "nvme1n1", path: "/sys/class/hwmon/hwmon5/temp1_input" }: attempts=1 captured=1 baseline=0 absent=0 failed=0 rejected=0 cancelled=0 in_flight=0 queue=p50=0.087ms p95=0.087ms p99=0.087ms run=p50=1.135ms p95=1.135ms p99=1.135ms
  Disk:DiskUsage:Mount("/"): attempts=3 captured=3 baseline=0 absent=0 failed=0 rejected=0 cancelled=0 in_flight=0 queue=p50=0.431ms p95=2.452ms p99=2.452ms run=p50=0.026ms p95=0.027ms p99=0.027ms
  Disk:DiskUsage:Mount("/run/media/bogdan/Q_16"): attempts=3 captured=3 baseline=0 absent=0 failed=0 rejected=0 cancelled=0 in_flight=0 queue=p50=0.072ms p95=0.113ms p99=0.113ms run=p50=0.028ms p95=0.033ms p99=0.033ms
  Disk:DiskUsage:Mount("/run/media/bogdan/R_14"): attempts=3 captured=3 baseline=0 absent=0 failed=0 rejected=0 cancelled=0 in_flight=0 queue=p50=0.336ms p95=19.650ms p99=19.650ms run=p50=0.018ms p95=0.081ms p99=0.081ms
  Disk:DiskUsage:Mount("/run/media/bogdan/T_01"): attempts=3 captured=3 baseline=0 absent=0 failed=0 rejected=0 cancelled=0 in_flight=0 queue=p50=0.046ms p95=32.460ms p99=32.460ms run=p50=0.016ms p95=0.053ms p99=0.053ms
  Disk:Smart:SmartDrive { label: "nvme0n1", object_path: "/org/freedesktop/UDisks2/drives/KINGSTON_SKC2500M82000G_50026B7684E30425" }: attempts=1 captured=1 baseline=0 absent=0 failed=0 rejected=0 cancelled=0 in_flight=0 queue=p50=0.138ms p95=0.138ms p99=0.138ms run=p50=21.818ms p95=21.818ms p99=21.818ms
  Disk:Smart:SmartDrive { label: "nvme1n1", object_path: "/org/freedesktop/UDisks2/drives/Samsung_SSD_990_PRO_4TB_S7DPNF0Y500836E" }: attempts=1 captured=1 baseline=0 absent=0 failed=0 rejected=0 cancelled=0 in_flight=0 queue=p50=1.615ms p95=1.615ms p99=1.615ms run=p50=6.928ms p95=6.928ms p99=6.928ms
  External:Brightness:Singleton: attempts=6 captured=0 baseline=0 absent=0 failed=6 rejected=0 cancelled=0 in_flight=0 queue=p50=0.069ms p95=0.323ms p99=0.323ms run=p50=0.030ms p95=0.178ms p99=0.178ms
  Memory:Memory:Singleton: attempts=3 captured=3 baseline=0 absent=0 failed=0 rejected=0 cancelled=0 in_flight=0 queue=p50=0.346ms p95=0.524ms p99=0.524ms run=p50=0.042ms p95=0.047ms p99=0.047ms
  Memory:MemoryHistory:Singleton: attempts=2 captured=2 baseline=0 absent=0 failed=0 rejected=0 cancelled=0 in_flight=0 queue=p50=0.081ms p95=0.086ms p99=0.086ms run=p50=0.008ms p95=0.008ms p99=0.008ms
  Network:NetworkHistory:Singleton: attempts=2 captured=2 baseline=0 absent=0 failed=0 rejected=0 cancelled=0 in_flight=0 queue=p50=0.036ms p95=0.041ms p99=0.041ms run=p50=0.014ms p95=0.014ms p99=0.014ms
  Network:NetworkIdentity:Singleton: attempts=1 captured=1 baseline=0 absent=0 failed=0 rejected=0 cancelled=0 in_flight=0 queue=p50=0.297ms p95=0.297ms p99=0.297ms run=p50=1.826ms p95=1.826ms p99=1.826ms
  Network:NetworkRate:Device("tun0"): attempts=4 captured=3 baseline=1 absent=0 failed=0 rejected=0 cancelled=0 in_flight=0 queue=p50=0.079ms p95=0.378ms p99=0.378ms run=p50=0.040ms p95=0.091ms p99=0.091ms
timing:
  wake_lateness: p50=1.137ms p95=2.548ms p99=2.548ms
  maximum_sample_age: 2997.724ms
  first_paint_latency: p50=104.364ms p95=104.364ms p99=104.364ms
  publication_lateness: p50=1.784ms p95=1.829ms p99=1.829ms
  skipped_display_deadlines: 0
  first_paint_over_250ms: 0
  publication_over_50ms: 0
  render_display_deadline: p50=0.259ms p95=0.342ms p99=0.342ms
  render_first_paint_ready: p50=0.245ms p95=0.245ms p99=0.245ms
  render_tooltip_activated: p50=0.253ms p95=0.253ms p99=0.253ms
  render_tooltip_refresh: p50=0.098ms p95=0.098ms p99=0.098ms
  write_time: not_applicable (runtime writes disabled)

