profile:
  duration_seconds: 4.200
  scenario: main
  process_calls: 2
  dbus_calls: 11
jobs:
  Cpu:Cpu:CpuSources { temperature: Some("/sys/class/hwmon/hwmon10/temp1_input"), frequency: Some("/sys/devices/system/cpu/cpu0/cpufreq/scaling_cur_freq"), turbo: Some("/sys/devices/system/cpu/cpufreq/boost") }: attempts=4 captured=3 baseline=1 absent=0 failed=0 rejected=0 cancelled=0 in_flight=0 queue=p50=0.119ms p95=0.175ms p99=0.175ms run=p50=0.172ms p95=0.214ms p99=0.214ms
  Cpu:CpuHistory:Singleton: attempts=2 captured=2 baseline=0 absent=0 failed=0 rejected=0 cancelled=0 in_flight=0 queue=p50=0.080ms p95=0.085ms p99=0.085ms run=p50=0.024ms p95=0.028ms p99=0.028ms
  Discovery:HardwareDiscovery:Inventory(Backlight): attempts=1 captured=1 baseline=0 absent=0 failed=0 rejected=0 cancelled=0 in_flight=0 queue=p50=0.086ms p95=0.086ms p99=0.086ms run=p50=0.010ms p95=0.010ms p99=0.010ms
  Discovery:HardwareDiscovery:Inventory(Cpu): attempts=2 captured=1 baseline=0 absent=0 failed=0 rejected=0 cancelled=1 in_flight=0 queue=p50=0.056ms p95=0.056ms p99=0.056ms run=p50=0.336ms p95=0.336ms p99=0.336ms
  Discovery:HardwareDiscovery:Inventory(DiskIo): attempts=6 captured=0 baseline=0 absent=0 failed=6 rejected=0 cancelled=0 in_flight=0 queue=p50=0.090ms p95=0.101ms p99=0.101ms run=p50=0.194ms p95=0.262ms p99=0.262ms
  Discovery:HardwareDiscovery:Inventory(Intel): attempts=1 captured=1 baseline=0 absent=0 failed=0 rejected=0 cancelled=0 in_flight=0 queue=p50=0.046ms p95=0.046ms p99=0.046ms run=p50=0.034ms p95=0.034ms p99=0.034ms
  Discovery:HardwareDiscovery:Inventory(Network): attempts=1 captured=1 baseline=0 absent=0 failed=0 rejected=0 cancelled=0 in_flight=0 queue=p50=17.934ms p95=17.934ms p99=17.934ms run=p50=1.729ms p95=1.729ms p99=1.729ms
  Discovery:HardwareDiscovery:Inventory(Nvidia): attempts=1 captured=1 baseline=0 absent=0 failed=0 rejected=0 cancelled=0 in_flight=0 queue=p50=0.065ms p95=0.065ms p99=0.065ms run=p50=0.254ms p95=0.254ms p99=0.254ms
  Discovery:HardwareDiscovery:Inventory(Peripheral): attempts=1 captured=1 baseline=0 absent=0 failed=0 rejected=0 cancelled=0 in_flight=0 queue=p50=6.406ms p95=6.406ms p99=6.406ms run=p50=0.279ms p95=0.279ms p99=0.279ms
  Discovery:HardwareDiscovery:Inventory(Smart): attempts=1 captured=1 baseline=0 absent=0 failed=0 rejected=0 cancelled=0 in_flight=0 queue=p50=0.032ms p95=0.032ms p99=0.032ms run=p50=2.038ms p95=2.038ms p99=2.038ms
  Discovery:HardwareDiscovery:Inventory(SystemBattery): attempts=2 captured=2 baseline=0 absent=0 failed=0 rejected=0 cancelled=0 in_flight=0 queue=p50=0.025ms p95=0.035ms p99=0.035ms run=p50=0.116ms p95=0.325ms p99=0.325ms
  Discovery:HardwareDiscovery:Inventory(Thermal): attempts=1 captured=1 baseline=0 absent=0 failed=0 rejected=0 cancelled=0 in_flight=0 queue=p50=0.023ms p95=0.023ms p99=0.023ms run=p50=0.243ms p95=0.243ms p99=0.243ms
  Discovery:MountInventory:Singleton: attempts=3 captured=3 baseline=0 absent=0 failed=0 rejected=0 cancelled=0 in_flight=0 queue=p50=0.253ms p95=3.941ms p99=3.941ms run=p50=0.193ms p95=0.206ms p99=0.206ms
  Disk:DiskTemperature:NamedPath { name: "nvme0n1", path: "/sys/class/hwmon/hwmon6/temp1_input" }: attempts=1 captured=1 baseline=0 absent=0 failed=0 rejected=0 cancelled=0 in_flight=0 queue=p50=0.029ms p95=0.029ms p99=0.029ms run=p50=5.084ms p95=5.084ms p99=5.084ms
  Disk:DiskTemperature:NamedPath { name: "nvme1n1", path: "/sys/class/hwmon/hwmon5/temp1_input" }: attempts=1 captured=1 baseline=0 absent=0 failed=0 rejected=0 cancelled=0 in_flight=0 queue=p50=0.039ms p95=0.039ms p99=0.039ms run=p50=1.143ms p95=1.143ms p99=1.143ms
  Disk:DiskUsage:Mount("/"): attempts=3 captured=3 baseline=0 absent=0 failed=0 rejected=0 cancelled=0 in_flight=0 queue=p50=0.591ms p95=1.815ms p99=1.815ms run=p50=0.021ms p95=0.021ms p99=0.021ms
  Disk:DiskUsage:Mount("/run/media/bogdan/Q_16"): attempts=3 captured=3 baseline=0 absent=0 failed=0 rejected=0 cancelled=0 in_flight=0 queue=p50=0.051ms p95=0.178ms p99=0.178ms run=p50=0.027ms p95=0.028ms p99=0.028ms
  Disk:DiskUsage:Mount("/run/media/bogdan/R_14"): attempts=3 captured=3 baseline=0 absent=0 failed=0 rejected=0 cancelled=0 in_flight=0 queue=p50=0.088ms p95=11.980ms p99=11.980ms run=p50=0.020ms p95=0.076ms p99=0.076ms
  Disk:DiskUsage:Mount("/run/media/bogdan/T_01"): attempts=3 captured=3 baseline=0 absent=0 failed=0 rejected=0 cancelled=0 in_flight=0 queue=p50=0.028ms p95=0.076ms p99=0.076ms run=p50=0.015ms p95=0.019ms p99=0.019ms
  Disk:Smart:SmartDrive { label: "nvme0n1", object_path: "/org/freedesktop/UDisks2/drives/KINGSTON_SKC2500M82000G_50026B7684E30425" }: attempts=1 captured=1 baseline=0 absent=0 failed=0 rejected=0 cancelled=0 in_flight=0 queue=p50=0.149ms p95=0.149ms p99=0.149ms run=p50=17.876ms p95=17.876ms p99=17.876ms
  Disk:Smart:SmartDrive { label: "nvme1n1", object_path: "/org/freedesktop/UDisks2/drives/Samsung_SSD_990_PRO_4TB_S7DPNF0Y500836E" }: attempts=1 captured=1 baseline=0 absent=0 failed=0 rejected=0 cancelled=0 in_flight=0 queue=p50=1.579ms p95=1.579ms p99=1.579ms run=p50=6.540ms p95=6.540ms p99=6.540ms
  External:Brightness:Singleton: attempts=6 captured=0 baseline=0 absent=0 failed=6 rejected=0 cancelled=0 in_flight=0 queue=p50=0.079ms p95=0.279ms p99=0.279ms run=p50=0.041ms p95=0.069ms p99=0.069ms
  Memory:Memory:Singleton: attempts=3 captured=3 baseline=0 absent=0 failed=0 rejected=0 cancelled=0 in_flight=0 queue=p50=0.284ms p95=0.291ms p99=0.291ms run=p50=0.035ms p95=0.037ms p99=0.037ms
  Memory:MemoryHistory:Singleton: attempts=2 captured=2 baseline=0 absent=0 failed=0 rejected=0 cancelled=0 in_flight=0 queue=p50=0.079ms p95=0.094ms p99=0.094ms run=p50=0.008ms p95=0.010ms p99=0.010ms
  Network:NetworkHistory:Singleton: attempts=2 captured=2 baseline=0 absent=0 failed=0 rejected=0 cancelled=0 in_flight=0 queue=p50=0.045ms p95=0.046ms p99=0.046ms run=p50=0.018ms p95=0.021ms p99=0.021ms
  Network:NetworkIdentity:Singleton: attempts=1 captured=1 baseline=0 absent=0 failed=0 rejected=0 cancelled=0 in_flight=0 queue=p50=0.256ms p95=0.256ms p99=0.256ms run=p50=1.453ms p95=1.453ms p99=1.453ms
  Network:NetworkRate:Device("tun0"): attempts=4 captured=3 baseline=1 absent=0 failed=0 rejected=0 cancelled=0 in_flight=0 queue=p50=0.047ms p95=0.314ms p99=0.314ms run=p50=0.030ms p95=0.058ms p99=0.058ms
timing:
  wake_lateness: p50=1.126ms p95=1.942ms p99=1.942ms
  maximum_sample_age: 2998.256ms
  first_paint_latency: p50=104.021ms p95=104.021ms p99=104.021ms
  publication_lateness: p50=1.864ms p95=2.048ms p99=2.048ms
  skipped_display_deadlines: 0
  first_paint_over_250ms: 0
  publication_over_50ms: 0
  render_display_deadline: p50=0.273ms p95=0.323ms p99=0.323ms
  render_first_paint_ready: p50=0.200ms p95=0.200ms p99=0.200ms
  render_tooltip_activated: p50=0.056ms p95=0.056ms p99=0.056ms
  render_tooltip_refresh: p50=0.105ms p95=0.105ms p99=0.105ms
  write_time: not_applicable (runtime writes disabled)

