profile:
  duration_seconds: 4.200
  scenario: processes
  process_calls: 2
  dbus_calls: 10
jobs:
  Cpu:Cpu:CpuSources { temperature: Some("/sys/class/hwmon/hwmon10/temp1_input"), frequency: Some("/sys/devices/system/cpu/cpu0/cpufreq/scaling_cur_freq"), turbo: Some("/sys/devices/system/cpu/cpufreq/boost") }: attempts=4 captured=3 baseline=1 absent=0 failed=0 rejected=0 cancelled=0 in_flight=0 queue=p50=0.121ms p95=0.148ms p99=0.148ms run=p50=0.188ms p95=0.227ms p99=0.227ms
  Cpu:CpuHistory:Singleton: attempts=2 captured=2 baseline=0 absent=0 failed=0 rejected=0 cancelled=0 in_flight=0 queue=p50=0.074ms p95=0.091ms p99=0.091ms run=p50=0.023ms p95=0.027ms p99=0.027ms
  Discovery:HardwareDiscovery:Inventory(Backlight): attempts=1 captured=1 baseline=0 absent=0 failed=0 rejected=0 cancelled=0 in_flight=0 queue=p50=0.086ms p95=0.086ms p99=0.086ms run=p50=0.010ms p95=0.010ms p99=0.010ms
  Discovery:HardwareDiscovery:Inventory(Cpu): attempts=2 captured=1 baseline=0 absent=0 failed=0 rejected=0 cancelled=1 in_flight=0 queue=p50=0.039ms p95=0.039ms p99=0.039ms run=p50=0.365ms p95=0.365ms p99=0.365ms
  Discovery:HardwareDiscovery:Inventory(DiskIo): attempts=6 captured=0 baseline=0 absent=0 failed=6 rejected=0 cancelled=0 in_flight=0 queue=p50=0.095ms p95=0.664ms p99=0.664ms run=p50=0.204ms p95=0.275ms p99=0.275ms
  Discovery:HardwareDiscovery:Inventory(Intel): attempts=1 captured=1 baseline=0 absent=0 failed=0 rejected=0 cancelled=0 in_flight=0 queue=p50=0.047ms p95=0.047ms p99=0.047ms run=p50=0.040ms p95=0.040ms p99=0.040ms
  Discovery:HardwareDiscovery:Inventory(Network): attempts=1 captured=1 baseline=0 absent=0 failed=0 rejected=0 cancelled=0 in_flight=0 queue=p50=22.582ms p95=22.582ms p99=22.582ms run=p50=1.396ms p95=1.396ms p99=1.396ms
  Discovery:HardwareDiscovery:Inventory(Nvidia): attempts=1 captured=1 baseline=0 absent=0 failed=0 rejected=0 cancelled=0 in_flight=0 queue=p50=0.062ms p95=0.062ms p99=0.062ms run=p50=0.253ms p95=0.253ms p99=0.253ms
  Discovery:HardwareDiscovery:Inventory(Peripheral): attempts=1 captured=1 baseline=0 absent=0 failed=0 rejected=0 cancelled=0 in_flight=0 queue=p50=6.745ms p95=6.745ms p99=6.745ms run=p50=0.381ms p95=0.381ms p99=0.381ms
  Discovery:HardwareDiscovery:Inventory(Smart): attempts=1 captured=1 baseline=0 absent=0 failed=0 rejected=0 cancelled=0 in_flight=0 queue=p50=0.027ms p95=0.027ms p99=0.027ms run=p50=2.614ms p95=2.614ms p99=2.614ms
  Discovery:HardwareDiscovery:Inventory(SystemBattery): attempts=1 captured=1 baseline=0 absent=0 failed=0 rejected=0 cancelled=0 in_flight=0 queue=p50=0.055ms p95=0.055ms p99=0.055ms run=p50=0.525ms p95=0.525ms p99=0.525ms
  Discovery:HardwareDiscovery:Inventory(Thermal): attempts=1 captured=1 baseline=0 absent=0 failed=0 rejected=0 cancelled=0 in_flight=0 queue=p50=0.029ms p95=0.029ms p99=0.029ms run=p50=0.290ms p95=0.290ms p99=0.290ms
  Discovery:MountInventory:Singleton: attempts=3 captured=3 baseline=0 absent=0 failed=0 rejected=0 cancelled=0 in_flight=0 queue=p50=0.100ms p95=0.115ms p99=0.115ms run=p50=0.165ms p95=0.196ms p99=0.196ms
  Disk:DiskTemperature:NamedPath { name: "nvme0n1", path: "/sys/class/hwmon/hwmon6/temp1_input" }: attempts=1 captured=1 baseline=0 absent=0 failed=0 rejected=0 cancelled=0 in_flight=0 queue=p50=0.048ms p95=0.048ms p99=0.048ms run=p50=5.144ms p95=5.144ms p99=5.144ms
  Disk:DiskTemperature:NamedPath { name: "nvme1n1", path: "/sys/class/hwmon/hwmon5/temp1_input" }: attempts=1 captured=1 baseline=0 absent=0 failed=0 rejected=0 cancelled=0 in_flight=0 queue=p50=0.076ms p95=0.076ms p99=0.076ms run=p50=1.171ms p95=1.171ms p99=1.171ms
  Disk:DiskUsage:Mount("/"): attempts=3 captured=3 baseline=0 absent=0 failed=0 rejected=0 cancelled=0 in_flight=0 queue=p50=7.551ms p95=9.107ms p99=9.107ms run=p50=0.034ms p95=0.037ms p99=0.037ms
  Disk:DiskUsage:Mount("/run/media/bogdan/Q_16"): attempts=3 captured=3 baseline=0 absent=0 failed=0 rejected=0 cancelled=0 in_flight=0 queue=p50=0.150ms p95=0.170ms p99=0.170ms run=p50=0.025ms p95=0.026ms p99=0.026ms
  Disk:DiskUsage:Mount("/run/media/bogdan/R_14"): attempts=3 captured=3 baseline=0 absent=0 failed=0 rejected=0 cancelled=0 in_flight=0 queue=p50=0.088ms p95=10.820ms p99=10.820ms run=p50=0.016ms p95=0.071ms p99=0.071ms
  Disk:DiskUsage:Mount("/run/media/bogdan/T_01"): attempts=3 captured=3 baseline=0 absent=0 failed=0 rejected=0 cancelled=0 in_flight=0 queue=p50=0.032ms p95=0.079ms p99=0.079ms run=p50=0.014ms p95=0.022ms p99=0.022ms
  Disk:Smart:SmartDrive { label: "nvme0n1", object_path: "/org/freedesktop/UDisks2/drives/KINGSTON_SKC2500M82000G_50026B7684E30425" }: attempts=1 captured=1 baseline=0 absent=0 failed=0 rejected=0 cancelled=0 in_flight=0 queue=p50=0.148ms p95=0.148ms p99=0.148ms run=p50=22.266ms p95=22.266ms p99=22.266ms
  Disk:Smart:SmartDrive { label: "nvme1n1", object_path: "/org/freedesktop/UDisks2/drives/Samsung_SSD_990_PRO_4TB_S7DPNF0Y500836E" }: attempts=1 captured=1 baseline=0 absent=0 failed=0 rejected=0 cancelled=0 in_flight=0 queue=p50=1.603ms p95=1.603ms p99=1.603ms run=p50=6.682ms p95=6.682ms p99=6.682ms
  External:Brightness:Singleton: attempts=6 captured=0 baseline=0 absent=0 failed=6 rejected=0 cancelled=0 in_flight=0 queue=p50=0.067ms p95=0.263ms p99=0.263ms run=p50=0.034ms p95=0.070ms p99=0.070ms
  Memory:Memory:Singleton: attempts=3 captured=3 baseline=0 absent=0 failed=0 rejected=0 cancelled=0 in_flight=0 queue=p50=0.283ms p95=0.335ms p99=0.335ms run=p50=0.030ms p95=0.038ms p99=0.038ms
  Memory:MemoryHistory:Singleton: attempts=2 captured=2 baseline=0 absent=0 failed=0 rejected=0 cancelled=0 in_flight=0 queue=p50=0.081ms p95=0.093ms p99=0.093ms run=p50=0.008ms p95=0.011ms p99=0.011ms
  Network:NetworkHistory:Singleton: attempts=2 captured=2 baseline=0 absent=0 failed=0 rejected=0 cancelled=0 in_flight=0 queue=p50=0.054ms p95=0.061ms p99=0.061ms run=p50=0.023ms p95=0.028ms p99=0.028ms
  Network:NetworkIdentity:Singleton: attempts=1 captured=1 baseline=0 absent=0 failed=0 rejected=0 cancelled=0 in_flight=0 queue=p50=7.246ms p95=7.246ms p99=7.246ms run=p50=1.814ms p95=1.814ms p99=1.814ms
  Network:NetworkRate:Device("tun0"): attempts=4 captured=3 baseline=1 absent=0 failed=0 rejected=0 cancelled=0 in_flight=0 queue=p50=0.151ms p95=0.364ms p99=0.364ms run=p50=0.038ms p95=0.055ms p99=0.055ms
  Process:PageProcesses:Singleton: attempts=4 captured=3 baseline=1 absent=0 failed=0 rejected=0 cancelled=0 in_flight=0 queue=p50=0.463ms p95=0.697ms p99=0.697ms run=p50=6.687ms p95=6.844ms p99=6.844ms
timing:
  wake_lateness: p50=1.129ms p95=1.886ms p99=1.886ms
  maximum_sample_age: 2990.786ms
  first_paint_latency: p50=103.544ms p95=103.544ms p99=103.544ms
  publication_lateness: p50=1.639ms p95=1.966ms p99=1.966ms
  skipped_display_deadlines: 0
  first_paint_over_250ms: 0
  publication_over_50ms: 0
  render_display_deadline: p50=0.218ms p95=0.259ms p99=0.259ms
  render_first_paint_ready: p50=0.140ms p95=0.140ms p99=0.140ms
  render_page_changed: p50=0.004ms p95=0.004ms p99=0.004ms
  render_tooltip_activated: p50=0.006ms p95=0.006ms p99=0.006ms
  render_tooltip_refresh: p50=0.005ms p95=0.005ms p99=0.005ms
  write_time: not_applicable (runtime writes disabled)

