profile:
  duration_seconds: 4.200
  scenario: processes
  process_calls: 2
  dbus_calls: 10
jobs:
  Cpu:Cpu:CpuSources { temperature: Some("/sys/class/hwmon/hwmon10/temp1_input"), frequency: Some("/sys/devices/system/cpu/cpu0/cpufreq/scaling_cur_freq"), turbo: Some("/sys/devices/system/cpu/cpufreq/boost") }: attempts=4 captured=3 baseline=1 absent=0 failed=0 rejected=0 cancelled=0 in_flight=0 queue=p50=0.129ms p95=0.297ms p99=0.297ms run=p50=0.201ms p95=0.235ms p99=0.235ms
  Cpu:CpuHistory:Singleton: attempts=2 captured=2 baseline=0 absent=0 failed=0 rejected=0 cancelled=0 in_flight=0 queue=p50=0.076ms p95=0.079ms p99=0.079ms run=p50=0.024ms p95=0.025ms p99=0.025ms
  Discovery:HardwareDiscovery:Inventory(Backlight): attempts=1 captured=1 baseline=0 absent=0 failed=0 rejected=0 cancelled=0 in_flight=0 queue=p50=0.080ms p95=0.080ms p99=0.080ms run=p50=0.010ms p95=0.010ms p99=0.010ms
  Discovery:HardwareDiscovery:Inventory(Cpu): attempts=2 captured=1 baseline=0 absent=0 failed=0 rejected=0 cancelled=1 in_flight=0 queue=p50=0.029ms p95=0.029ms p99=0.029ms run=p50=0.341ms p95=0.341ms p99=0.341ms
  Discovery:HardwareDiscovery:Inventory(DiskIo): attempts=6 captured=0 baseline=0 absent=0 failed=6 rejected=0 cancelled=0 in_flight=0 queue=p50=0.092ms p95=0.130ms p99=0.130ms run=p50=0.211ms p95=0.259ms p99=0.259ms
  Discovery:HardwareDiscovery:Inventory(Intel): attempts=1 captured=1 baseline=0 absent=0 failed=0 rejected=0 cancelled=0 in_flight=0 queue=p50=0.047ms p95=0.047ms p99=0.047ms run=p50=0.032ms p95=0.032ms p99=0.032ms
  Discovery:HardwareDiscovery:Inventory(Network): attempts=1 captured=1 baseline=0 absent=0 failed=0 rejected=0 cancelled=0 in_flight=0 queue=p50=23.520ms p95=23.520ms p99=23.520ms run=p50=1.664ms p95=1.664ms p99=1.664ms
  Discovery:HardwareDiscovery:Inventory(Nvidia): attempts=1 captured=1 baseline=0 absent=0 failed=0 rejected=0 cancelled=0 in_flight=0 queue=p50=0.120ms p95=0.120ms p99=0.120ms run=p50=0.282ms p95=0.282ms p99=0.282ms
  Discovery:HardwareDiscovery:Inventory(Peripheral): attempts=1 captured=1 baseline=0 absent=0 failed=0 rejected=0 cancelled=0 in_flight=0 queue=p50=6.948ms p95=6.948ms p99=6.948ms run=p50=0.437ms p95=0.437ms p99=0.437ms
  Discovery:HardwareDiscovery:Inventory(Smart): attempts=1 captured=1 baseline=0 absent=0 failed=0 rejected=0 cancelled=0 in_flight=0 queue=p50=0.023ms p95=0.023ms p99=0.023ms run=p50=2.125ms p95=2.125ms p99=2.125ms
  Discovery:HardwareDiscovery:Inventory(SystemBattery): attempts=1 captured=1 baseline=0 absent=0 failed=0 rejected=0 cancelled=0 in_flight=0 queue=p50=0.031ms p95=0.031ms p99=0.031ms run=p50=0.391ms p95=0.391ms p99=0.391ms
  Discovery:HardwareDiscovery:Inventory(Thermal): attempts=1 captured=1 baseline=0 absent=0 failed=0 rejected=0 cancelled=0 in_flight=0 queue=p50=0.026ms p95=0.026ms p99=0.026ms run=p50=0.248ms p95=0.248ms p99=0.248ms
  Discovery:MountInventory:Singleton: attempts=3 captured=3 baseline=0 absent=0 failed=0 rejected=0 cancelled=0 in_flight=0 queue=p50=0.283ms p95=5.831ms p99=5.831ms run=p50=0.180ms p95=0.196ms p99=0.196ms
  Disk:DiskTemperature:NamedPath { name: "nvme0n1", path: "/sys/class/hwmon/hwmon6/temp1_input" }: attempts=1 captured=1 baseline=0 absent=0 failed=0 rejected=0 cancelled=0 in_flight=0 queue=p50=0.036ms p95=0.036ms p99=0.036ms run=p50=5.063ms p95=5.063ms p99=5.063ms
  Disk:DiskTemperature:NamedPath { name: "nvme1n1", path: "/sys/class/hwmon/hwmon5/temp1_input" }: attempts=1 captured=1 baseline=0 absent=0 failed=0 rejected=0 cancelled=0 in_flight=0 queue=p50=0.025ms p95=0.025ms p99=0.025ms run=p50=1.252ms p95=1.252ms p99=1.252ms
  Disk:DiskUsage:Mount("/"): attempts=3 captured=3 baseline=0 absent=0 failed=0 rejected=0 cancelled=0 in_flight=0 queue=p50=7.717ms p95=9.463ms p99=9.463ms run=p50=0.029ms p95=0.045ms p99=0.045ms
  Disk:DiskUsage:Mount("/run/media/bogdan/Q_16"): attempts=3 captured=3 baseline=0 absent=0 failed=0 rejected=0 cancelled=0 in_flight=0 queue=p50=0.137ms p95=0.176ms p99=0.176ms run=p50=0.025ms p95=0.030ms p99=0.030ms
  Disk:DiskUsage:Mount("/run/media/bogdan/R_14"): attempts=3 captured=3 baseline=0 absent=0 failed=0 rejected=0 cancelled=0 in_flight=0 queue=p50=0.336ms p95=16.199ms p99=16.199ms run=p50=0.014ms p95=0.092ms p99=0.092ms
  Disk:DiskUsage:Mount("/run/media/bogdan/T_01"): attempts=3 captured=3 baseline=0 absent=0 failed=0 rejected=0 cancelled=0 in_flight=0 queue=p50=0.052ms p95=0.090ms p99=0.090ms run=p50=0.012ms p95=0.024ms p99=0.024ms
  Disk:Smart:SmartDrive { label: "nvme0n1", object_path: "/org/freedesktop/UDisks2/drives/KINGSTON_SKC2500M82000G_50026B7684E30425" }: attempts=1 captured=1 baseline=0 absent=0 failed=0 rejected=0 cancelled=0 in_flight=0 queue=p50=0.082ms p95=0.082ms p99=0.082ms run=p50=23.525ms p95=23.525ms p99=23.525ms
  Disk:Smart:SmartDrive { label: "nvme1n1", object_path: "/org/freedesktop/UDisks2/drives/Samsung_SSD_990_PRO_4TB_S7DPNF0Y500836E" }: attempts=1 captured=1 baseline=0 absent=0 failed=0 rejected=0 cancelled=0 in_flight=0 queue=p50=1.519ms p95=1.519ms p99=1.519ms run=p50=7.006ms p95=7.006ms p99=7.006ms
  External:Brightness:Singleton: attempts=6 captured=0 baseline=0 absent=0 failed=6 rejected=0 cancelled=0 in_flight=0 queue=p50=0.070ms p95=3.122ms p99=3.122ms run=p50=0.049ms p95=0.066ms p99=0.066ms
  Memory:Memory:Singleton: attempts=3 captured=3 baseline=0 absent=0 failed=0 rejected=0 cancelled=0 in_flight=0 queue=p50=3.123ms p95=3.206ms p99=3.206ms run=p50=0.043ms p95=0.045ms p99=0.045ms
  Memory:MemoryHistory:Singleton: attempts=2 captured=2 baseline=0 absent=0 failed=0 rejected=0 cancelled=0 in_flight=0 queue=p50=0.079ms p95=0.085ms p99=0.085ms run=p50=0.007ms p95=0.008ms p99=0.008ms
  Network:NetworkHistory:Singleton: attempts=2 captured=2 baseline=0 absent=0 failed=0 rejected=0 cancelled=0 in_flight=0 queue=p50=0.044ms p95=0.073ms p99=0.073ms run=p50=0.016ms p95=0.032ms p99=0.032ms
  Network:NetworkIdentity:Singleton: attempts=1 captured=1 baseline=0 absent=0 failed=0 rejected=0 cancelled=0 in_flight=0 queue=p50=7.734ms p95=7.734ms p99=7.734ms run=p50=1.684ms p95=1.684ms p99=1.684ms
  Network:NetworkRate:Device("tun0"): attempts=4 captured=3 baseline=1 absent=0 failed=0 rejected=0 cancelled=0 in_flight=0 queue=p50=0.054ms p95=3.238ms p99=3.238ms run=p50=0.037ms p95=0.063ms p99=0.063ms
  Process:PageProcesses:Singleton: attempts=4 captured=3 baseline=1 absent=0 failed=0 rejected=0 cancelled=0 in_flight=0 queue=p50=0.215ms p95=0.787ms p99=0.787ms run=p50=7.263ms p95=7.451ms p99=7.451ms
timing:
  wake_lateness: p50=1.450ms p95=1.895ms p99=1.895ms
  maximum_sample_age: 2990.379ms
  first_paint_latency: p50=106.715ms p95=106.715ms p99=106.715ms
  publication_lateness: p50=1.773ms p95=2.058ms p99=2.058ms
  skipped_display_deadlines: 0
  first_paint_over_250ms: 0
  publication_over_50ms: 0
  render_display_deadline: p50=0.216ms p95=0.217ms p99=0.217ms
  render_first_paint_ready: p50=0.137ms p95=0.137ms p99=0.137ms
  render_page_changed: p50=0.004ms p95=0.004ms p99=0.004ms
  render_tooltip_activated: p50=0.007ms p95=0.007ms p99=0.007ms
  render_tooltip_refresh: p50=0.005ms p95=0.005ms p99=0.005ms
  write_time: not_applicable (runtime writes disabled)

