profile:
  duration_seconds: 4.200
  scenario: hidden
  process_calls: 1
  dbus_calls: 14
jobs:
  Cpu:Cpu:CpuSources { temperature: Some("/sys/class/hwmon/hwmon10/temp1_input"), frequency: Some("/sys/devices/system/cpu/cpu0/cpufreq/scaling_cur_freq"), turbo: Some("/sys/devices/system/cpu/cpufreq/boost") }: attempts=4 captured=3 baseline=1 absent=0 failed=0 rejected=0 cancelled=0 in_flight=0 queue=p50=0.108ms p95=0.126ms p99=0.126ms run=p50=0.205ms p95=0.318ms p99=0.318ms
  Cpu:CpuHistory:Singleton: attempts=2 captured=2 baseline=0 absent=0 failed=0 rejected=0 cancelled=0 in_flight=0 queue=p50=0.071ms p95=0.089ms p99=0.089ms run=p50=0.024ms p95=0.025ms p99=0.025ms
  Discovery:HardwareDiscovery:Inventory(Cpu): attempts=1 captured=1 baseline=0 absent=0 failed=0 rejected=0 cancelled=0 in_flight=0 queue=p50=0.567ms p95=0.567ms p99=0.567ms run=p50=0.300ms p95=0.300ms p99=0.300ms
  Discovery:HardwareDiscovery:Inventory(Intel): attempts=1 captured=1 baseline=0 absent=0 failed=0 rejected=0 cancelled=0 in_flight=0 queue=p50=0.018ms p95=0.018ms p99=0.018ms run=p50=0.025ms p95=0.025ms p99=0.025ms
  Discovery:HardwareDiscovery:Inventory(Network): attempts=1 captured=1 baseline=0 absent=0 failed=0 rejected=0 cancelled=0 in_flight=0 queue=p50=0.022ms p95=0.022ms p99=0.022ms run=p50=1.893ms p95=1.893ms p99=1.893ms
  Discovery:HardwareDiscovery:Inventory(Nvidia): attempts=1 captured=1 baseline=0 absent=0 failed=0 rejected=0 cancelled=0 in_flight=0 queue=p50=0.018ms p95=0.018ms p99=0.018ms run=p50=0.204ms p95=0.204ms p99=0.204ms
  Discovery:HardwareDiscovery:Inventory(Peripheral): attempts=2 captured=2 baseline=0 absent=0 failed=0 rejected=0 cancelled=0 in_flight=0 queue=p50=0.069ms p95=13.120ms p99=13.120ms run=p50=0.378ms p95=0.430ms p99=0.430ms
  Discovery:HardwareDiscovery:Inventory(Smart): attempts=2 captured=1 baseline=0 absent=0 failed=1 rejected=0 cancelled=0 in_flight=0 queue=p50=0.024ms p95=0.040ms p99=0.040ms run=p50=0.011ms p95=2.835ms p99=2.835ms
  Discovery:HardwareDiscovery:Inventory(SystemBattery): attempts=3 captured=2 baseline=0 absent=0 failed=1 rejected=0 cancelled=0 in_flight=0 queue=p50=0.395ms p95=5.114ms p99=5.114ms run=p50=0.635ms p95=0.733ms p99=0.733ms
  Discovery:HardwareDiscovery:Inventory(Thermal): attempts=1 captured=1 baseline=0 absent=0 failed=0 rejected=0 cancelled=0 in_flight=0 queue=p50=0.032ms p95=0.032ms p99=0.032ms run=p50=0.338ms p95=0.338ms p99=0.338ms
  Discovery:MountInventory:Singleton: attempts=3 captured=3 baseline=0 absent=0 failed=0 rejected=0 cancelled=0 in_flight=0 queue=p50=0.099ms p95=0.108ms p99=0.108ms run=p50=0.161ms p95=0.177ms p99=0.177ms
  Disk:DiskTemperature:NamedPath { name: "nvme0n1", path: "/sys/class/hwmon/hwmon6/temp1_input" }: attempts=1 captured=1 baseline=0 absent=0 failed=0 rejected=0 cancelled=0 in_flight=0 queue=p50=0.068ms p95=0.068ms p99=0.068ms run=p50=5.065ms p95=5.065ms p99=5.065ms
  Disk:DiskTemperature:NamedPath { name: "nvme1n1", path: "/sys/class/hwmon/hwmon5/temp1_input" }: attempts=1 captured=1 baseline=0 absent=0 failed=0 rejected=0 cancelled=0 in_flight=0 queue=p50=0.023ms p95=0.023ms p99=0.023ms run=p50=0.478ms p95=0.478ms p99=0.478ms
  Disk:DiskUsage:Mount("/"): attempts=3 captured=3 baseline=0 absent=0 failed=0 rejected=0 cancelled=0 in_flight=0 queue=p50=0.363ms p95=0.464ms p99=0.464ms run=p50=0.021ms p95=0.046ms p99=0.046ms
  Disk:DiskUsage:Mount("/run/media/bogdan/Q_16"): attempts=3 captured=3 baseline=0 absent=0 failed=0 rejected=0 cancelled=0 in_flight=0 queue=p50=0.456ms p95=0.568ms p99=0.568ms run=p50=0.021ms p95=0.023ms p99=0.023ms
  Disk:DiskUsage:Mount("/run/media/bogdan/R_14"): attempts=3 captured=3 baseline=0 absent=0 failed=0 rejected=0 cancelled=0 in_flight=0 queue=p50=0.024ms p95=12.865ms p99=12.865ms run=p50=0.011ms p95=0.075ms p99=0.075ms
  Disk:DiskUsage:Mount("/run/media/bogdan/T_01"): attempts=3 captured=3 baseline=0 absent=0 failed=0 rejected=0 cancelled=0 in_flight=0 queue=p50=0.528ms p95=13.986ms p99=13.986ms run=p50=0.034ms p95=0.085ms p99=0.085ms
  Disk:Smart:SmartDrive { label: "nvme0n1", object_path: "/org/freedesktop/UDisks2/drives/KINGSTON_SKC2500M82000G_50026B7684E30425" }: attempts=1 captured=1 baseline=0 absent=0 failed=0 rejected=0 cancelled=0 in_flight=0 queue=p50=0.047ms p95=0.047ms p99=0.047ms run=p50=22.332ms p95=22.332ms p99=22.332ms
  Disk:Smart:SmartDrive { label: "nvme1n1", object_path: "/org/freedesktop/UDisks2/drives/Samsung_SSD_990_PRO_4TB_S7DPNF0Y500836E" }: attempts=1 captured=1 baseline=0 absent=0 failed=0 rejected=0 cancelled=0 in_flight=0 queue=p50=0.077ms p95=0.077ms p99=0.077ms run=p50=8.507ms p95=8.507ms p99=8.507ms
  Memory:Memory:Singleton: attempts=3 captured=3 baseline=0 absent=0 failed=0 rejected=0 cancelled=0 in_flight=0 queue=p50=0.301ms p95=0.407ms p99=0.407ms run=p50=0.031ms p95=0.037ms p99=0.037ms
  Memory:MemoryHistory:Singleton: attempts=2 captured=2 baseline=0 absent=0 failed=0 rejected=0 cancelled=0 in_flight=0 queue=p50=0.079ms p95=0.093ms p99=0.093ms run=p50=0.009ms p95=0.009ms p99=0.009ms
  Network:NetworkHistory:Singleton: attempts=2 captured=2 baseline=0 absent=0 failed=0 rejected=0 cancelled=0 in_flight=0 queue=p50=0.063ms p95=0.064ms p99=0.064ms run=p50=0.031ms p95=0.031ms p99=0.031ms
  Network:NetworkRate:Device("tun0"): attempts=6 captured=3 baseline=1 absent=0 failed=0 rejected=0 cancelled=2 in_flight=0 queue=p50=0.262ms p95=0.319ms p99=0.319ms run=p50=0.029ms p95=0.038ms p99=0.038ms
timing:
  wake_lateness: p50=1.065ms p95=1.992ms p99=1.992ms
  maximum_sample_age: 2998.608ms
  first_paint_latency: p50=8.594ms p95=8.594ms p99=8.594ms
  publication_lateness: p50=1.344ms p95=1.549ms p99=1.549ms
  skipped_display_deadlines: 0
  first_paint_over_250ms: 0
  publication_over_50ms: 0
  render_display_deadline: p50=0.195ms p95=0.201ms p99=0.201ms
  render_first_paint_ready: p50=0.099ms p95=0.099ms p99=0.099ms
  write_time: not_applicable (runtime writes disabled)

