profile:
  duration_seconds: 4.200
  scenario: hidden
  process_calls: 1
  dbus_calls: 15
jobs:
  Cpu:Cpu:CpuSources { temperature: Some("/sys/class/hwmon/hwmon10/temp1_input"), frequency: Some("/sys/devices/system/cpu/cpu0/cpufreq/scaling_cur_freq"), turbo: Some("/sys/devices/system/cpu/cpufreq/boost") }: attempts=4 captured=3 baseline=1 absent=0 failed=0 rejected=0 cancelled=0 in_flight=0 queue=p50=0.095ms p95=0.109ms p99=0.109ms run=p50=0.188ms p95=0.219ms p99=0.219ms
  Cpu:CpuHistory:Singleton: attempts=2 captured=2 baseline=0 absent=0 failed=0 rejected=0 cancelled=0 in_flight=0 queue=p50=0.074ms p95=0.077ms p99=0.077ms run=p50=0.024ms p95=0.026ms p99=0.026ms
  Discovery:HardwareDiscovery:Inventory(Cpu): attempts=1 captured=1 baseline=0 absent=0 failed=0 rejected=0 cancelled=0 in_flight=0 queue=p50=0.604ms p95=0.604ms p99=0.604ms run=p50=0.386ms p95=0.386ms p99=0.386ms
  Discovery:HardwareDiscovery:Inventory(Intel): attempts=1 captured=1 baseline=0 absent=0 failed=0 rejected=0 cancelled=0 in_flight=0 queue=p50=0.045ms p95=0.045ms p99=0.045ms run=p50=0.031ms p95=0.031ms p99=0.031ms
  Discovery:HardwareDiscovery:Inventory(Network): attempts=1 captured=1 baseline=0 absent=0 failed=0 rejected=0 cancelled=0 in_flight=0 queue=p50=23.031ms p95=23.031ms p99=23.031ms run=p50=1.721ms p95=1.721ms p99=1.721ms
  Discovery:HardwareDiscovery:Inventory(Nvidia): attempts=1 captured=1 baseline=0 absent=0 failed=0 rejected=0 cancelled=0 in_flight=0 queue=p50=0.049ms p95=0.049ms p99=0.049ms run=p50=0.359ms p95=0.359ms p99=0.359ms
  Discovery:HardwareDiscovery:Inventory(Peripheral): attempts=1 captured=1 baseline=0 absent=0 failed=0 rejected=0 cancelled=0 in_flight=0 queue=p50=9.901ms p95=9.901ms p99=9.901ms run=p50=0.412ms p95=0.412ms p99=0.412ms
  Discovery:HardwareDiscovery:Inventory(Smart): attempts=1 captured=1 baseline=0 absent=0 failed=0 rejected=0 cancelled=0 in_flight=0 queue=p50=0.057ms p95=0.057ms p99=0.057ms run=p50=2.021ms p95=2.021ms p99=2.021ms
  Discovery:HardwareDiscovery:Inventory(SystemBattery): attempts=2 captured=1 baseline=0 absent=0 failed=1 rejected=0 cancelled=0 in_flight=0 queue=p50=0.042ms p95=57.504ms p99=57.504ms run=p50=0.062ms p95=0.570ms p99=0.570ms
  Discovery:HardwareDiscovery:Inventory(Thermal): attempts=1 captured=1 baseline=0 absent=0 failed=0 rejected=0 cancelled=0 in_flight=0 queue=p50=0.071ms p95=0.071ms p99=0.071ms run=p50=0.349ms p95=0.349ms p99=0.349ms
  Discovery:MountInventory:Singleton: attempts=3 captured=3 baseline=0 absent=0 failed=0 rejected=0 cancelled=0 in_flight=0 queue=p50=0.111ms p95=8.111ms p99=8.111ms run=p50=0.216ms p95=0.261ms p99=0.261ms
  Disk:DiskTemperature:NamedPath { name: "nvme0n1", path: "/sys/class/hwmon/hwmon6/temp1_input" }: attempts=1 captured=1 baseline=0 absent=0 failed=0 rejected=0 cancelled=0 in_flight=0 queue=p50=0.031ms p95=0.031ms p99=0.031ms run=p50=5.087ms p95=5.087ms p99=5.087ms
  Disk:DiskTemperature:NamedPath { name: "nvme1n1", path: "/sys/class/hwmon/hwmon5/temp1_input" }: attempts=1 captured=1 baseline=0 absent=0 failed=0 rejected=0 cancelled=0 in_flight=0 queue=p50=0.041ms p95=0.041ms p99=0.041ms run=p50=1.215ms p95=1.215ms p99=1.215ms
  Disk:DiskUsage:Mount("/"): attempts=3 captured=3 baseline=0 absent=0 failed=0 rejected=0 cancelled=0 in_flight=0 queue=p50=0.326ms p95=0.370ms p99=0.370ms run=p50=0.057ms p95=0.167ms p99=0.167ms
  Disk:DiskUsage:Mount("/run/media/bogdan/Q_16"): attempts=3 captured=3 baseline=0 absent=0 failed=0 rejected=0 cancelled=0 in_flight=0 queue=p50=0.060ms p95=0.380ms p99=0.380ms run=p50=0.113ms p95=0.126ms p99=0.126ms
  Disk:DiskUsage:Mount("/run/media/bogdan/R_14"): attempts=3 captured=3 baseline=0 absent=0 failed=0 rejected=0 cancelled=0 in_flight=0 queue=p50=0.290ms p95=12.091ms p99=12.091ms run=p50=0.078ms p95=0.094ms p99=0.094ms
  Disk:DiskUsage:Mount("/run/media/bogdan/T_01"): attempts=3 captured=3 baseline=0 absent=0 failed=0 rejected=0 cancelled=0 in_flight=0 queue=p50=0.074ms p95=42.259ms p99=42.259ms run=p50=0.062ms p95=0.094ms p99=0.094ms
  Disk:Smart:SmartDrive { label: "nvme0n1", object_path: "/org/freedesktop/UDisks2/drives/KINGSTON_SKC2500M82000G_50026B7684E30425" }: attempts=1 captured=1 baseline=0 absent=0 failed=0 rejected=0 cancelled=0 in_flight=0 queue=p50=0.071ms p95=0.071ms p99=0.071ms run=p50=23.035ms p95=23.035ms p99=23.035ms
  Disk:Smart:SmartDrive { label: "nvme1n1", object_path: "/org/freedesktop/UDisks2/drives/Samsung_SSD_990_PRO_4TB_S7DPNF0Y500836E" }: attempts=3 captured=1 baseline=0 absent=0 failed=0 rejected=0 cancelled=2 in_flight=0 queue=p50=0.160ms p95=1.625ms p99=1.625ms run=p50=8.364ms p95=10.205ms p99=10.205ms
  Memory:Memory:Singleton: attempts=3 captured=3 baseline=0 absent=0 failed=0 rejected=0 cancelled=0 in_flight=0 queue=p50=0.260ms p95=0.281ms p99=0.281ms run=p50=0.034ms p95=0.036ms p99=0.036ms
  Memory:MemoryHistory:Singleton: attempts=2 captured=2 baseline=0 absent=0 failed=0 rejected=0 cancelled=0 in_flight=0 queue=p50=0.079ms p95=0.084ms p99=0.084ms run=p50=0.007ms p95=0.008ms p99=0.008ms
  Network:NetworkHistory:Singleton: attempts=2 captured=2 baseline=0 absent=0 failed=0 rejected=0 cancelled=0 in_flight=0 queue=p50=0.063ms p95=0.066ms p99=0.066ms run=p50=0.031ms p95=0.032ms p99=0.032ms
  Network:NetworkRate:Device("tun0"): attempts=4 captured=3 baseline=1 absent=0 failed=0 rejected=0 cancelled=0 in_flight=0 queue=p50=0.064ms p95=0.303ms p99=0.303ms run=p50=0.034ms p95=0.089ms p99=0.089ms
timing:
  wake_lateness: p50=1.346ms p95=1.788ms p99=1.788ms
  maximum_sample_age: 2999.290ms
  first_paint_latency: p50=9.454ms p95=9.454ms p99=9.454ms
  publication_lateness: p50=1.896ms p95=2.059ms p99=2.059ms
  skipped_display_deadlines: 0
  first_paint_over_250ms: 0
  publication_over_50ms: 0
  render_display_deadline: p50=0.190ms p95=0.206ms p99=0.206ms
  render_first_paint_ready: p50=0.154ms p95=0.154ms p99=0.154ms
  write_time: not_applicable (runtime writes disabled)

