profile:
  duration_seconds: 4.200
  scenario: graphs
  process_calls: 2
  dbus_calls: 10
jobs:
  Cpu:Cpu:CpuSources { temperature: Some("/sys/class/hwmon/hwmon10/temp1_input"), frequency: Some("/sys/devices/system/cpu/cpu0/cpufreq/scaling_cur_freq"), turbo: Some("/sys/devices/system/cpu/cpufreq/boost") }: attempts=4 captured=3 baseline=1 absent=0 failed=0 rejected=0 cancelled=0 in_flight=0 queue=p50=0.134ms p95=0.160ms p99=0.160ms run=p50=0.209ms p95=0.216ms p99=0.216ms
  Cpu:CpuHistory:Singleton: attempts=2 captured=2 baseline=0 absent=0 failed=0 rejected=0 cancelled=0 in_flight=0 queue=p50=0.074ms p95=0.074ms p99=0.074ms run=p50=0.023ms p95=0.029ms p99=0.029ms
  Discovery:HardwareDiscovery:Inventory(Backlight): attempts=1 captured=1 baseline=0 absent=0 failed=0 rejected=0 cancelled=0 in_flight=0 queue=p50=0.835ms p95=0.835ms p99=0.835ms run=p50=0.030ms p95=0.030ms p99=0.030ms
  Discovery:HardwareDiscovery:Inventory(Cpu): attempts=2 captured=1 baseline=0 absent=0 failed=0 rejected=0 cancelled=1 in_flight=0 queue=p50=0.995ms p95=0.995ms p99=0.995ms run=p50=0.446ms p95=0.446ms p99=0.446ms
  Discovery:HardwareDiscovery:Inventory(DiskIo): attempts=6 captured=0 baseline=0 absent=0 failed=6 rejected=0 cancelled=0 in_flight=0 queue=p50=0.096ms p95=0.496ms p99=0.496ms run=p50=0.194ms p95=0.221ms p99=0.221ms
  Discovery:HardwareDiscovery:Inventory(Intel): attempts=1 captured=1 baseline=0 absent=0 failed=0 rejected=0 cancelled=0 in_flight=0 queue=p50=0.380ms p95=0.380ms p99=0.380ms run=p50=0.105ms p95=0.105ms p99=0.105ms
  Discovery:HardwareDiscovery:Inventory(Network): attempts=1 captured=1 baseline=0 absent=0 failed=0 rejected=0 cancelled=0 in_flight=0 queue=p50=22.675ms p95=22.675ms p99=22.675ms run=p50=1.323ms p95=1.323ms p99=1.323ms
  Discovery:HardwareDiscovery:Inventory(Nvidia): attempts=1 captured=1 baseline=0 absent=0 failed=0 rejected=0 cancelled=0 in_flight=0 queue=p50=0.627ms p95=0.627ms p99=0.627ms run=p50=0.263ms p95=0.263ms p99=0.263ms
  Discovery:HardwareDiscovery:Inventory(Peripheral): attempts=1 captured=1 baseline=0 absent=0 failed=0 rejected=0 cancelled=0 in_flight=0 queue=p50=8.841ms p95=8.841ms p99=8.841ms run=p50=0.418ms p95=0.418ms p99=0.418ms
  Discovery:HardwareDiscovery:Inventory(Smart): attempts=1 captured=1 baseline=0 absent=0 failed=0 rejected=0 cancelled=0 in_flight=0 queue=p50=0.527ms p95=0.527ms p99=0.527ms run=p50=2.093ms p95=2.093ms p99=2.093ms
  Discovery:HardwareDiscovery:Inventory(SystemBattery): attempts=1 captured=1 baseline=0 absent=0 failed=0 rejected=0 cancelled=0 in_flight=0 queue=p50=7.044ms p95=7.044ms p99=7.044ms run=p50=0.412ms p95=0.412ms p99=0.412ms
  Discovery:HardwareDiscovery:Inventory(Thermal): attempts=1 captured=1 baseline=0 absent=0 failed=0 rejected=0 cancelled=0 in_flight=0 queue=p50=0.579ms p95=0.579ms p99=0.579ms run=p50=0.436ms p95=0.436ms p99=0.436ms
  Discovery:MountInventory:Singleton: attempts=3 captured=3 baseline=0 absent=0 failed=0 rejected=0 cancelled=0 in_flight=0 queue=p50=0.454ms p95=22.012ms p99=22.012ms run=p50=0.228ms p95=0.265ms p99=0.265ms
  Disk:DiskTemperature:NamedPath { name: "nvme0n1", path: "/sys/class/hwmon/hwmon6/temp1_input" }: attempts=1 captured=1 baseline=0 absent=0 failed=0 rejected=0 cancelled=0 in_flight=0 queue=p50=0.022ms p95=0.022ms p99=0.022ms run=p50=5.093ms p95=5.093ms p99=5.093ms
  Disk:DiskTemperature:NamedPath { name: "nvme1n1", path: "/sys/class/hwmon/hwmon5/temp1_input" }: attempts=1 captured=1 baseline=0 absent=0 failed=0 rejected=0 cancelled=0 in_flight=0 queue=p50=0.046ms p95=0.046ms p99=0.046ms run=p50=1.589ms p95=1.589ms p99=1.589ms
  Disk:DiskUsage:Mount("/"): attempts=4 captured=3 baseline=0 absent=0 failed=0 rejected=0 cancelled=1 in_flight=0 queue=p50=0.395ms p95=1.987ms p99=1.987ms run=p50=0.033ms p95=0.066ms p99=0.066ms
  Disk:DiskUsage:Mount("/run/media/bogdan/Q_16"): attempts=3 captured=3 baseline=0 absent=0 failed=0 rejected=0 cancelled=0 in_flight=0 queue=p50=0.729ms p95=1.013ms p99=1.013ms run=p50=0.045ms p95=0.058ms p99=0.058ms
  Disk:DiskUsage:Mount("/run/media/bogdan/R_14"): attempts=3 captured=3 baseline=0 absent=0 failed=0 rejected=0 cancelled=0 in_flight=0 queue=p50=1.302ms p95=13.343ms p99=13.343ms run=p50=0.046ms p95=0.078ms p99=0.078ms
  Disk:DiskUsage:Mount("/run/media/bogdan/T_01"): attempts=3 captured=3 baseline=0 absent=0 failed=0 rejected=0 cancelled=0 in_flight=0 queue=p50=0.785ms p95=22.817ms p99=22.817ms run=p50=0.035ms p95=0.073ms p99=0.073ms
  Disk:Smart:SmartDrive { label: "nvme0n1", object_path: "/org/freedesktop/UDisks2/drives/KINGSTON_SKC2500M82000G_50026B7684E30425" }: attempts=1 captured=1 baseline=0 absent=0 failed=0 rejected=0 cancelled=0 in_flight=0 queue=p50=0.481ms p95=0.481ms p99=0.481ms run=p50=21.811ms p95=21.811ms p99=21.811ms
  Disk:Smart:SmartDrive { label: "nvme1n1", object_path: "/org/freedesktop/UDisks2/drives/Samsung_SSD_990_PRO_4TB_S7DPNF0Y500836E" }: attempts=1 captured=1 baseline=0 absent=0 failed=0 rejected=0 cancelled=0 in_flight=0 queue=p50=2.072ms p95=2.072ms p99=2.072ms run=p50=8.443ms p95=8.443ms p99=8.443ms
  External:Brightness:Singleton: attempts=6 captured=0 baseline=0 absent=0 failed=6 rejected=0 cancelled=0 in_flight=0 queue=p50=0.066ms p95=0.270ms p99=0.270ms run=p50=0.040ms p95=0.069ms p99=0.069ms
  Memory:Memory:Singleton: attempts=3 captured=3 baseline=0 absent=0 failed=0 rejected=0 cancelled=0 in_flight=0 queue=p50=0.304ms p95=0.328ms p99=0.328ms run=p50=0.031ms p95=0.040ms p99=0.040ms
  Memory:MemoryHistory:Singleton: attempts=2 captured=2 baseline=0 absent=0 failed=0 rejected=0 cancelled=0 in_flight=0 queue=p50=0.079ms p95=0.089ms p99=0.089ms run=p50=0.008ms p95=0.011ms p99=0.011ms
  Network:NetworkHistory:Singleton: attempts=2 captured=2 baseline=0 absent=0 failed=0 rejected=0 cancelled=0 in_flight=0 queue=p50=0.019ms p95=0.038ms p99=0.038ms run=p50=0.011ms p95=0.012ms p99=0.012ms
  Network:NetworkIdentity:Singleton: attempts=1 captured=1 baseline=0 absent=0 failed=0 rejected=0 cancelled=0 in_flight=0 queue=p50=0.289ms p95=0.289ms p99=0.289ms run=p50=1.632ms p95=1.632ms p99=1.632ms
  Network:NetworkRate:Device("tun0"): attempts=4 captured=3 baseline=1 absent=0 failed=0 rejected=0 cancelled=0 in_flight=0 queue=p50=0.061ms p95=0.351ms p99=0.351ms run=p50=0.037ms p95=0.038ms p99=0.038ms
  Page:PageRender:Singleton: attempts=39 captured=13 baseline=0 absent=0 failed=0 rejected=23 cancelled=3 in_flight=0 queue=p50=0.074ms p95=21.944ms p99=32.581ms run=p50=0.719ms p95=1.321ms p99=1.410ms
timing:
  wake_lateness: p50=1.162ms p95=1.937ms p99=1.937ms
  maximum_sample_age: 3159.072ms
  first_paint_latency: p50=104.003ms p95=104.003ms p99=104.003ms
  publication_lateness: p50=1.896ms p95=2.042ms p99=2.042ms
  skipped_display_deadlines: 0
  first_paint_over_250ms: 0
  publication_over_50ms: 0
  render_display_deadline: p50=0.193ms p95=0.203ms p99=0.203ms
  render_first_paint_ready: p50=0.143ms p95=0.143ms p99=0.143ms
  render_page_changed: p50=0.005ms p95=0.005ms p99=0.005ms
  render_tooltip_activated: p50=0.009ms p95=0.009ms p99=0.009ms
  render_tooltip_refresh: p50=0.001ms p95=0.004ms p99=0.004ms
  write_time: not_applicable (runtime writes disabled)

