profile:
  duration_seconds: 4.200
  scenario: main
  process_calls: 2
  dbus_calls: 21
jobs:
  Cpu:Cpu:CpuSources { temperature: Some("/sys/class/hwmon/hwmon10/temp1_input"), frequency: Some("/sys/devices/system/cpu/cpu0/cpufreq/scaling_cur_freq"), turbo: Some("/sys/devices/system/cpu/cpufreq/boost") }: attempts=4 captured=3 baseline=1 absent=0 failed=0 rejected=0 cancelled=0 in_flight=0 queue=p50=0.117ms p95=0.221ms p99=0.221ms run=p50=0.222ms p95=0.323ms p99=0.323ms
  Cpu:CpuHistory:Singleton: attempts=2 captured=2 baseline=0 absent=0 failed=0 rejected=0 cancelled=0 in_flight=0 queue=p50=0.068ms p95=0.097ms p99=0.097ms run=p50=0.027ms p95=0.043ms p99=0.043ms
  Discovery:HardwareDiscovery:Inventory(Backlight): attempts=1 captured=1 baseline=0 absent=0 failed=0 rejected=0 cancelled=0 in_flight=0 queue=p50=0.115ms p95=0.115ms p99=0.115ms run=p50=0.071ms p95=0.071ms p99=0.071ms
  Discovery:HardwareDiscovery:Inventory(Cpu): attempts=2 captured=1 baseline=0 absent=0 failed=0 rejected=0 cancelled=1 in_flight=0 queue=p50=0.046ms p95=0.046ms p99=0.046ms run=p50=0.430ms p95=0.430ms p99=0.430ms
  Discovery:HardwareDiscovery:Inventory(DiskIo): attempts=6 captured=0 baseline=0 absent=0 failed=6 rejected=0 cancelled=0 in_flight=0 queue=p50=0.033ms p95=0.056ms p99=0.056ms run=p50=0.157ms p95=0.215ms p99=0.215ms
  Discovery:HardwareDiscovery:Inventory(Intel): attempts=1 captured=1 baseline=0 absent=0 failed=0 rejected=0 cancelled=0 in_flight=0 queue=p50=0.054ms p95=0.054ms p99=0.054ms run=p50=0.040ms p95=0.040ms p99=0.040ms
  Discovery:HardwareDiscovery:Inventory(Network): attempts=1 captured=1 baseline=0 absent=0 failed=0 rejected=0 cancelled=0 in_flight=0 queue=p50=0.027ms p95=0.027ms p99=0.027ms run=p50=1.029ms p95=1.029ms p99=1.029ms
  Discovery:HardwareDiscovery:Inventory(Nvidia): attempts=1 captured=1 baseline=0 absent=0 failed=0 rejected=0 cancelled=0 in_flight=0 queue=p50=0.041ms p95=0.041ms p99=0.041ms run=p50=0.250ms p95=0.250ms p99=0.250ms
  Discovery:HardwareDiscovery:Inventory(Peripheral): attempts=6 captured=0 baseline=0 absent=0 failed=6 rejected=0 cancelled=0 in_flight=0 queue=p50=0.027ms p95=0.037ms p99=0.037ms run=p50=0.016ms p95=0.033ms p99=0.033ms
  Discovery:HardwareDiscovery:Inventory(Smart): attempts=6 captured=0 baseline=0 absent=0 failed=6 rejected=0 cancelled=0 in_flight=0 queue=p50=0.040ms p95=0.094ms p99=0.094ms run=p50=0.021ms p95=0.043ms p99=0.043ms
  Discovery:HardwareDiscovery:Inventory(SystemBattery): attempts=6 captured=0 baseline=0 absent=0 failed=6 rejected=0 cancelled=0 in_flight=0 queue=p50=0.083ms p95=0.096ms p99=0.096ms run=p50=0.043ms p95=0.103ms p99=0.103ms
  Discovery:HardwareDiscovery:Inventory(Thermal): attempts=1 captured=1 baseline=0 absent=0 failed=0 rejected=0 cancelled=0 in_flight=0 queue=p50=0.035ms p95=0.035ms p99=0.035ms run=p50=0.417ms p95=0.417ms p99=0.417ms
  Discovery:MountInventory:Singleton: attempts=3 captured=3 baseline=0 absent=0 failed=0 rejected=0 cancelled=0 in_flight=0 queue=p50=0.135ms p95=23.696ms p99=23.696ms run=p50=0.183ms p95=0.213ms p99=0.213ms
  Disk:DiskTemperature:NamedPath { name: "nvme0n1", path: "/sys/class/hwmon/hwmon6/temp1_input" }: attempts=1 captured=1 baseline=0 absent=0 failed=0 rejected=0 cancelled=0 in_flight=0 queue=p50=0.035ms p95=0.035ms p99=0.035ms run=p50=12.128ms p95=12.128ms p99=12.128ms
  Disk:DiskTemperature:NamedPath { name: "nvme1n1", path: "/sys/class/hwmon/hwmon5/temp1_input" }: attempts=1 captured=1 baseline=0 absent=0 failed=0 rejected=0 cancelled=0 in_flight=0 queue=p50=0.030ms p95=0.030ms p99=0.030ms run=p50=1.111ms p95=1.111ms p99=1.111ms
  Disk:DiskUsage:Mount("/"): attempts=4 captured=3 baseline=0 absent=0 failed=0 rejected=0 cancelled=1 in_flight=0 queue=p50=0.374ms p95=2.018ms p99=2.018ms run=p50=0.030ms p95=0.043ms p99=0.043ms
  Disk:DiskUsage:Mount("/run/media/bogdan/Q_16"): attempts=3 captured=3 baseline=0 absent=0 failed=0 rejected=0 cancelled=0 in_flight=0 queue=p50=0.050ms p95=0.092ms p99=0.092ms run=p50=0.068ms p95=0.083ms p99=0.083ms
  Disk:DiskUsage:Mount("/run/media/bogdan/R_14"): attempts=3 captured=3 baseline=0 absent=0 failed=0 rejected=0 cancelled=0 in_flight=0 queue=p50=0.033ms p95=13.806ms p99=13.806ms run=p50=0.028ms p95=0.072ms p99=0.072ms
  Disk:DiskUsage:Mount("/run/media/bogdan/T_01"): attempts=3 captured=3 baseline=0 absent=0 failed=0 rejected=0 cancelled=0 in_flight=0 queue=p50=1.021ms p95=9.842ms p99=9.842ms run=p50=0.043ms p95=0.077ms p99=0.077ms
  External:Brightness:Singleton: attempts=6 captured=0 baseline=0 absent=0 failed=6 rejected=0 cancelled=0 in_flight=0 queue=p50=0.081ms p95=0.355ms p99=0.355ms run=p50=0.076ms p95=0.097ms p99=0.097ms
  Memory:Memory:Singleton: attempts=3 captured=3 baseline=0 absent=0 failed=0 rejected=0 cancelled=0 in_flight=0 queue=p50=0.358ms p95=0.459ms p99=0.459ms run=p50=0.038ms p95=0.065ms p99=0.065ms
  Network:NetworkIdentity:Singleton: attempts=1 captured=1 baseline=0 absent=0 failed=0 rejected=0 cancelled=0 in_flight=0 queue=p50=0.319ms p95=0.319ms p99=0.319ms run=p50=1.563ms p95=1.563ms p99=1.563ms
  Network:NetworkRate:Device("tun0"): attempts=4 captured=3 baseline=1 absent=0 failed=0 rejected=0 cancelled=0 in_flight=0 queue=p50=0.043ms p95=0.501ms p99=0.501ms run=p50=0.049ms p95=0.052ms p99=0.052ms
timing:
  wake_lateness: p50=0.958ms p95=1.803ms p99=1.803ms
  maximum_sample_age: 2997.886ms
  first_paint_latency: p50=120.114ms p95=120.114ms p99=120.114ms
  publication_lateness: p50=1.495ms p95=1.947ms p99=1.947ms
  skipped_display_deadlines: 0
  first_paint_over_250ms: 0
  publication_over_50ms: 0
  render_display_deadline: p50=0.310ms p95=0.497ms p99=0.497ms
  render_first_paint_ready: p50=0.255ms p95=0.255ms p99=0.255ms
  render_tooltip_activated: p50=0.068ms p95=0.068ms p99=0.068ms
  render_tooltip_refresh: p50=0.111ms p95=0.111ms p99=0.111ms
  write_time: not_applicable (runtime writes disabled)

